ARM Linker, 5.03 [Build 76] [MDK-ARM Lite]

==============================================================================

Section Cross References

    freertos_demo.o(i.ConfigureUART) refers to uart.o(i.UARTClockSourceSet) for UARTClockSourceSet
    freertos_demo.o(i.ConfigureUART) refers to uartstdio.o(i.UARTStdioConfig) for UARTStdioConfig
    freertos_demo.o(i.Limit_Handler) refers to tasks.o(i.xTaskGetTickCountFromISR) for xTaskGetTickCountFromISR
    freertos_demo.o(i.Limit_Handler) refers to uartstdio.o(i.UARTprintf) for UARTprintf
    freertos_demo.o(i.Limit_Handler) refers to gpio.o(i.GPIOIntStatus) for GPIOIntStatus
    freertos_demo.o(i.Limit_Handler) refers to queue.o(i.xQueueGenericSendFromISR) for xQueueGenericSendFromISR
    freertos_demo.o(i.Limit_Handler) refers to gpio.o(i.GPIOIntClear) for GPIOIntClear
    freertos_demo.o(i.Limit_Handler) refers to freertos_demo.o(.data) for .data
    freertos_demo.o(i.Window_Down) refers to output_ports.o(i.turnLeft) for turnLeft
    freertos_demo.o(i.Window_Handler) refers to tasks.o(i.xTaskGetTickCountFromISR) for xTaskGetTickCountFromISR
    freertos_demo.o(i.Window_Handler) refers to uartstdio.o(i.UARTprintf) for UARTprintf
    freertos_demo.o(i.Window_Handler) refers to gpio.o(i.GPIOIntStatus) for GPIOIntStatus
    freertos_demo.o(i.Window_Handler) refers to queue.o(i.xQueueGenericSendFromISR) for xQueueGenericSendFromISR
    freertos_demo.o(i.Window_Handler) refers to gpio.o(i.GPIOIntClear) for GPIOIntClear
    freertos_demo.o(i.Window_Handler) refers to freertos_demo.o(.data) for .data
    freertos_demo.o(i.Window_Stop) refers to output_ports.o(i.fastStop) for fastStop
    freertos_demo.o(i.Window_Up) refers to output_ports.o(i.turnRight) for turnRight
    freertos_demo.o(i.main) refers to queue.o(i.xQueueGenericCreate) for xQueueGenericCreate
    freertos_demo.o(i.main) refers to queue.o(i.xQueueGenericSend) for xQueueGenericSend
    freertos_demo.o(i.main) refers to tasks.o(i.xTaskGenericCreate) for xTaskGenericCreate
    freertos_demo.o(i.main) refers to freertos_demo.o(i.ConfigureUART) for ConfigureUART
    freertos_demo.o(i.main) refers to uartstdio.o(i.UARTprintf) for UARTprintf
    freertos_demo.o(i.main) refers to inputs.o(i.init_input) for init_input
    freertos_demo.o(i.main) refers to output_ports.o(i.init_output) for init_output
    freertos_demo.o(i.main) refers to inputs.o(i.porta_int) for porta_int
    freertos_demo.o(i.main) refers to inputs.o(i.portc_int) for portc_int
    freertos_demo.o(i.main) refers to tasks.o(i.vTaskStartScheduler) for vTaskStartScheduler
    freertos_demo.o(i.main) refers to statemachinesfunctions.o(i.safeSM) for safeSM
    freertos_demo.o(i.main) refers to freertos_demo.o(.bss) for .bss
    freertos_demo.o(i.main) refers to statemachinesfunctions.o(i.driverNeutralSM) for driverNeutralSM
    freertos_demo.o(i.main) refers to statemachinesfunctions.o(i.passengerDownSM) for passengerDownSM
    freertos_demo.o(i.main) refers to statemachinesfunctions.o(i.passengerUpSM) for passengerUpSM
    freertos_demo.o(i.main) refers to statemachinesfunctions.o(i.driverDownSM) for driverDownSM
    freertos_demo.o(i.main) refers to statemachinesfunctions.o(i.driverUpSM) for driverUpSM
    freertos_demo.o(i.main) refers to statemachinesfunctions.o(i.passengerNeutralSM) for passengerNeutralSM
    freertos_demo.o(i.main) refers to statemachinesfunctions.o(i.iniPassengerDownSM) for iniPassengerDownSM
    freertos_demo.o(i.main) refers to statemachinesfunctions.o(i.manualPassengerDownSM) for manualPassengerDownSM
    freertos_demo.o(i.main) refers to statemachinesfunctions.o(i.manualPassengerUpSM) for manualPassengerUpSM
    freertos_demo.o(i.main) refers to statemachinesfunctions.o(i.iniDriverDownSM) for iniDriverDownSM
    freertos_demo.o(i.main) refers to statemachinesfunctions.o(i.manualDriverDownSM) for manualDriverDownSM
    freertos_demo.o(i.main) refers to statemachinesfunctions.o(i.iniDriverUpSM) for iniDriverUpSM
    freertos_demo.o(i.main) refers to statemachinesfunctions.o(i.manualDriverUpSM) for manualDriverUpSM
    freertos_demo.o(i.main) refers to statemachinesfunctions.o(i.emergencyDownSM) for emergencyDownSM
    freertos_demo.o(i.main) refers to statemachinesfunctions.o(i.autoDriverUpSM) for autoDriverUpSM
    freertos_demo.o(i.main) refers to statemachinesfunctions.o(i.autoDriverDownSM) for autoDriverDownSM
    freertos_demo.o(i.main) refers to statemachinesfunctions.o(i.autoPassengerUpSM) for autoPassengerUpSM
    freertos_demo.o(i.main) refers to statemachinesfunctions.o(i.autoPassengerDownSM) for autoPassengerDownSM
    freertos_demo.o(i.main) refers to statemachinesfunctions.o(i.dyingSM) for dyingSM
    freertos_demo.o(i.main) refers to statemachinesfunctions.o(i.deadSM) for deadSM
    freertos_demo.o(i.main) refers to freertos_demo.o(.data) for .data
    freertos_demo.o(i.main) refers to taskhandlers.o(i.vTurnRightHandlerTask) for vTurnRightHandlerTask
[...]
    tasks.o(i.xTaskIncrementTick) refers to list.o(i.vListInsertEnd) for vListInsertEnd
    tasks.o(i.xTaskIncrementTick) refers to tasks.o(.data) for .data
    tasks.o(i.xTaskIncrementTick) refers to tasks.o(.bss) for .bss
    tasks.o(i.xTaskNotifyStateClear) refers to port.o(i.vPortEnterCritical) for vPortEnterCritical
    tasks.o(i.xTaskNotifyStateClear) refers to port.o(i.vPortExitCritical) for vPortExitCritical
    tasks.o(i.xTaskNotifyStateClear) refers to tasks.o(.data) for .data
    tasks.o(i.xTaskNotifyWait) refers to port.o(i.vPortEnterCritical) for vPortEnterCritical
    tasks.o(i.xTaskNotifyWait) refers to list.o(i.uxListRemove) for uxListRemove
    tasks.o(i.xTaskNotifyWait) refers to tasks.o(i.prvAddCurrentTaskToDelayedList) for prvAddCurrentTaskToDelayedList
    tasks.o(i.xTaskNotifyWait) refers to port.o(i.vPortExitCritical) for vPortExitCritical
    tasks.o(i.xTaskNotifyWait) refers to list.o(i.vListInsertEnd) for vListInsertEnd
    tasks.o(i.xTaskNotifyWait) refers to tasks.o(.data) for .data
    tasks.o(i.xTaskNotifyWait) refers to tasks.o(.bss) for .bss
    tasks.o(i.xTaskPriorityDisinherit) refers to list.o(i.uxListRemove) for uxListRemove
    tasks.o(i.xTaskPriorityDisinherit) refers to list.o(i.vListInsertEnd) for vListInsertEnd
    tasks.o(i.xTaskPriorityDisinherit) refers to tasks.o(.bss) for .bss
    tasks.o(i.xTaskPriorityDisinherit) refers to tasks.o(.data) for .data
    tasks.o(i.xTaskRemoveFromEventList) refers to list.o(i.uxListRemove) for uxListRemove
    tasks.o(i.xTaskRemoveFromEventList) refers to list.o(i.vListInsertEnd) for vListInsertEnd
    tasks.o(i.xTaskRemoveFromEventList) refers to tasks.o(.data) for .data
    tasks.o(i.xTaskRemoveFromEventList) refers to tasks.o(.bss) for .bss
    tasks.o(i.xTaskRemoveFromUnorderedEventList) refers to list.o(i.uxListRemove) for uxListRemove
    tasks.o(i.xTaskRemoveFromUnorderedEventList) refers to list.o(i.vListInsertEnd) for vListInsertEnd
    tasks.o(i.xTaskRemoveFromUnorderedEventList) refers to tasks.o(.data) for .data
    tasks.o(i.xTaskRemoveFromUnorderedEventList) refers to tasks.o(.bss) for .bss
    tasks.o(i.xTaskResumeAll) refers to port.o(i.vPortEnterCritical) for vPortEnterCritical
    tasks.o(i.xTaskResumeAll) refers to list.o(i.uxListRemove) for uxListRemove
    tasks.o(i.xTaskResumeAll) refers to list.o(i.vListInsertEnd) for vListInsertEnd
    tasks.o(i.xTaskResumeAll) refers to tasks.o(i.xTaskIncrementTick) for xTaskIncrementTick
    tasks.o(i.xTaskResumeAll) refers to port.o(i.vPortExitCritical) for vPortExitCritical
    tasks.o(i.xTaskResumeAll) refers to tasks.o(.data) for .data
    tasks.o(i.xTaskResumeAll) refers to tasks.o(.bss) for .bss
    tasks.o(i.xTaskResumeFromISR) refers to tasks.o(i.prvTaskIsTaskSuspended) for prvTaskIsTaskSuspended
    tasks.o(i.xTaskResumeFromISR) refers to list.o(i.uxListRemove) for uxListRemove
    tasks.o(i.xTaskResumeFromISR) refers to list.o(i.vListInsertEnd) for vListInsertEnd
    tasks.o(i.xTaskResumeFromISR) refers to tasks.o(.data) for .data
    tasks.o(i.xTaskResumeFromISR) refers to tasks.o(.bss) for .bss
    uartstdio.o(i.UARTStdioConfig) refers to uartstdio.o(.constdata) for .constdata
    uartstdio.o(i.UARTStdioConfig) refers to uartstdio.o(.data) for .data
    uartstdio.o(i.UARTgetc) refers to uartstdio.o(.data) for .data
    uartstdio.o(i.UARTgets) refers to uartstdio.o(i.UARTwrite) for UARTwrite
    uartstdio.o(i.UARTgets) refers to uartstdio.o(.data) for .data
    uartstdio.o(i.UARTprintf) refers to uartstdio.o(i.UARTvprintf) for UARTvprintf
    uartstdio.o(i.UARTvprintf) refers to uartstdio.o(i.UARTwrite) for UARTwrite
    uartstdio.o(i.UARTvprintf) refers to uartstdio.o(.constdata) for .constdata
    uartstdio.o(i.UARTwrite) refers to uartstdio.o(.data) for .data
    uartstdio.o(.constdata) refers to uartstdio.o(.conststring) for .conststring
    ustdlib.o(i.ulocaltime) refers to ustdlib.o(.constdata) for .constdata
    ustdlib.o(i.umktime) refers to ustdlib.o(i.ulocaltime) for ulocaltime
    ustdlib.o(i.umktime) refers to ustdlib.o(i.ucmptime) for ucmptime
    ustdlib.o(i.urand) refers to ustdlib.o(.data) for .data
    ustdlib.o(i.usnprintf) refers to ustdlib.o(i.uvsnprintf) for uvsnprintf
    ustdlib.o(i.usprintf) refers to ustdlib.o(i.uvsnprintf) for uvsnprintf
    ustdlib.o(i.usrand) refers to ustdlib.o(.data) for .data
    ustdlib.o(i.ustrcasecmp) refers to ustdlib.o(i.ustrncasecmp) for ustrncasecmp
    ustdlib.o(i.ustrcmp) refers to ustdlib.o(i.ustrncmp) for ustrncmp
    ustdlib.o(i.ustrstr) refers to ustdlib.o(i.ustrlen) for ustrlen
    ustdlib.o(i.ustrstr) refers to ustdlib.o(i.ustrncmp) for ustrncmp
    ustdlib.o(i.ustrtof) refers to ustdlib.o(.constdata) for .constdata
    ustdlib.o(i.uvsnprintf) refers to ustdlib.o(i.ustrncpy) for ustrncpy
    ustdlib.o(i.uvsnprintf) refers to ustdlib.o(.constdata) for .constdata
    ustdlib.o(.constdata) refers to ustdlib.o(.conststring) for .conststring
    inputs.o(i.init_input) refers to sysctl.o(i.SysCtlPeripheralEnable) for SysCtlPeripheralEnable
    inputs.o(i.init_input) refers to sysctl.o(i.SysCtlPeripheralReady) for SysCtlPeripheralReady
    inputs.o(i.init_input) refers to gpio.o(i.GPIOPinTypeGPIOInput) for GPIOPinTypeGPIOInput
    inputs.o(i.porta_int) refers to gpio.o(i.GPIOIntDisable) for GPIOIntDisable
    inputs.o(i.porta_int) refers to gpio.o(i.GPIOIntClear) for GPIOIntClear
    inputs.o(i.porta_int) refers to gpio.o(i.GPIOIntRegister) for GPIOIntRegister
    inputs.o(i.porta_int) refers to gpio.o(i.GPIOIntTypeSet) for GPIOIntTypeSet
    inputs.o(i.porta_int) refers to gpio.o(i.GPIOIntEnable) for GPIOIntEnable
    inputs.o(i.portc_int) refers to gpio.o(i.GPIOIntDisable) for GPIOIntDisable
    inputs.o(i.portc_int) refers to gpio.o(i.GPIOIntClear) for GPIOIntClear
    inputs.o(i.portc_int) refers to gpio.o(i.GPIOIntRegister) for GPIOIntRegister
    inputs.o(i.portc_int) refers to gpio.o(i.GPIOIntTypeSet) for GPIOIntTypeSet
    inputs.o(i.portc_int) refers to gpio.o(i.GPIOIntEnable) for GPIOIntEnable
    inputs.o(i.portf_int) refers to gpio.o(i.GPIOIntDisable) for GPIOIntDisable
    inputs.o(i.portf_int) refers to gpio.o(i.GPIOIntClear) for GPIOIntClear
    inputs.o(i.portf_int) refers to gpio.o(i.GPIOIntRegister) for GPIOIntRegister
    inputs.o(i.portf_int) refers to gpio.o(i.GPIOIntTypeSet) for GPIOIntTypeSet
    inputs.o(i.portf_int) refers to gpio.o(i.GPIOIntEnable) for GPIOIntEnable
    output_ports.o(i.disable) refers to gpio.o(i.GPIOPinWrite) for GPIOPinWrite
    output_ports.o(i.enable) refers to gpio.o(i.GPIOPinWrite) for GPIOPinWrite
    output_ports.o(i.fastStop) refers to output_ports.o(i.enable) for enable
    output_ports.o(i.fastStop) refers to gpio.o(i.GPIOPinWrite) for GPIOPinWrite
    output_ports.o(i.init_output) refers to gpio.o(i.GPIOPinTypeGPIOOutput) for GPIOPinTypeGPIOOutput
    output_ports.o(i.init_output) refers to gpio.o(i.GPIOPinWrite) for GPIOPinWrite
    output_ports.o(i.turnLeft) refers to output_ports.o(i.enable) for enable
    output_ports.o(i.turnLeft) refers to gpio.o(i.GPIOPinWrite) for GPIOPinWrite
    output_ports.o(i.turnRight) refers to output_ports.o(i.enable) for enable
    output_ports.o(i.turnRight) refers to gpio.o(i.GPIOPinWrite) for GPIOPinWrite
    taskhandlers.o(i.vFastStopHandlerTask) refers to queue.o(i.xQueueGenericReceive) for xQueueGenericReceive
    taskhandlers.o(i.vFastStopHandlerTask) refers to output_ports.o(i.fastStop) for fastStop
    taskhandlers.o(i.vFastStopHandlerTask) refers to freertos_demo.o(.data) for xFastStopSemaphore
    taskhandlers.o(i.vMainHandlerTask) refers to queue.o(i.xQueueGenericReceive) for xQueueGenericReceive
    taskhandlers.o(i.vMainHandlerTask) refers to freertos_demo.o(.data) for eventQueue
    taskhandlers.o(i.vMainHandlerTask) refers to statemachinesfunctions.o(.data) for state
    taskhandlers.o(i.vMainHandlerTask) refers to freertos_demo.o(.bss) for stateMachines
    taskhandlers.o(i.vTurnLeftHandlerTask) refers to queue.o(i.xQueueGenericReceive) for xQueueGenericReceive
    taskhandlers.o(i.vTurnLeftHandlerTask) refers to output_ports.o(i.turnLeft) for turnLeft
    taskhandlers.o(i.vTurnLeftHandlerTask) refers to freertos_demo.o(.data) for xTurnLeftSemaphore
    taskhandlers.o(i.vTurnRightHandlerTask) refers to queue.o(i.xQueueGenericReceive) for xQueueGenericReceive
    taskhandlers.o(i.vTurnRightHandlerTask) refers to output_ports.o(i.turnRight) for turnRight
    taskhandlers.o(i.vTurnRightHandlerTask) refers to freertos_demo.o(.data) for xTurnRightSemaphore
    statemachinesfunctions.o(i.deadSM) refers to statemachinesfunctions.o(.data) for .data
    statemachinesfunctions.o(i.driverDownSM) refers to queue.o(i.xQueueGenericSend) for xQueueGenericSend
    statemachinesfunctions.o(i.driverDownSM) refers to statemachinesfunctions.o(.data) for .data
    statemachinesfunctions.o(i.driverDownSM) refers to freertos_demo.o(.bss) for stateMachines
    statemachinesfunctions.o(i.driverDownSM) refers to freertos_demo.o(.data) for xTurnRightSemaphore
    statemachinesfunctions.o(i.driverNeutralSM) refers to queue.o(i.xQueueGenericSend) for xQueueGenericSend
    statemachinesfunctions.o(i.driverNeutralSM) refers to statemachinesfunctions.o(.data) for .data
    statemachinesfunctions.o(i.driverNeutralSM) refers to freertos_demo.o(.bss) for stateMachines
    statemachinesfunctions.o(i.driverNeutralSM) refers to freertos_demo.o(.data) for xTurnRightSemaphore
    statemachinesfunctions.o(i.driverUpSM) refers to queue.o(i.xQueueGenericSend) for xQueueGenericSend
    statemachinesfunctions.o(i.driverUpSM) refers to freertos_demo.o(.data) for xTurnLeftSemaphore
    statemachinesfunctions.o(i.driverUpSM) refers to statemachinesfunctions.o(.data) for .data
    statemachinesfunctions.o(i.driverUpSM) refers to freertos_demo.o(.bss) for stateMachines
    statemachinesfunctions.o(i.dyingSM) refers to statemachinesfunctions.o(.data) for .data
    statemachinesfunctions.o(i.emergencyDownSM) refers to queue.o(i.xQueueGenericSend) for xQueueGenericSend
    statemachinesfunctions.o(i.emergencyDownSM) refers to freertos_demo.o(.data) for xFastStopSemaphore
    statemachinesfunctions.o(i.emergencyDownSM) refers to statemachinesfunctions.o(.data) for .data
    statemachinesfunctions.o(i.iniDriverDownSM) refers to statemachinesfunctions.o(.data) for .data
    statemachinesfunctions.o(i.iniDriverUpSM) refers to statemachinesfunctions.o(.data) for .data
    statemachinesfunctions.o(i.iniPassengerDownSM) refers to statemachinesfunctions.o(.data) for .data
    statemachinesfunctions.o(i.iniPassengerUpSM) refers to statemachinesfunctions.o(.data) for .data
    statemachinesfunctions.o(i.manualDriverDownSM) refers to queue.o(i.xQueueGenericSend) for xQueueGenericSend
    statemachinesfunctions.o(i.manualDriverDownSM) refers to freertos_demo.o(.data) for xFastStopSemaphore
    statemachinesfunctions.o(i.manualDriverDownSM) refers to statemachinesfunctions.o(.data) for .data
    statemachinesfunctions.o(i.manualDriverUpSM) refers to queue.o(i.xQueueGenericSend) for xQueueGenericSend
    statemachinesfunctions.o(i.manualDriverUpSM) refers to freertos_demo.o(.data) for xFastStopSemaphore
    statemachinesfunctions.o(i.manualDriverUpSM) refers to statemachinesfunctions.o(.data) for .data
    statemachinesfunctions.o(i.manualPassengerDownSM) refers to queue.o(i.xQueueGenericSend) for xQueueGenericSend
    statemachinesfunctions.o(i.manualPassengerDownSM) refers to freertos_demo.o(.data) for xFastStopSemaphore
    statemachinesfunctions.o(i.manualPassengerDownSM) refers to statemachinesfunctions.o(.data) for .data
    statemachinesfunctions.o(i.manualPassengerUpSM) refers to queue.o(i.xQueueGenericSend) for xQueueGenericSend
    statemachinesfunctions.o(i.manualPassengerUpSM) refers to freertos_demo.o(.data) for xFastStopSemaphore
    statemachinesfunctions.o(i.manualPassengerUpSM) refers to statemachinesfunctions.o(.data) for .data
    statemachinesfunctions.o(i.passengerDownSM) refers to queue.o(i.xQueueGenericSend) for xQueueGenericSend
    statemachinesfunctions.o(i.passengerDownSM) refers to statemachinesfunctions.o(.data) for .data
    statemachinesfunctions.o(i.passengerDownSM) refers to freertos_demo.o(.bss) for stateMachines
    statemachinesfunctions.o(i.passengerDownSM) refers to freertos_demo.o(.data) for xFastStopSemaphore
    statemachinesfunctions.o(i.passengerNeutralSM) refers to queue.o(i.xQueueGenericSend) for xQueueGenericSend
    statemachinesfunctions.o(i.passengerNeutralSM) refers to statemachinesfunctions.o(.data) for .data
    statemachinesfunctions.o(i.passengerNeutralSM) refers to freertos_demo.o(.data) for xTurnLeftSemaphore
    statemachinesfunctions.o(i.passengerUpSM) refers to queue.o(i.xQueueGenericSend) for xQueueGenericSend
    statemachinesfunctions.o(i.passengerUpSM) refers to statemachinesfunctions.o(.data) for .data
    statemachinesfunctions.o(i.passengerUpSM) refers to freertos_demo.o(.bss) for stateMachines
    statemachinesfunctions.o(i.passengerUpSM) refers to freertos_demo.o(.data) for xFastStopSemaphore
    statemachinesfunctions.o(i.safeSM) refers to statemachinesfunctions.o(.data) for .data
    statemachinesfunctions.o(i.safeSM) refers to freertos_demo.o(.bss) for stateMachines
    gpio.o(i.GPIOIntRegister) refers to gpio.o(i._GPIOIntNumberGet) for _GPIOIntNumberGet
    gpio.o(i.GPIOIntRegister) refers to interrupt.o(i.IntRegister) for IntRegister
    gpio.o(i.GPIOIntRegister) refers to interrupt.o(i.IntEnable) for IntEnable
    gpio.o(i.GPIOIntRegisterPin) refers to gpio.o(i._GPIOIntNumberGet) for _GPIOIntNumberGet
    gpio.o(i.GPIOIntRegisterPin) refers to interrupt.o(i.IntRegister) for IntRegister
    gpio.o(i.GPIOIntRegisterPin) refers to interrupt.o(i.IntEnable) for IntEnable
    gpio.o(i.GPIOIntUnregister) refers to gpio.o(i._GPIOIntNumberGet) for _GPIOIntNumberGet
    gpio.o(i.GPIOIntUnregister) refers to interrupt.o(i.IntDisable) for IntDisable
    gpio.o(i.GPIOIntUnregister) refers to interrupt.o(i.IntUnregister) for IntUnregister
    gpio.o(i.GPIOIntUnregisterPin) refers to gpio.o(i._GPIOIntNumberGet) for _GPIOIntNumberGet
    gpio.o(i.GPIOIntUnregisterPin) refers to interrupt.o(i.IntDisable) for IntDisable
    gpio.o(i.GPIOIntUnregisterPin) refers to interrupt.o(i.IntUnregister) for IntUnregister
    gpio.o(i.GPIOPinConfigure) refers to gpio.o(.constdata) for .constdata
    gpio.o(i.GPIOPinTypeADC) refers to gpio.o(i.GPIODirModeSet) for GPIODirModeSet
    gpio.o(i.GPIOPinTypeADC) refers to gpio.o(i.GPIOPadConfigSet) for GPIOPadConfigSet
    gpio.o(i.GPIOPinTypeCAN) refers to gpio.o(i.GPIODirModeSet) for GPIODirModeSet
    gpio.o(i.GPIOPinTypeCAN) refers to gpio.o(i.GPIOPadConfigSet) for GPIOPadConfigSet
    gpio.o(i.GPIOPinTypeComparator) refers to gpio.o(i.GPIODirModeSet) for GPIODirModeSet
    gpio.o(i.GPIOPinTypeComparator) refers to gpio.o(i.GPIOPadConfigSet) for GPIOPadConfigSet
    gpio.o(i.GPIOPinTypeComparatorOutput) refers to gpio.o(i.GPIODirModeSet) for GPIODirModeSet
    gpio.o(i.GPIOPinTypeComparatorOutput) refers to gpio.o(i.GPIOPadConfigSet) for GPIOPadConfigSet
    gpio.o(i.GPIOPinTypeDIVSCLK) refers to gpio.o(i.GPIODirModeSet) for GPIODirModeSet
    gpio.o(i.GPIOPinTypeDIVSCLK) refers to gpio.o(i.GPIOPadConfigSet) for GPIOPadConfigSet
    gpio.o(i.GPIOPinTypeEPI) refers to gpio.o(i.GPIODirModeSet) for GPIODirModeSet
    gpio.o(i.GPIOPinTypeEPI) refers to gpio.o(i.GPIOPadConfigSet) for GPIOPadConfigSet
    gpio.o(i.GPIOPinTypeEthernetLED) refers to gpio.o(i.GPIODirModeSet) for GPIODirModeSet
    gpio.o(i.GPIOPinTypeEthernetLED) refers to gpio.o(i.GPIOPadConfigSet) for GPIOPadConfigSet
    gpio.o(i.GPIOPinTypeEthernetMII) refers to gpio.o(i.GPIODirModeSet) for GPIODirModeSet
    gpio.o(i.GPIOPinTypeEthernetMII) refers to gpio.o(i.GPIOPadConfigSet) for GPIOPadConfigSet
    gpio.o(i.GPIOPinTypeGPIOInput) refers to gpio.o(i.GPIODirModeSet) for GPIODirModeSet
    gpio.o(i.GPIOPinTypeGPIOInput) refers to gpio.o(i.GPIOPadConfigSet) for GPIOPadConfigSet
    gpio.o(i.GPIOPinTypeGPIOOutput) refers to gpio.o(i.GPIOPadConfigSet) for GPIOPadConfigSet
    gpio.o(i.GPIOPinTypeGPIOOutput) refers to gpio.o(i.GPIODirModeSet) for GPIODirModeSet
    gpio.o(i.GPIOPinTypeGPIOOutputOD) refers to gpio.o(i.GPIOPadConfigSet) for GPIOPadConfigSet
    gpio.o(i.GPIOPinTypeGPIOOutputOD) refers to gpio.o(i.GPIODirModeSet) for GPIODirModeSet
    gpio.o(i.GPIOPinTypeHibernateRTCCLK) refers to gpio.o(i.GPIODirModeSet) for GPIODirModeSet
    gpio.o(i.GPIOPinTypeHibernateRTCCLK) refers to gpio.o(i.GPIOPadConfigSet) for GPIOPadConfigSet
    gpio.o(i.GPIOPinTypeI2C) refers to gpio.o(i.GPIODirModeSet) for GPIODirModeSet
    gpio.o(i.GPIOPinTypeI2C) refers to gpio.o(i.GPIOPadConfigSet) for GPIOPadConfigSet
    gpio.o(i.GPIOPinTypeI2CSCL) refers to gpio.o(i.GPIODirModeSet) for GPIODirModeSet
    gpio.o(i.GPIOPinTypeI2CSCL) refers to gpio.o(i.GPIOPadConfigSet) for GPIOPadConfigSet
    gpio.o(i.GPIOPinTypeLCD) refers to gpio.o(i.GPIODirModeSet) for GPIODirModeSet
    gpio.o(i.GPIOPinTypeLCD) refers to gpio.o(i.GPIOPadConfigSet) for GPIOPadConfigSet
    gpio.o(i.GPIOPinTypeOneWire) refers to gpio.o(i.GPIODirModeSet) for GPIODirModeSet
    gpio.o(i.GPIOPinTypeOneWire) refers to gpio.o(i.GPIOPadConfigSet) for GPIOPadConfigSet
    gpio.o(i.GPIOPinTypePWM) refers to gpio.o(i.GPIODirModeSet) for GPIODirModeSet
    gpio.o(i.GPIOPinTypePWM) refers to gpio.o(i.GPIOPadConfigSet) for GPIOPadConfigSet
    gpio.o(i.GPIOPinTypeQEI) refers to gpio.o(i.GPIODirModeSet) for GPIODirModeSet
    gpio.o(i.GPIOPinTypeQEI) refers to gpio.o(i.GPIOPadConfigSet) for GPIOPadConfigSet
    gpio.o(i.GPIOPinTypeSSI) refers to gpio.o(i.GPIODirModeSet) for GPIODirModeSet
    gpio.o(i.GPIOPinTypeSSI) refers to gpio.o(i.GPIOPadConfigSet) for GPIOPadConfigSet
    gpio.o(i.GPIOPinTypeTimer) refers to gpio.o(i.GPIODirModeSet) for GPIODirModeSet
    gpio.o(i.GPIOPinTypeTimer) refers to gpio.o(i.GPIOPadConfigSet) for GPIOPadConfigSet
    gpio.o(i.GPIOPinTypeTrace) refers to gpio.o(i.GPIODirModeSet) for GPIODirModeSet
    gpio.o(i.GPIOPinTypeTrace) refers to gpio.o(i.GPIOPadConfigSet) for GPIOPadConfigSet
    gpio.o(i.GPIOPinTypeUART) refers to gpio.o(i.GPIODirModeSet) for GPIODirModeSet
    gpio.o(i.GPIOPinTypeUART) refers to gpio.o(i.GPIOPadConfigSet) for GPIOPadConfigSet
    gpio.o(i.GPIOPinTypeUSBAnalog) refers to gpio.o(i.GPIODirModeSet) for GPIODirModeSet
    gpio.o(i.GPIOPinTypeUSBAnalog) refers to gpio.o(i.GPIOPadConfigSet) for GPIOPadConfigSet
    gpio.o(i.GPIOPinTypeUSBDigital) refers to gpio.o(i.GPIODirModeSet) for GPIODirModeSet
    gpio.o(i.GPIOPinTypeUSBDigital) refers to gpio.o(i.GPIOPadConfigSet) for GPIOPadConfigSet
    gpio.o(i.GPIOPinTypeWakeHigh) refers to gpio.o(i.GPIODirModeSet) for GPIODirModeSet
    gpio.o(i.GPIOPinTypeWakeHigh) refers to gpio.o(i.GPIOPadConfigSet) for GPIOPadConfigSet
    gpio.o(i.GPIOPinTypeWakeLow) refers to gpio.o(i.GPIODirModeSet) for GPIODirModeSet
    gpio.o(i.GPIOPinTypeWakeLow) refers to gpio.o(i.GPIOPadConfigSet) for GPIOPadConfigSet
    gpio.o(i._GPIOIntNumberGet) refers to gpio.o(.constdata) for .constdata
    sysctl.o(i.SysCtlClockFreqSet) refers to sysctl.o(.constdata) for .constdata
    sysctl.o(i.SysCtlClockGet) refers to sysctl.o(.constdata) for .constdata
    sysctl.o(i.SysCtlClockSet) refers to sysctl.o(.emb_text) for SysCtlDelay
    sysctl.o(i.SysCtlDeepSleep) refers to cpu.o(.emb_text) for CPUwfi
    sysctl.o(i.SysCtlIntRegister) refers to interrupt.o(i.IntRegister) for IntRegister
    sysctl.o(i.SysCtlIntRegister) refers to interrupt.o(i.IntEnable) for IntEnable
    sysctl.o(i.SysCtlIntUnregister) refers to interrupt.o(i.IntDisable) for IntDisable
    sysctl.o(i.SysCtlIntUnregister) refers to interrupt.o(i.IntUnregister) for IntUnregister
    sysctl.o(i.SysCtlSleep) refers to cpu.o(.emb_text) for CPUwfi
    sysctl.o(i.SysCtlVCOGet) refers to sysctl.o(.constdata) for .constdata
    uart.o(i.UARTIntRegister) refers to interrupt.o(i.IntRegister) for IntRegister
    uart.o(i.UARTIntRegister) refers to interrupt.o(i.IntEnable) for IntEnable
    uart.o(i.UARTIntRegister) refers to uart.o(.constdata) for .constdata
    uart.o(i.UARTIntUnregister) refers to interrupt.o(i.IntDisable) for IntDisable
    uart.o(i.UARTIntUnregister) refers to interrupt.o(i.IntUnregister) for IntUnregister
    uart.o(i.UARTIntUnregister) refers to uart.o(.constdata) for .constdata
    interrupt.o(i.IntDisable) refers to interrupt.o(.constdata) for .constdata
    interrupt.o(i.IntEnable) refers to interrupt.o(.constdata) for .constdata
    interrupt.o(i.IntIsEnabled) refers to interrupt.o(.constdata) for .constdata
    interrupt.o(i.IntMasterDisable) refers to cpu.o(.emb_text) for CPUcpsid
    interrupt.o(i.IntMasterEnable) refers to cpu.o(.emb_text) for CPUcpsie
    interrupt.o(i.IntPendClear) refers to interrupt.o(.constdata) for .constdata
    interrupt.o(i.IntPendSet) refers to interrupt.o(.constdata) for .constdata
    interrupt.o(i.IntPriorityGet) refers to interrupt.o(.constdata) for .constdata
    interrupt.o(i.IntPriorityGroupingGet) refers to interrupt.o(.constdata) for .constdata
    interrupt.o(i.IntPriorityGroupingSet) refers to interrupt.o(.constdata) for .constdata
    interrupt.o(i.IntPriorityMaskGet) refers to cpu.o(.emb_text) for CPUbasepriGet
    interrupt.o(i.IntPriorityMaskSet) refers to cpu.o(.emb_text) for CPUbasepriSet
    interrupt.o(i.IntPrioritySet) refers to interrupt.o(.constdata) for .constdata
    interrupt.o(i.IntRegister) refers to interrupt.o(vtable) for vtable
    interrupt.o(i.IntUnregister) refers to interrupt.o(i._IntDefaultHandler) for _IntDefaultHandler
    interrupt.o(i.IntUnregister) refers to interrupt.o(vtable) for vtable
    entry.o(.ARM.Collect$$$$00000000) refers (Special) to entry10a.o(.ARM.Collect$$$$0000000D) for __rt_final_cpp
    entry.o(.ARM.Collect$$$$00000000) refers (Special) to entry11a.o(.ARM.Collect$$$$0000000F) for __rt_final_exit
    entry.o(.ARM.Collect$$$$00000000) refers (Special) to entry7b.o(.ARM.Collect$$$$00000008) for _main_clock
    entry.o(.ARM.Collect$$$$00000000) refers (Special) to entry8b.o(.ARM.Collect$$$$0000000A) for _main_cpp_init
    entry.o(.ARM.Collect$$$$00000000) refers (Special) to entry9a.o(.ARM.Collect$$$$0000000B) for _main_init
    entry.o(.ARM.Collect$$$$00000000) refers (Special) to entry5.o(.ARM.Collect$$$$00000004) for _main_scatterload
    entry.o(.ARM.Collect$$$$00000000) refers (Special) to entry2.o(.ARM.Collect$$$$00000001) for _main_stk
    ffixul.o(.text) refers (Special) to iusefp.o(.text) for __I$use$fp
    ffixul.o(.text) refers to llshl.o(.text) for __aeabi_llsl
    entry2.o(.ARM.Collect$$$$00000001) refers to entry2.o(.ARM.Collect$$$$00002712) for __lit__00000000
    entry2.o(.ARM.Collect$$$$00002712) refers to startup_rvmdk.o(STACK) for __initial_sp
    entry2.o(__vectab_stack_and_reset_area) refers to startup_rvmdk.o(STACK) for __initial_sp
    entry2.o(__vectab_stack_and_reset_area) refers to entry.o(.ARM.Collect$$$$00000000) for __main
    entry5.o(.ARM.Collect$$$$00000004) refers to init.o(.text) for __scatterload
    entry9a.o(.ARM.Collect$$$$0000000B) refers to freertos_demo.o(i.main) for main
    entry9b.o(.ARM.Collect$$$$0000000C) refers to freertos_demo.o(i.main) for main
    init.o(.text) refers to entry5.o(.ARM.Collect$$$$00000004) for __main_after_scatterload


==============================================================================

Removing Unused input sections from the image.

    Removing freertos_demo.o(i.Main_Task), (2 bytes).
    Removing freertos_demo.o(i.Window_Down), (4 bytes).
    Removing freertos_demo.o(i.Window_Stop), (4 bytes).
    Removing freertos_demo.o(i.Window_Up), (4 bytes).
    Removing freertos_demo.o(.data), (1 bytes).
    Removing freertos_demo.o(.data), (4 bytes).
    Removing heap_2.o(i.vPortInitialiseBlocks), (2 bytes).
    Removing heap_2.o(i.xPortGetFreeHeapSize), (12 bytes).
    Removing led_task.o(i.LEDTask), (272 bytes).
    Removing led_task.o(i.LEDTaskInit), (192 bytes).
    Removing led_task.o(.bss), (12 bytes).
    Removing led_task.o(.data), (8 bytes).
    Removing port.o(i.vPortEndScheduler), (2 bytes).
    Removing queue.o(i.ucQueueGetQueueType), (6 bytes).
    Removing queue.o(i.uxQueueGetQueueNumber), (4 bytes).
    Removing queue.o(i.uxQueueMessagesWaiting), (18 bytes).
    Removing queue.o(i.uxQueueMessagesWaitingFromISR), (4 bytes).
    Removing queue.o(i.uxQueueSpacesAvailable), (22 bytes).
    Removing queue.o(i.vQueueAddToRegistry), (36 bytes).
    Removing queue.o(i.vQueueDelete), (18 bytes).
    Removing queue.o(i.vQueueSetQueueNumber), (4 bytes).
    Removing queue.o(i.vQueueUnregisterQueue), (36 bytes).
    Removing queue.o(i.xQueueCreateMutex), (74 bytes).
    Removing queue.o(i.xQueueGiveFromISR), (86 bytes).
    Removing queue.o(i.xQueueGiveMutexRecursive), (42 bytes).
    Removing queue.o(i.xQueueIsQueueEmptyFromISR), (12 bytes).
    Removing queue.o(i.xQueueIsQueueFullFromISR), (16 bytes).
    Removing queue.o(i.xQueuePeekFromISR), (44 bytes).
    Removing queue.o(i.xQueueReceiveFromISR), (88 bytes).
    Removing queue.o(i.xQueueTakeMutexRecursive), (50 bytes).
    Removing queue.o(.bss), (80 bytes).
    Removing rgb.o(i.RGBBlinkIntHandler), (56 bytes).
    Removing rgb.o(i.RGBBlinkRateSet), (120 bytes).
    Removing rgb.o(i.RGBColorGet), (24 bytes).
    Removing rgb.o(i.RGBColorSet), (144 bytes).
    Removing rgb.o(i.RGBDisable), (92 bytes).
    Removing rgb.o(i.RGBEnable), (172 bytes).
    Removing rgb.o(i.RGBInit), (208 bytes).
    Removing rgb.o(i.RGBIntensitySet), (20 bytes).
    Removing rgb.o(i.RGBSet), (30 bytes).
    Removing rgb.o(.bss), (12 bytes).
    Removing rgb.o(.data), (8 bytes).
    Removing startup_rvmdk.o(HEAP), (0 bytes).
    Removing startup_rvmdk.o(.text), (0 bytes).
    Removing tasks.o(i.prvListTaskWithinSingleList), (126 bytes).
    Removing tasks.o(i.prvTaskCheckFreeStackSpace), (20 bytes).
    Removing tasks.o(i.prvTaskIsTaskSuspended), (32 bytes).
    Removing tasks.o(i.ulTaskNotifyTake), (156 bytes).
    Removing tasks.o(i.uxTaskGetNumberOfTasks), (12 bytes).
    Removing tasks.o(i.uxTaskGetStackHighWaterMark), (16 bytes).
    Removing tasks.o(i.uxTaskGetSystemState), (152 bytes).
    Removing tasks.o(i.uxTaskGetTaskNumber), (8 bytes).
    Removing tasks.o(i.uxTaskPriorityGet), (28 bytes).
    Removing tasks.o(i.uxTaskPriorityGetFromISR), (36 bytes).
    Removing tasks.o(i.uxTaskResetEventItemValue), (24 bytes).
    Removing tasks.o(i.vTaskDelay), (84 bytes).
    Removing tasks.o(i.vTaskDelayUntil), (112 bytes).
    Removing tasks.o(i.vTaskDelete), (144 bytes).
    Removing tasks.o(i.vTaskEndScheduler), (28 bytes).
    Removing tasks.o(i.vTaskNotifyGiveFromISR), (132 bytes).
    Removing tasks.o(i.vTaskPlaceOnUnorderedEventList), (88 bytes).
    Removing tasks.o(i.vTaskPrioritySet), (180 bytes).
    Removing tasks.o(i.vTaskResume), (112 bytes).
    Removing tasks.o(i.vTaskSetTaskNumber), (8 bytes).
    Removing tasks.o(i.vTaskSuspend), (160 bytes).
    Removing tasks.o(i.xTaskGenericNotify), (164 bytes).
    Removing tasks.o(i.xTaskGenericNotifyFromISR), (184 bytes).
    Removing tasks.o(i.xTaskGetCurrentTaskHandle), (12 bytes).
    Removing tasks.o(i.xTaskGetTickCount), (12 bytes).
    Removing tasks.o(i.xTaskNotifyStateClear), (48 bytes).
    Removing tasks.o(i.xTaskNotifyWait), (184 bytes).
    Removing tasks.o(i.xTaskRemoveFromUnorderedEventList), (80 bytes).
    Removing tasks.o(i.xTaskResumeFromISR), (120 bytes).
    Removing uartstdio.o(i.UARTgetc), (24 bytes).
    Removing uartstdio.o(i.UARTgets), (132 bytes).
    Removing ustdlib.o(i.ucmptime), (82 bytes).
    Removing ustdlib.o(i.ulocaltime), (168 bytes).
    Removing ustdlib.o(i.umktime), (58 bytes).
    Removing ustdlib.o(i.urand), (28 bytes).
    Removing ustdlib.o(i.usnprintf), (18 bytes).
    Removing ustdlib.o(i.usprintf), (22 bytes).
    Removing ustdlib.o(i.usrand), (12 bytes).
    Removing ustdlib.o(i.ustrcasecmp), (8 bytes).
    Removing ustdlib.o(i.ustrcmp), (8 bytes).
    Removing ustdlib.o(i.ustrlen), (16 bytes).
    Removing ustdlib.o(i.ustrncasecmp), (70 bytes).
    Removing ustdlib.o(i.ustrncmp), (46 bytes).
    Removing ustdlib.o(i.ustrncpy), (34 bytes).
    Removing ustdlib.o(i.ustrstr), (42 bytes).
    Removing ustdlib.o(i.ustrtof), (320 bytes).
    Removing ustdlib.o(i.ustrtoul), (154 bytes).
    Removing ustdlib.o(i.uvsnprintf), (592 bytes).
    Removing ustdlib.o(.constdata), (76 bytes).
    Removing ustdlib.o(.conststring), (17 bytes).
    Removing ustdlib.o(.data), (4 bytes).
    Removing inputs.o(i.portf_int), (56 bytes).
    Removing output_ports.o(i.disable), (16 bytes).
    Removing statemachinesfunctions.o(i.iniPassengerUpSM), (28 bytes).
    Removing gpio.o(i.GPIOADCTriggerDisable), (14 bytes).
    Removing gpio.o(i.GPIOADCTriggerEnable), (12 bytes).
    Removing gpio.o(i.GPIODMATriggerDisable), (14 bytes).
    Removing gpio.o(i.GPIODMATriggerEnable), (12 bytes).
    Removing gpio.o(i.GPIODirModeGet), (34 bytes).
    Removing gpio.o(i.GPIOIntRegisterPin), (30 bytes).
    Removing gpio.o(i.GPIOIntTypeGet), (68 bytes).
    Removing gpio.o(i.GPIOIntUnregister), (22 bytes).
    Removing gpio.o(i.GPIOIntUnregisterPin), (26 bytes).
    Removing gpio.o(i.GPIOPadConfigGet), (204 bytes).
    Removing gpio.o(i.GPIOPinConfigure), (68 bytes).
    Removing gpio.o(i.GPIOPinRead), (6 bytes).
    Removing gpio.o(i.GPIOPinTypeADC), (28 bytes).
    Removing gpio.o(i.GPIOPinTypeCAN), (28 bytes).
    Removing gpio.o(i.GPIOPinTypeComparator), (28 bytes).
    Removing gpio.o(i.GPIOPinTypeComparatorOutput), (28 bytes).
    Removing gpio.o(i.GPIOPinTypeDIVSCLK), (28 bytes).
    Removing gpio.o(i.GPIOPinTypeEPI), (28 bytes).
    Removing gpio.o(i.GPIOPinTypeEthernetLED), (28 bytes).
    Removing gpio.o(i.GPIOPinTypeEthernetMII), (28 bytes).
    Removing gpio.o(i.GPIOPinTypeGPIOOutputOD), (28 bytes).
    Removing gpio.o(i.GPIOPinTypeHibernateRTCCLK), (28 bytes).
    Removing gpio.o(i.GPIOPinTypeI2C), (28 bytes).
    Removing gpio.o(i.GPIOPinTypeI2CSCL), (28 bytes).
    Removing gpio.o(i.GPIOPinTypeLCD), (28 bytes).
    Removing gpio.o(i.GPIOPinTypeOneWire), (28 bytes).
    Removing gpio.o(i.GPIOPinTypePWM), (28 bytes).
    Removing gpio.o(i.GPIOPinTypeQEI), (28 bytes).
    Removing gpio.o(i.GPIOPinTypeSSI), (28 bytes).
    Removing gpio.o(i.GPIOPinTypeTimer), (28 bytes).
    Removing gpio.o(i.GPIOPinTypeTrace), (28 bytes).
    Removing gpio.o(i.GPIOPinTypeUART), (28 bytes).
    Removing gpio.o(i.GPIOPinTypeUSBAnalog), (28 bytes).
    Removing gpio.o(i.GPIOPinTypeUSBDigital), (28 bytes).
    Removing gpio.o(i.GPIOPinTypeWakeHigh), (30 bytes).
    Removing gpio.o(i.GPIOPinTypeWakeLow), (30 bytes).
    Removing gpio.o(i.GPIOPinWakeStatus), (6 bytes).
    Removing sysctl.o(.emb_text), (6 bytes).
    Removing sysctl.o(i.SysCtlAltClkConfig), (12 bytes).
    Removing sysctl.o(i.SysCtlClockFreqSet), (740 bytes).
    Removing sysctl.o(i.SysCtlClockGet), (340 bytes).
    Removing sysctl.o(i.SysCtlClockOutConfig), (20 bytes).
    Removing sysctl.o(i.SysCtlClockSet), (288 bytes).
    Removing sysctl.o(i.SysCtlDeepSleep), (32 bytes).
    Removing sysctl.o(i.SysCtlDeepSleepClockConfigSet), (112 bytes).
    Removing sysctl.o(i.SysCtlDeepSleepClockSet), (12 bytes).
    Removing sysctl.o(i.SysCtlDeepSleepPowerSet), (12 bytes).
    Removing sysctl.o(i.SysCtlFlashSectorSizeGet), (56 bytes).
    Removing sysctl.o(i.SysCtlFlashSizeGet), (56 bytes).
    Removing sysctl.o(i.SysCtlGPIOAHBDisable), (28 bytes).
    Removing sysctl.o(i.SysCtlGPIOAHBEnable), (24 bytes).
    Removing sysctl.o(i.SysCtlIntClear), (12 bytes).
    Removing sysctl.o(i.SysCtlIntDisable), (16 bytes).
    Removing sysctl.o(i.SysCtlIntEnable), (16 bytes).
    Removing sysctl.o(i.SysCtlIntRegister), (20 bytes).
    Removing sysctl.o(i.SysCtlIntStatus), (16 bytes).
    Removing sysctl.o(i.SysCtlIntUnregister), (18 bytes).
    Removing sysctl.o(i.SysCtlLDODeepSleepGet), (12 bytes).
    Removing sysctl.o(i.SysCtlLDODeepSleepSet), (12 bytes).
    Removing sysctl.o(i.SysCtlLDOSleepGet), (12 bytes).
    Removing sysctl.o(i.SysCtlLDOSleepSet), (12 bytes).
    Removing sysctl.o(i.SysCtlMOSCConfigSet), (12 bytes).
    Removing sysctl.o(i.SysCtlNMIClear), (16 bytes).
    Removing sysctl.o(i.SysCtlNMIStatus), (12 bytes).
    Removing sysctl.o(i.SysCtlPIOSCCalibrate), (76 bytes).
    Removing sysctl.o(i.SysCtlPWMClockGet), (24 bytes).
    Removing sysctl.o(i.SysCtlPWMClockSet), (20 bytes).
    Removing sysctl.o(i.SysCtlPeripheralClockGating), (68 bytes).
    Removing sysctl.o(i.SysCtlPeripheralDeepSleepDisable), (40 bytes).
    Removing sysctl.o(i.SysCtlPeripheralDeepSleepEnable), (40 bytes).
    Removing sysctl.o(i.SysCtlPeripheralDisable), (40 bytes).
    Removing sysctl.o(i.SysCtlPeripheralPowerOff), (40 bytes).
    Removing sysctl.o(i.SysCtlPeripheralPowerOn), (40 bytes).
    Removing sysctl.o(i.SysCtlPeripheralPresent), (44 bytes).
    Removing sysctl.o(i.SysCtlPeripheralReset), (60 bytes).
    Removing sysctl.o(i.SysCtlPeripheralSleepDisable), (40 bytes).
    Removing sysctl.o(i.SysCtlPeripheralSleepEnable), (40 bytes).
    Removing sysctl.o(i.SysCtlReset), (16 bytes).
    Removing sysctl.o(i.SysCtlResetBehaviorGet), (12 bytes).
    Removing sysctl.o(i.SysCtlResetBehaviorSet), (12 bytes).
    Removing sysctl.o(i.SysCtlResetCauseClear), (16 bytes).
    Removing sysctl.o(i.SysCtlResetCauseGet), (12 bytes).
    Removing sysctl.o(i.SysCtlSRAMSizeGet), (16 bytes).
    Removing sysctl.o(i.SysCtlSleep), (4 bytes).
    Removing sysctl.o(i.SysCtlSleepPowerSet), (12 bytes).
    Removing sysctl.o(i.SysCtlUSBPLLDisable), (16 bytes).
    Removing sysctl.o(i.SysCtlUSBPLLEnable), (16 bytes).
    Removing sysctl.o(i.SysCtlVCOGet), (120 bytes).
    Removing sysctl.o(i.SysCtlVoltageEventClear), (16 bytes).
    Removing sysctl.o(i.SysCtlVoltageEventConfig), (12 bytes).
    Removing sysctl.o(i.SysCtlVoltageEventStatus), (12 bytes).
    Removing sysctl.o(.constdata), (596 bytes).
    Removing uart.o(i.UART9BitAddrSend), (38 bytes).
    Removing uart.o(i.UART9BitAddrSet), (10 bytes).
    Removing uart.o(i.UART9BitDisable), (14 bytes).
    Removing uart.o(i.UART9BitEnable), (14 bytes).
    Removing uart.o(i.UARTBreakCtl), (18 bytes).
    Removing uart.o(i.UARTBusy), (8 bytes).
    Removing uart.o(i.UARTCharGet), (12 bytes).
    Removing uart.o(i.UARTCharGetNonBlocking), (16 bytes).
    Removing uart.o(i.UARTCharPut), (12 bytes).
    Removing uart.o(i.UARTCharPutNonBlocking), (16 bytes).
    Removing uart.o(i.UARTCharsAvail), (10 bytes).
    Removing uart.o(i.UARTClockSourceGet), (6 bytes).
    Removing uart.o(i.UARTConfigGetExpClk), (46 bytes).
    Removing uart.o(i.UARTConfigSetExpClk), (110 bytes).
    Removing uart.o(i.UARTDMADisable), (10 bytes).
    Removing uart.o(i.UARTDMAEnable), (8 bytes).
    Removing uart.o(i.UARTDisable), (30 bytes).
    Removing uart.o(i.UARTDisableSIR), (10 bytes).
    Removing uart.o(i.UARTEnable), (20 bytes).
    Removing uart.o(i.UARTEnableSIR), (18 bytes).
    Removing uart.o(i.UARTFIFODisable), (10 bytes).
    Removing uart.o(i.UARTFIFOEnable), (10 bytes).
    Removing uart.o(i.UARTFIFOLevelGet), (16 bytes).
    Removing uart.o(i.UARTFIFOLevelSet), (6 bytes).
    Removing uart.o(i.UARTFlowControlGet), (8 bytes).
    Removing uart.o(i.UARTFlowControlSet), (12 bytes).
    Removing uart.o(i.UARTIntClear), (4 bytes).
    Removing uart.o(i.UARTIntDisable), (10 bytes).
    Removing uart.o(i.UARTIntEnable), (8 bytes).
    Removing uart.o(i.UARTIntRegister), (88 bytes).
    Removing uart.o(i.UARTIntStatus), (10 bytes).
    Removing uart.o(i.UARTIntUnregister), (88 bytes).
    Removing uart.o(i.UARTLoopbackEnable), (10 bytes).
    Removing uart.o(i.UARTModemControlClear), (14 bytes).
    Removing uart.o(i.UARTModemControlGet), (8 bytes).
    Removing uart.o(i.UARTModemControlSet), (12 bytes).
    Removing uart.o(i.UARTModemStatusGet), (10 bytes).
    Removing uart.o(i.UARTParityModeGet), (8 bytes).
    Removing uart.o(i.UARTParityModeSet), (12 bytes).
    Removing uart.o(i.UARTRxErrorClear), (6 bytes).
    Removing uart.o(i.UARTRxErrorGet), (8 bytes).
    Removing uart.o(i.UARTSmartCardDisable), (10 bytes).
    Removing uart.o(i.UARTSmartCardEnable), (22 bytes).
    Removing uart.o(i.UARTSpaceAvail), (10 bytes).
    Removing uart.o(i.UARTTxIntModeGet), (8 bytes).
    Removing uart.o(i.UARTTxIntModeSet), (12 bytes).
    Removing uart.o(.constdata), (128 bytes).
    Removing cpu.o(.emb_text), (38 bytes).
    Removing interrupt.o(i.IntDisable), (100 bytes).
    Removing interrupt.o(i.IntIsEnabled), (96 bytes).
    Removing interrupt.o(i.IntMasterDisable), (14 bytes).
    Removing interrupt.o(i.IntMasterEnable), (14 bytes).
    Removing interrupt.o(i.IntPendClear), (68 bytes).
    Removing interrupt.o(i.IntPendSet), (84 bytes).
    Removing interrupt.o(i.IntPriorityGet), (28 bytes).
    Removing interrupt.o(i.IntPriorityGroupingGet), (36 bytes).
    Removing interrupt.o(i.IntPriorityGroupingSet), (28 bytes).
    Removing interrupt.o(i.IntPriorityMaskGet), (4 bytes).
    Removing interrupt.o(i.IntPriorityMaskSet), (4 bytes).
    Removing interrupt.o(i.IntPrioritySet), (40 bytes).
    Removing interrupt.o(i.IntTrigger), (12 bytes).
    Removing interrupt.o(i.IntUnregister), (20 bytes).
    Removing interrupt.o(i._IntDefaultHandler), (2 bytes).
    Removing ffixul.o(.text), (44 bytes).

254 unused section(s) (total 12720 bytes) removed from the image.

==============================================================================

Image Symbol Table

    Local Symbols

    Symbol Name                              Value     Ov Type        Size  Object(Section)

    RESET                                    0x00000000   Section      648  startup_rvmdk.o(RESET)
    ../clib/../cmprslib/zerorunl2.c          0x00000000   Number         0  __dczerorl2.o ABSOLUTE
    ../clib/microlib/init/entry.s            0x00000000   Number         0  entry5.o ABSOLUTE
    ../clib/microlib/init/entry.s            0x00000000   Number         0  entry2.o ABSOLUTE
    ../clib/microlib/init/entry.s            0x00000000   Number         0  entry7a.o ABSOLUTE
    ../clib/microlib/init/entry.s            0x00000000   Number         0  entry7b.o ABSOLUTE
    ../clib/microlib/init/entry.s            0x00000000   Number         0  entry8a.o ABSOLUTE
    ../clib/microlib/init/entry.s            0x00000000   Number         0  entry8b.o ABSOLUTE
    ../clib/microlib/init/entry.s            0x00000000   Number         0  entry9a.o ABSOLUTE
    ../clib/microlib/init/entry.s            0x00000000   Number         0  entry9b.o ABSOLUTE
    ../clib/microlib/init/entry.s            0x00000000   Number         0  entry10b.o ABSOLUTE
    ../clib/microlib/init/entry.s            0x00000000   Number         0  entry.o ABSOLUTE
    ../clib/microlib/init/entry.s            0x00000000   Number         0  entry11a.o ABSOLUTE
    ../clib/microlib/init/entry.s            0x00000000   Number         0  entry11b.o ABSOLUTE
    ../clib/microlib/init/entry.s            0x00000000   Number         0  entry10a.o ABSOLUTE
    ../clib/microlib/longlong.c              0x00000000   Number         0  llshl.o ABSOLUTE
    ../clib/microlib/string/memcpy.c         0x00000000   Number         0  memcpyb.o ABSOLUTE
    ../clib/microlib/string/memcpy.c         0x00000000   Number         0  memcpya.o ABSOLUTE
    ../clib/microlib/string/memset.c         0x00000000   Number         0  memseta.o ABSOLUTE
    ../clib/microlib/stubs.s                 0x00000000   Number         0  iusefp.o ABSOLUTE
    ../fplib/microlib/fpfix.c                0x00000000   Number         0  ffixul.o ABSOLUTE
    ..\..\..\..\third_party\FreeRTOS\Source\list.c 0x00000000   Number         0  list.o ABSOLUTE
    ..\..\..\..\third_party\FreeRTOS\Source\portable\MemMang\heap_2.c 0x00000000   Number         0  heap_2.o ABSOLUTE
    ..\..\..\..\third_party\FreeRTOS\Source\portable\RVDS\ARM_CM4F\port.c 0x00000000   Number         0  port.o ABSOLUTE
    ..\..\..\..\third_party\FreeRTOS\Source\queue.c 0x00000000   Number         0  queue.o ABSOLUTE
    ..\..\..\..\third_party\FreeRTOS\Source\tasks.c 0x00000000   Number         0  tasks.o ABSOLUTE
    ..\..\..\..\utils\uartstdio.c            0x00000000   Number         0  uartstdio.o ABSOLUTE
    ..\..\..\..\utils\ustdlib.c              0x00000000   Number         0  ustdlib.o ABSOLUTE
    ..\\..\\..\\..\\third_party\\FreeRTOS\\Source\\portable\\RVDS\\ARM_CM4F\\port.c 0x00000000   Number         0  port.o ABSOLUTE
    ..\drivers\rgb.c                         0x00000000   Number         0  rgb.o ABSOLUTE
    StateMachinesFunctions.c                 0x00000000   Number         0  statemachinesfunctions.o ABSOLUTE
    TaskHandlers.c                           0x00000000   Number         0  taskhandlers.o ABSOLUTE
    cpu.c                                    0x00000000   Number         0  cpu.o ABSOLUTE
    cpu.c                                    0x00000000   Number         0  cpu.o ABSOLUTE
    dc.s                                     0x00000000   Number         0  dc.o ABSOLUTE
    freertos_demo.c                          0x00000000   Number         0  freertos_demo.o ABSOLUTE
    gpio.c                                   0x00000000   Number         0  gpio.o ABSOLUTE
    handlers.s                               0x00000000   Number         0  handlers.o ABSOLUTE
    init.s                                   0x00000000   Number         0  init.o ABSOLUTE
    inputs.c                                 0x00000000   Number         0  inputs.o ABSOLUTE
    interrupt.c                              0x00000000   Number         0  interrupt.o ABSOLUTE
    led_task.c                               0x00000000   Number         0  led_task.o ABSOLUTE
    output_ports.c                           0x00000000   Number         0  output_ports.o ABSOLUTE
    startup_rvmdk.S                          0x00000000   Number         0  startup_rvmdk.o ABSOLUTE
    sysctl.c                                 0x00000000   Number         0  sysctl.o ABSOLUTE
    sysctl.c                                 0x00000000   Number         0  sysctl.o ABSOLUTE
    uart.c                                   0x00000000   Number         0  uart.o ABSOLUTE
    $v0                                      0x0000026c   Number         0  startup_rvmdk.o(RESET)
    NmiSR                                    0x00000281   Thumb Code     0  startup_rvmdk.o(RESET)
    FaultISR                                 0x00000283   Thumb Code     0  startup_rvmdk.o(RESET)
    IntDefaultHandler                        0x00000285   Thumb Code     0  startup_rvmdk.o(RESET)
    .ARM.Collect$$$$00000000                 0x00000288   Section        0  entry.o(.ARM.Collect$$$$00000000)
    .ARM.Collect$$$$00000001                 0x00000288   Section        4  entry2.o(.ARM.Collect$$$$00000001)
    .ARM.Collect$$$$00000004                 0x0000028c   Section        4  entry5.o(.ARM.Collect$$$$00000004)
    .ARM.Collect$$$$00000008                 0x00000290   Section        0  entry7b.o(.ARM.Collect$$$$00000008)
    .ARM.Collect$$$$0000000A                 0x00000290   Section        0  entry8b.o(.ARM.Collect$$$$0000000A)
    .ARM.Collect$$$$0000000B                 0x00000290   Section        8  entry9a.o(.ARM.Collect$$$$0000000B)
    .ARM.Collect$$$$0000000D                 0x00000298   Section        0  entry10a.o(.ARM.Collect$$$$0000000D)
    .ARM.Collect$$$$0000000F                 0x00000298   Section        0  entry11a.o(.ARM.Collect$$$$0000000F)
    .ARM.Collect$$$$00002712                 0x00000298   Section        4  entry2.o(.ARM.Collect$$$$00002712)
    __lit__00000000                          0x00000298   Data           4  entry2.o(.ARM.Collect$$$$00002712)
    .emb_text                                0x0000029c   Section      182  port.o(.emb_text)
    $v0                                      0x0000029c   Number         0  port.o(.emb_text)
    .text                                    0x00000352   Section        0  memcpya.o(.text)
    .text                                    0x00000376   Section        0  memseta.o(.text)
    .text                                    0x0000039c   Section       36  init.o(.text)
    .text                                    0x000003c0   Section        0  __dczerorl2.o(.text)
    i.ConfigureUART                          0x0000041c   Section        0  freertos_demo.o(i.ConfigureUART)
    i.GPIODirModeSet                         0x00000478   Section        0  gpio.o(i.GPIODirModeSet)
    i.GPIOIntClear                           0x000004a0   Section        0  gpio.o(i.GPIOIntClear)
    i.GPIOIntDisable                         0x000004a6   Section        0  gpio.o(i.GPIOIntDisable)
    i.GPIOIntEnable                          0x000004b4   Section        0  gpio.o(i.GPIOIntEnable)
    i.GPIOIntRegister                        0x000004c0   Section        0  gpio.o(i.GPIOIntRegister)
    i.GPIOIntStatus                          0x000004da   Section        0  gpio.o(i.GPIOIntStatus)
    i.GPIOIntTypeSet                         0x000004e8   Section        0  gpio.o(i.GPIOIntTypeSet)
    i.GPIOPadConfigSet                       0x00000538   Section        0  gpio.o(i.GPIOPadConfigSet)
    i.GPIOPinTypeGPIOInput                   0x00000670   Section        0  gpio.o(i.GPIOPinTypeGPIOInput)
    i.GPIOPinTypeGPIOOutput                  0x0000068c   Section        0  gpio.o(i.GPIOPinTypeGPIOOutput)
    i.GPIOPinWrite                           0x000006a8   Section        0  gpio.o(i.GPIOPinWrite)
    i.IntEnable                              0x000006b0   Section        0  interrupt.o(i.IntEnable)
    i.IntRegister                            0x00000714   Section        0  interrupt.o(i.IntRegister)
    i.Limit_Handler                          0x00000748   Section        0  freertos_demo.o(i.Limit_Handler)
    i.SysCtlPeripheralEnable                 0x000007b4   Section        0  sysctl.o(i.SysCtlPeripheralEnable)
    i.SysCtlPeripheralReady                  0x000007dc   Section        0  sysctl.o(i.SysCtlPeripheralReady)
    i.UARTClockSourceSet                     0x00000808   Section        0  uart.o(i.UARTClockSourceSet)
    i.UARTStdioConfig                        0x00000810   Section        0  uartstdio.o(i.UARTStdioConfig)
    i.UARTprintf                             0x0000086c   Section        0  uartstdio.o(i.UARTprintf)
    i.UARTvprintf                            0x00000880   Section        0  uartstdio.o(i.UARTvprintf)
    i.UARTwrite                              0x00000a34   Section        0  uartstdio.o(i.UARTwrite)
    i.Window_Handler                         0x00000a70   Section        0  freertos_demo.o(i.Window_Handler)
    i._GPIOIntNumberGet                      0x00000af0   Section        0  gpio.o(i._GPIOIntNumberGet)
    _GPIOIntNumberGet                        0x00000af1   Thumb Code    62  gpio.o(i._GPIOIntNumberGet)
    i.__scatterload_copy                     0x00000b40   Section       14  handlers.o(i.__scatterload_copy)
    i.__scatterload_null                     0x00000b4e   Section        2  handlers.o(i.__scatterload_null)
    i.__scatterload_zeroinit                 0x00000b50   Section       14  handlers.o(i.__scatterload_zeroinit)
    i.autoDriverDownSM                       0x00000b5e   Section        0  statemachinesfunctions.o(i.autoDriverDownSM)
    i.autoDriverUpSM                         0x00000b60   Section        0  statemachinesfunctions.o(i.autoDriverUpSM)
    i.autoPassengerDownSM                    0x00000b62   Section        0  statemachinesfunctions.o(i.autoPassengerDownSM)
    i.autoPassengerUpSM                      0x00000b64   Section        0  statemachinesfunctions.o(i.autoPassengerUpSM)
    i.deadSM                                 0x00000b68   Section        0  statemachinesfunctions.o(i.deadSM)
    i.driverDownSM                           0x00000b88   Section        0  statemachinesfunctions.o(i.driverDownSM)
    i.driverNeutralSM                        0x00000c00   Section        0  statemachinesfunctions.o(i.driverNeutralSM)
    i.driverUpSM                             0x00000c7c   Section        0  statemachinesfunctions.o(i.driverUpSM)
    i.dyingSM                                0x00000d1c   Section        0  statemachinesfunctions.o(i.dyingSM)
    i.emergencyDownSM                        0x00000d38   Section        0  statemachinesfunctions.o(i.emergencyDownSM)
    i.enable                                 0x00000d70   Section        0  output_ports.o(i.enable)
    i.fastStop                               0x00000d80   Section        0  output_ports.o(i.fastStop)
    i.iniDriverDownSM                        0x00000d98   Section        0  statemachinesfunctions.o(i.iniDriverDownSM)
    i.iniDriverUpSM                          0x00000dbc   Section        0  statemachinesfunctions.o(i.iniDriverUpSM)
    i.iniPassengerDownSM                     0x00000de0   Section        0  statemachinesfunctions.o(i.iniPassengerDownSM)
    i.init_input                             0x00000dfc   Section        0  inputs.o(i.init_input)
    i.init_output                            0x00000eb0   Section        0  output_ports.o(i.init_output)
    i.main                                   0x00000ee0   Section        0  freertos_demo.o(i.main)
    i.manualDriverDownSM                     0x000010f4   Section        0  statemachinesfunctions.o(i.manualDriverDownSM)
    i.manualDriverUpSM                       0x00001128   Section        0  statemachinesfunctions.o(i.manualDriverUpSM)
    i.manualPassengerDownSM                  0x0000115c   Section        0  statemachinesfunctions.o(i.manualPassengerDownSM)
    i.manualPassengerUpSM                    0x00001190   Section        0  statemachinesfunctions.o(i.manualPassengerUpSM)
    i.passengerDownSM                        0x000011c4   Section        0  statemachinesfunctions.o(i.passengerDownSM)
    i.passengerNeutralSM                     0x00001214   Section        0  statemachinesfunctions.o(i.passengerNeutralSM)
    i.passengerUpSM                          0x00001274   Section        0  statemachinesfunctions.o(i.passengerUpSM)
    i.porta_int                              0x000012e4   Section        0  inputs.o(i.porta_int)
    i.portc_int                              0x00001324   Section        0  inputs.o(i.portc_int)
    i.prvAddCurrentTaskToDelayedList         0x00001368   Section        0  tasks.o(i.prvAddCurrentTaskToDelayedList)
    prvAddCurrentTaskToDelayedList           0x00001369   Thumb Code    48  tasks.o(i.prvAddCurrentTaskToDelayedList)
    i.prvCheckTasksWaitingTermination        0x0000139c   Section        0  tasks.o(i.prvCheckTasksWaitingTermination)
    prvCheckTasksWaitingTermination          0x0000139d   Thumb Code    80  tasks.o(i.prvCheckTasksWaitingTermination)
    i.prvCopyDataFromQueue                   0x000013f4   Section        0  queue.o(i.prvCopyDataFromQueue)
    prvCopyDataFromQueue                     0x000013f5   Thumb Code    38  queue.o(i.prvCopyDataFromQueue)
    i.prvCopyDataToQueue                     0x0000141a   Section        0  queue.o(i.prvCopyDataToQueue)
    prvCopyDataToQueue                       0x0000141b   Thumb Code   110  queue.o(i.prvCopyDataToQueue)
    i.prvIdleTask                            0x00001488   Section        0  tasks.o(i.prvIdleTask)
    prvIdleTask                              0x00001489   Thumb Code     6  tasks.o(i.prvIdleTask)
    i.prvResetNextTaskUnblockTime            0x00001490   Section        0  tasks.o(i.prvResetNextTaskUnblockTime)
    prvResetNextTaskUnblockTime              0x00001491   Thumb Code    26  tasks.o(i.prvResetNextTaskUnblockTime)
    i.prvTaskExitError                       0x000014b0   Section        0  port.o(i.prvTaskExitError)
    prvTaskExitError                         0x000014b1   Thumb Code    16  port.o(i.prvTaskExitError)
    i.prvUnlockQueue                         0x000014c0   Section        0  queue.o(i.prvUnlockQueue)
    prvUnlockQueue                           0x000014c1   Thumb Code   100  queue.o(i.prvUnlockQueue)
    i.pvPortMalloc                           0x00001524   Section        0  heap_2.o(i.pvPortMalloc)
    i.pvTaskIncrementMutexHeldCount          0x000015d8   Section        0  tasks.o(i.pvTaskIncrementMutexHeldCount)
    i.pxPortInitialiseStack                  0x000015f0   Section        0  port.o(i.pxPortInitialiseStack)
    i.safeSM                                 0x00001618   Section        0  statemachinesfunctions.o(i.safeSM)
    i.turnLeft                               0x00001650   Section        0  output_ports.o(i.turnLeft)
    i.turnRight                              0x00001668   Section        0  output_ports.o(i.turnRight)
    i.uxListRemove                           0x00001680   Section        0  list.o(i.uxListRemove)
    i.vApplicationStackOverflowHook          0x000016a4   Section        0  freertos_demo.o(i.vApplicationStackOverflowHook)
    i.vFastStopHandlerTask                   0x000016a8   Section        0  taskhandlers.o(i.vFastStopHandlerTask)
    i.vListInitialise                        0x000016d0   Section        0  list.o(i.vListInitialise)
    i.vListInitialiseItem                    0x000016e6   Section        0  list.o(i.vListInitialiseItem)
    i.vListInsert                            0x000016ec   Section        0  list.o(i.vListInsert)
    i.vListInsertEnd                         0x0000171c   Section        0  list.o(i.vListInsertEnd)
    i.vMainHandlerTask                       0x00001734   Section        0  taskhandlers.o(i.vMainHandlerTask)
    i.vPortEnterCritical                     0x00001768   Section        0  port.o(i.vPortEnterCritical)
    i.vPortExitCritical                      0x00001784   Section        0  port.o(i.vPortExitCritical)
    i.vPortFree                              0x00001798   Section        0  heap_2.o(i.vPortFree)
    i.vPortSetupTimerInterrupt               0x000017d4   Section        0  port.o(i.vPortSetupTimerInterrupt)
    i.vTaskMissedYield                       0x000017e4   Section        0  tasks.o(i.vTaskMissedYield)
    i.vTaskPlaceOnEventList                  0x000017f0   Section        0  tasks.o(i.vTaskPlaceOnEventList)
    i.vTaskPriorityInherit                   0x00001840   Section        0  tasks.o(i.vTaskPriorityInherit)
    i.vTaskSetTimeOutState                   0x000018c4   Section        0  tasks.o(i.vTaskSetTimeOutState)
    i.vTaskStartScheduler                    0x000018d4   Section        0  tasks.o(i.vTaskStartScheduler)
    i.vTaskSuspendAll                        0x00001928   Section        0  tasks.o(i.vTaskSuspendAll)
    i.vTaskSwitchContext                     0x00001938   Section        0  tasks.o(i.vTaskSwitchContext)
    i.vTurnLeftHandlerTask                   0x000019a8   Section        0  taskhandlers.o(i.vTurnLeftHandlerTask)
    i.vTurnRightHandlerTask                  0x000019d0   Section        0  taskhandlers.o(i.vTurnRightHandlerTask)
    i.xPortStartScheduler                    0x000019f8   Section        0  port.o(i.xPortStartScheduler)
    i.xPortSysTickHandler                    0x00001a38   Section        0  port.o(i.xPortSysTickHandler)
    i.xQueueGenericCreate                    0x00001a64   Section        0  queue.o(i.xQueueGenericCreate)
    i.xQueueGenericReceive                   0x00001aac   Section        0  queue.o(i.xQueueGenericReceive)
    i.xQueueGenericReset                     0x00001bd8   Section        0  queue.o(i.xQueueGenericReset)
    i.xQueueGenericSend                      0x00001c48   Section        0  queue.o(i.xQueueGenericSend)
    i.xQueueGenericSendFromISR               0x00001d48   Section        0  queue.o(i.xQueueGenericSendFromISR)
    i.xTaskCheckForTimeOut                   0x00001da8   Section        0  tasks.o(i.xTaskCheckForTimeOut)
    i.xTaskGenericCreate                     0x00001df0   Section        0  tasks.o(i.xTaskGenericCreate)
    i.xTaskGetTickCountFromISR               0x00001f78   Section        0  tasks.o(i.xTaskGetTickCountFromISR)
    i.xTaskIncrementTick                     0x00001f84   Section        0  tasks.o(i.xTaskIncrementTick)
    i.xTaskPriorityDisinherit                0x00002038   Section        0  tasks.o(i.xTaskPriorityDisinherit)
    i.xTaskRemoveFromEventList               0x000020a8   Section        0  tasks.o(i.xTaskRemoveFromEventList)
    i.xTaskResumeAll                         0x0000210c   Section        0  tasks.o(i.xTaskResumeAll)
    .constdata                               0x000021bc   Section       28  uartstdio.o(.constdata)
    g_pcHex                                  0x000021bc   Data           4  uartstdio.o(.constdata)
    g_ui32UARTBase                           0x000021c0   Data          12  uartstdio.o(.constdata)
    g_ui32UARTPeriph                         0x000021cc   Data          12  uartstdio.o(.constdata)
    .constdata                               0x000021d8   Section      552  gpio.o(.constdata)
    g_ppui32GPIOIntMapBlizzard               0x000021d8   Data         192  gpio.o(.constdata)
    g_ppui32GPIOIntMapSnowflake              0x00002298   Data         216  gpio.o(.constdata)
    g_pui32GPIOBaseAddrs                     0x00002370   Data         144  gpio.o(.constdata)
    .constdata                               0x00002400   Section      268  interrupt.o(.constdata)
    g_pui32Priority                          0x00002400   Data          32  interrupt.o(.constdata)
    g_pui32Regs                              0x00002420   Data         156  interrupt.o(.constdata)
    g_pui32EnRegs                            0x000024bc   Data          20  interrupt.o(.constdata)
    g_pui32Dii16Regs                         0x000024d0   Data          20  interrupt.o(.constdata)
    g_pui32PendRegs                          0x000024e4   Data          20  interrupt.o(.constdata)
    g_pui32UnpendRegs                        0x000024f8   Data          20  interrupt.o(.constdata)
    .conststring                             0x0000250c   Section       17  uartstdio.o(.conststring)
    .data                                    0x20000000   Section       24  freertos_demo.o(.data)
    xTimeISRLastExecuted_A                   0x20000000   Data           4  freertos_demo.o(.data)
    xTimeISRLastExecuted_C                   0x20000004   Data           4  freertos_demo.o(.data)
    .data                                    0x20000018   Section       24  heap_2.o(.data)
    xFreeBytesRemaining                      0x20000018   Data           4  heap_2.o(.data)
    xHeapHasBeenInitialised                  0x2000001c   Data           4  heap_2.o(.data)
    xStart                                   0x20000020   Data           8  heap_2.o(.data)
    xEnd                                     0x20000028   Data           8  heap_2.o(.data)
    .data                                    0x20000030   Section        4  port.o(.data)
    uxCriticalNesting                        0x20000030   Data           4  port.o(.data)
    .data                                    0x20000034   Section       56  tasks.o(.data)
    uxTasksDeleted                           0x20000038   Data           4  tasks.o(.data)
    uxCurrentNumberOfTasks                   0x2000003c   Data           4  tasks.o(.data)
    xTickCount                               0x20000040   Data           4  tasks.o(.data)
    uxTopReadyPriority                       0x20000044   Data           4  tasks.o(.data)
    xSchedulerRunning                        0x20000048   Data           4  tasks.o(.data)
    uxPendedTicks                            0x2000004c   Data           4  tasks.o(.data)
    xYieldPending                            0x20000050   Data           4  tasks.o(.data)
    xNumOfOverflows                          0x20000054   Data           4  tasks.o(.data)
    uxTaskNumber                             0x20000058   Data           4  tasks.o(.data)
    xNextTaskUnblockTime                     0x2000005c   Data           4  tasks.o(.data)
    uxSchedulerSuspended                     0x20000060   Data           4  tasks.o(.data)
    pxDelayedTaskList                        0x20000064   Data           4  tasks.o(.data)
    pxOverflowDelayedTaskList                0x20000068   Data           4  tasks.o(.data)
    .data                                    0x2000006c   Section        8  uartstdio.o(.data)
    bLastWasCR                               0x2000006c   Data           1  uartstdio.o(.data)
    g_ui32Base                               0x20000070   Data           4  uartstdio.o(.data)
    .data                                    0x20000074   Section       28  statemachinesfunctions.o(.data)
    vtable                                   0x20000400   Section      620  interrupt.o(vtable)
    g_pfnRAMVectors                          0x20000400   Data         620  interrupt.o(vtable)
    .bss                                     0x2000066c   Section       88  freertos_demo.o(.bss)
    .bss                                     0x200006c4   Section    30000  heap_2.o(.bss)
    ucHeap                                   0x200006c4   Data       30000  heap_2.o(.bss)
    .bss                                     0x20007bf4   Section      420  tasks.o(.bss)
    pxReadyTasksLists                        0x20007bf4   Data         320  tasks.o(.bss)
    xDelayedTaskList1                        0x20007d34   Data          20  tasks.o(.bss)
    xDelayedTaskList2                        0x20007d48   Data          20  tasks.o(.bss)
    xPendingReadyList                        0x20007d5c   Data          20  tasks.o(.bss)
    xTasksWaitingTermination                 0x20007d70   Data          20  tasks.o(.bss)
    xSuspendedTaskList                       0x20007d84   Data          20  tasks.o(.bss)
    STACK                                    0x20007d98   Section      512  startup_rvmdk.o(STACK)
    StackMem                                 0x20007d98   Data           0  startup_rvmdk.o(STACK)

    Global Symbols

    Symbol Name                              Value     Ov Type        Size  Object(Section)

    BuildAttributes$$THM_ISAv4$E$P$D$K$B$S$7EM$VFPi3$EXTD16$VFPS$VFMA$PE$A:L22UL41UL21$X:L11$S22US41US21$IEEE1$IW$USESV6$~STKCKD$USESV7$~SHL$OTIME$ROPI$EBA8$MICROLIB$REQ8$PRES8$EABIv2 0x00000000   Number         0  anon$$obj.o ABSOLUTE
    __ARM_use_no_argv                        0x00000000   Number         0  freertos_demo.o ABSOLUTE
    __Vectors                                0x00000000   Data           0  startup_rvmdk.o(RESET)
    __cpp_initialize__aeabi_                  - Undefined Weak Reference
    __cxa_finalize                            - Undefined Weak Reference
    _clock_init                               - Undefined Weak Reference
    _microlib_exit                            - Undefined Weak Reference
    Reset_Handler                            0x0000026d   Thumb Code     0  startup_rvmdk.o(RESET)
    __main                                   0x00000289   Thumb Code     0  entry.o(.ARM.Collect$$$$00000000)
    _main_stk                                0x00000289   Thumb Code     0  entry2.o(.ARM.Collect$$$$00000001)
    _main_scatterload                        0x0000028d   Thumb Code     0  entry5.o(.ARM.Collect$$$$00000004)
    __main_after_scatterload                 0x00000291   Thumb Code     0  entry5.o(.ARM.Collect$$$$00000004)
    _main_clock                              0x00000291   Thumb Code     0  entry7b.o(.ARM.Collect$$$$00000008)
    _main_cpp_init                           0x00000291   Thumb Code     0  entry8b.o(.ARM.Collect$$$$0000000A)
    _main_init                               0x00000291   Thumb Code     0  entry9a.o(.ARM.Collect$$$$0000000B)
    __rt_final_cpp                           0x00000299   Thumb Code     0  entry10a.o(.ARM.Collect$$$$0000000D)
    __rt_final_exit                          0x00000299   Thumb Code     0  entry11a.o(.ARM.Collect$$$$0000000F)
    vPortSVCHandler                          0x0000029d   Thumb Code    28  port.o(.emb_text)
    __asm___6_port_c_39a90d8d__prvStartFirstTask 0x000002bd   Thumb Code    28  port.o(.emb_text)
    __asm___6_port_c_39a90d8d__prvEnableVFP  0x000002dd   Thumb Code    16  port.o(.emb_text)
    xPortPendSVHandler                       0x000002f1   Thumb Code    88  port.o(.emb_text)
    vPortGetIPSR                             0x0000034d   Thumb Code     6  port.o(.emb_text)
    __aeabi_memcpy                           0x00000353   Thumb Code    36  memcpya.o(.text)
    __aeabi_memcpy4                          0x00000353   Thumb Code     0  memcpya.o(.text)
    __aeabi_memcpy8                          0x00000353   Thumb Code     0  memcpya.o(.text)
    __aeabi_memset                           0x00000377   Thumb Code    14  memseta.o(.text)
    __aeabi_memset4                          0x00000377   Thumb Code     0  memseta.o(.text)
    __aeabi_memset8                          0x00000377   Thumb Code     0  memseta.o(.text)
    __aeabi_memclr                           0x00000385   Thumb Code     4  memseta.o(.text)
    __aeabi_memclr4                          0x00000385   Thumb Code     0  memseta.o(.text)
    __aeabi_memclr8                          0x00000385   Thumb Code     0  memseta.o(.text)
    _memset$wrapper                          0x00000389   Thumb Code    18  memseta.o(.text)
    __scatterload                            0x0000039d   Thumb Code    28  init.o(.text)
    __scatterload_rt2                        0x0000039d   Thumb Code     0  init.o(.text)
    __decompress                             0x000003c1   Thumb Code     0  __dczerorl2.o(.text)
    __decompress1                            0x000003c1   Thumb Code    92  __dczerorl2.o(.text)
    ConfigureUART                            0x0000041d   Thumb Code    76  freertos_demo.o(i.ConfigureUART)
    GPIODirModeSet                           0x00000479   Thumb Code    40  gpio.o(i.GPIODirModeSet)
    GPIOIntClear                             0x000004a1   Thumb Code     6  gpio.o(i.GPIOIntClear)
    GPIOIntDisable                           0x000004a7   Thumb Code    14  gpio.o(i.GPIOIntDisable)
    GPIOIntEnable                            0x000004b5   Thumb Code    12  gpio.o(i.GPIOIntEnable)
    GPIOIntRegister                          0x000004c1   Thumb Code    26  gpio.o(i.GPIOIntRegister)
    GPIOIntStatus                            0x000004db   Thumb Code    14  gpio.o(i.GPIOIntStatus)
    GPIOIntTypeSet                           0x000004e9   Thumb Code    80  gpio.o(i.GPIOIntTypeSet)
    GPIOPadConfigSet                         0x00000539   Thumb Code   312  gpio.o(i.GPIOPadConfigSet)
    GPIOPinTypeGPIOInput                     0x00000671   Thumb Code    28  gpio.o(i.GPIOPinTypeGPIOInput)
    GPIOPinTypeGPIOOutput                    0x0000068d   Thumb Code    28  gpio.o(i.GPIOPinTypeGPIOOutput)
    GPIOPinWrite                             0x000006a9   Thumb Code     6  gpio.o(i.GPIOPinWrite)
    IntEnable                                0x000006b1   Thumb Code    92  interrupt.o(i.IntEnable)
    IntRegister                              0x00000715   Thumb Code    44  interrupt.o(i.IntRegister)
    Limit_Handler                            0x00000749   Thumb Code    88  freertos_demo.o(i.Limit_Handler)
    SysCtlPeripheralEnable                   0x000007b5   Thumb Code    36  sysctl.o(i.SysCtlPeripheralEnable)
    SysCtlPeripheralReady                    0x000007dd   Thumb Code    40  sysctl.o(i.SysCtlPeripheralReady)
    UARTClockSourceSet                       0x00000809   Thumb Code     6  uart.o(i.UARTClockSourceSet)
    UARTStdioConfig                          0x00000811   Thumb Code    82  uartstdio.o(i.UARTStdioConfig)
    UARTprintf                               0x0000086d   Thumb Code    18  uartstdio.o(i.UARTprintf)
    UARTvprintf                              0x00000881   Thumb Code   420  uartstdio.o(i.UARTvprintf)
    UARTwrite                                0x00000a35   Thumb Code    56  uartstdio.o(i.UARTwrite)
    Window_Handler                           0x00000a71   Thumb Code   110  freertos_demo.o(i.Window_Handler)
    __scatterload_copy                       0x00000b41   Thumb Code    14  handlers.o(i.__scatterload_copy)
    __scatterload_null                       0x00000b4f   Thumb Code     2  handlers.o(i.__scatterload_null)
    __scatterload_zeroinit                   0x00000b51   Thumb Code    14  handlers.o(i.__scatterload_zeroinit)
    autoDriverDownSM                         0x00000b5f   Thumb Code     2  statemachinesfunctions.o(i.autoDriverDownSM)
    autoDriverUpSM                           0x00000b61   Thumb Code     2  statemachinesfunctions.o(i.autoDriverUpSM)
    autoPassengerDownSM                      0x00000b63   Thumb Code     2  statemachinesfunctions.o(i.autoPassengerDownSM)
    autoPassengerUpSM                        0x00000b65   Thumb Code     2  statemachinesfunctions.o(i.autoPassengerUpSM)
    deadSM                                   0x00000b69   Thumb Code    26  statemachinesfunctions.o(i.deadSM)
    driverDownSM                             0x00000b89   Thumb Code   104  statemachinesfunctions.o(i.driverDownSM)
    driverNeutralSM                          0x00000c01   Thumb Code   106  statemachinesfunctions.o(i.driverNeutralSM)
    driverUpSM                               0x00000c7d   Thumb Code   142  statemachinesfunctions.o(i.driverUpSM)
    dyingSM                                  0x00000d1d   Thumb Code    22  statemachinesfunctions.o(i.dyingSM)
    emergencyDownSM                          0x00000d39   Thumb Code    46  statemachinesfunctions.o(i.emergencyDownSM)
    enable                                   0x00000d71   Thumb Code    10  output_ports.o(i.enable)
    fastStop                                 0x00000d81   Thumb Code    20  output_ports.o(i.fastStop)
    iniDriverDownSM                          0x00000d99   Thumb Code    30  statemachinesfunctions.o(i.iniDriverDownSM)
    iniDriverUpSM                            0x00000dbd   Thumb Code    30  statemachinesfunctions.o(i.iniDriverUpSM)
    iniPassengerDownSM                       0x00000de1   Thumb Code    22  statemachinesfunctions.o(i.iniPassengerDownSM)
    init_input                               0x00000dfd   Thumb Code   158  inputs.o(i.init_input)
    init_output                              0x00000eb1   Thumb Code    38  output_ports.o(i.init_output)
    main                                     0x00000ee1   Thumb Code   296  freertos_demo.o(i.main)
    manualDriverDownSM                       0x000010f5   Thumb Code    42  statemachinesfunctions.o(i.manualDriverDownSM)
    manualDriverUpSM                         0x00001129   Thumb Code    42  statemachinesfunctions.o(i.manualDriverUpSM)
    manualPassengerDownSM                    0x0000115d   Thumb Code    44  statemachinesfunctions.o(i.manualPassengerDownSM)
    manualPassengerUpSM                      0x00001191   Thumb Code    44  statemachinesfunctions.o(i.manualPassengerUpSM)
    passengerDownSM                          0x000011c5   Thumb Code    66  statemachinesfunctions.o(i.passengerDownSM)
    passengerNeutralSM                       0x00001215   Thumb Code    84  statemachinesfunctions.o(i.passengerNeutralSM)
    passengerUpSM                            0x00001275   Thumb Code    96  statemachinesfunctions.o(i.passengerUpSM)
    porta_int                                0x000012e5   Thumb Code    64  inputs.o(i.porta_int)
    portc_int                                0x00001325   Thumb Code    62  inputs.o(i.portc_int)
    pvPortMalloc                             0x00001525   Thumb Code   172  heap_2.o(i.pvPortMalloc)
    pvTaskIncrementMutexHeldCount            0x000015d9   Thumb Code    18  tasks.o(i.pvTaskIncrementMutexHeldCount)
    pxPortInitialiseStack                    0x000015f1   Thumb Code    36  port.o(i.pxPortInitialiseStack)
    safeSM                                   0x00001619   Thumb Code    48  statemachinesfunctions.o(i.safeSM)
    turnLeft                                 0x00001651   Thumb Code    20  output_ports.o(i.turnLeft)
    turnRight                                0x00001669   Thumb Code    20  output_ports.o(i.turnRight)
    uxListRemove                             0x00001681   Thumb Code    36  list.o(i.uxListRemove)
    vApplicationStackOverflowHook            0x000016a5   Thumb Code     2  freertos_demo.o(i.vApplicationStackOverflowHook)
    vFastStopHandlerTask                     0x000016a9   Thumb Code    36  taskhandlers.o(i.vFastStopHandlerTask)
    vListInitialise                          0x000016d1   Thumb Code    22  list.o(i.vListInitialise)
    vListInitialiseItem                      0x000016e7   Thumb Code     6  list.o(i.vListInitialiseItem)
    vListInsert                              0x000016ed   Thumb Code    48  list.o(i.vListInsert)
    vListInsertEnd                           0x0000171d   Thumb Code    24  list.o(i.vListInsertEnd)
    vMainHandlerTask                         0x00001735   Thumb Code    38  taskhandlers.o(i.vMainHandlerTask)
    vPortEnterCritical                       0x00001769   Thumb Code    24  port.o(i.vPortEnterCritical)
    vPortExitCritical                        0x00001785   Thumb Code    16  port.o(i.vPortExitCritical)
    vPortFree                                0x00001799   Thumb Code    56  heap_2.o(i.vPortFree)
    vPortSetupTimerInterrupt                 0x000017d5   Thumb Code    16  port.o(i.vPortSetupTimerInterrupt)
    vTaskMissedYield                         0x000017e5   Thumb Code     8  tasks.o(i.vTaskMissedYield)
    vTaskPlaceOnEventList                    0x000017f1   Thumb Code    70  tasks.o(i.vTaskPlaceOnEventList)
    vTaskPriorityInherit                     0x00001841   Thumb Code   124  tasks.o(i.vTaskPriorityInherit)
    vTaskSetTimeOutState                     0x000018c5   Thumb Code    12  tasks.o(i.vTaskSetTimeOutState)
    vTaskStartScheduler                      0x000018d5   Thumb Code    66  tasks.o(i.vTaskStartScheduler)
    vTaskSuspendAll                          0x00001929   Thumb Code    10  tasks.o(i.vTaskSuspendAll)
    vTaskSwitchContext                       0x00001939   Thumb Code   104  tasks.o(i.vTaskSwitchContext)
    vTurnLeftHandlerTask                     0x000019a9   Thumb Code    36  taskhandlers.o(i.vTurnLeftHandlerTask)
    vTurnRightHandlerTask                    0x000019d1   Thumb Code    36  taskhandlers.o(i.vTurnRightHandlerTask)
    xPortStartScheduler                      0x000019f9   Thumb Code    52  port.o(i.xPortStartScheduler)
    xPortSysTickHandler                      0x00001a39   Thumb Code    38  port.o(i.xPortSysTickHandler)
    xQueueGenericCreate                      0x00001a65   Thumb Code    72  queue.o(i.xQueueGenericCreate)
    xQueueGenericReceive                     0x00001aad   Thumb Code   296  queue.o(i.xQueueGenericReceive)
    xQueueGenericReset                       0x00001bd9   Thumb Code   106  queue.o(i.xQueueGenericReset)
    xQueueGenericSend                        0x00001c49   Thumb Code   252  queue.o(i.xQueueGenericSend)
    xQueueGenericSendFromISR                 0x00001d49   Thumb Code    96  queue.o(i.xQueueGenericSendFromISR)
    xTaskCheckForTimeOut                     0x00001da9   Thumb Code    66  tasks.o(i.xTaskCheckForTimeOut)
    xTaskGenericCreate                       0x00001df1   Thumb Code   376  tasks.o(i.xTaskGenericCreate)
    xTaskGetTickCountFromISR                 0x00001f79   Thumb Code     6  tasks.o(i.xTaskGetTickCountFromISR)
    xTaskIncrementTick                       0x00001f85   Thumb Code   172  tasks.o(i.xTaskIncrementTick)
    xTaskPriorityDisinherit                  0x00002039   Thumb Code   102  tasks.o(i.xTaskPriorityDisinherit)
    xTaskRemoveFromEventList                 0x000020a9   Thumb Code    88  tasks.o(i.xTaskRemoveFromEventList)
    xTaskResumeAll                           0x0000210d   Thumb Code   164  tasks.o(i.xTaskResumeAll)
    Region$$Table$$Base                      0x00002520   Number         0  anon$$obj.o(Region$$Table)
    Region$$Table$$Limit                     0x00002540   Number         0  anon$$obj.o(Region$$Table)
    xTurnRightSemaphore                      0x20000008   Data           4  freertos_demo.o(.data)
    xTurnLeftSemaphore                       0x2000000c   Data           4  freertos_demo.o(.data)
    xFastStopSemaphore                       0x20000010   Data           4  freertos_demo.o(.data)
    eventQueue                               0x20000014   Data           4  freertos_demo.o(.data)
    pxCurrentTCB                             0x20000034   Data           4  tasks.o(.data)
    stateDepth                               0x20000074   Data           4  statemachinesfunctions.o(.data)
    state                                    0x20000078   Data          24  statemachinesfunctions.o(.data)
    stateMachines                            0x2000066c   Data          88  freertos_demo.o(.bss)
    __initial_sp                             0x20007f98   Data           0  startup_rvmdk.o(STACK)



==============================================================================

Memory Map of the image

  Image Entry point : 0x0000026d

  Load Region LR_IROM (Base: 0x00000000, Size: 0x00002bac, Max: 0x00040000, ABSOLUTE, COMPRESSED[0x0000255c])

    Execution Region ER_IROM (Base: 0x00000000, Size: 0x00002540, Max: 0x00040000, ABSOLUTE)

    Base Addr    Size         Type   Attr      Idx    E Section Name        Object

    0x00000000   0x00000288   Code   RO          601  * RESET               startup_rvmdk.o
    0x00000288   0x00000000   Code   RO         2432  * .ARM.Collect$$$$00000000  mc_w.l(entry.o)
    0x00000288   0x00000004   Code   RO         2443    .ARM.Collect$$$$00000001  mc_w.l(entry2.o)
    0x0000028c   0x00000004   Code   RO         2446    .ARM.Collect$$$$00000004  mc_w.l(entry5.o)
    0x00000290   0x00000000   Code   RO         2448    .ARM.Collect$$$$00000008  mc_w.l(entry7b.o)
    0x00000290   0x00000000   Code   RO         2450    .ARM.Collect$$$$0000000A  mc_w.l(entry8b.o)
    0x00000290   0x00000008   Code   RO         2451    .ARM.Collect$$$$0000000B  mc_w.l(entry9a.o)
    0x00000298   0x00000000   Code   RO         2453    .ARM.Collect$$$$0000000D  mc_w.l(entry10a.o)
    0x00000298   0x00000000   Code   RO         2455    .ARM.Collect$$$$0000000F  mc_w.l(entry11a.o)
    0x00000298   0x00000004   Code   RO         2444    .ARM.Collect$$$$00002712  mc_w.l(entry2.o)
    0x0000029c   0x000000b6   Code   RO          284    .emb_text           port.o
    0x00000352   0x00000024   Code   RO         2435    .text               mc_w.l(memcpya.o)
    0x00000376   0x00000024   Code   RO         2437    .text               mc_w.l(memseta.o)
    0x0000039a   0x00000002   PAD
    0x0000039c   0x00000024   Code   RO         2460    .text               mc_w.l(init.o)
    0x000003c0   0x0000005c   Code   RO         2470    .text               mc_w.l(__dczerorl2.o)
    0x0000041c   0x0000005c   Code   RO            1    i.ConfigureUART     freertos_demo.o
    0x00000478   0x00000028   Code   RO         1337    i.GPIODirModeSet    driverlib.lib(gpio.o)
    0x000004a0   0x00000006   Code   RO         1338    i.GPIOIntClear      driverlib.lib(gpio.o)
    0x000004a6   0x0000000e   Code   RO         1339    i.GPIOIntDisable    driverlib.lib(gpio.o)
    0x000004b4   0x0000000c   Code   RO         1340    i.GPIOIntEnable     driverlib.lib(gpio.o)
    0x000004c0   0x0000001a   Code   RO         1341    i.GPIOIntRegister   driverlib.lib(gpio.o)
    0x000004da   0x0000000e   Code   RO         1343    i.GPIOIntStatus     driverlib.lib(gpio.o)
    0x000004e8   0x00000050   Code   RO         1345    i.GPIOIntTypeSet    driverlib.lib(gpio.o)
    0x00000538   0x00000138   Code   RO         1349    i.GPIOPadConfigSet  driverlib.lib(gpio.o)
    0x00000670   0x0000001c   Code   RO         1360    i.GPIOPinTypeGPIOInput  driverlib.lib(gpio.o)
    0x0000068c   0x0000001c   Code   RO         1361    i.GPIOPinTypeGPIOOutput  driverlib.lib(gpio.o)
    0x000006a8   0x00000006   Code   RO         1379    i.GPIOPinWrite      driverlib.lib(gpio.o)
    0x000006ae   0x00000002   PAD
    0x000006b0   0x00000064   Code   RO         2323    i.IntEnable         driverlib.lib(interrupt.o)
    0x00000714   0x00000034   Code   RO         2335    i.IntRegister       driverlib.lib(interrupt.o)
    0x00000748   0x0000006c   Code   RO            2    i.Limit_Handler     freertos_demo.o
    0x000007b4   0x00000028   Code   RO         1697    i.SysCtlPeripheralEnable  driverlib.lib(sysctl.o)
    0x000007dc   0x0000002c   Code   RO         1701    i.SysCtlPeripheralReady  driverlib.lib(sysctl.o)
    0x00000808   0x00000006   Code   RO         2029    i.UARTClockSourceSet  driverlib.lib(uart.o)
    0x0000080e   0x00000002   PAD
    0x00000810   0x0000005c   Code   RO          901    i.UARTStdioConfig   uartstdio.o
    0x0000086c   0x00000012   Code   RO          904    i.UARTprintf        uartstdio.o
    0x0000087e   0x00000002   PAD
    0x00000880   0x000001b4   Code   RO          905    i.UARTvprintf       uartstdio.o
    0x00000a34   0x0000003c   Code   RO          906    i.UARTwrite         uartstdio.o
    0x00000a70   0x00000080   Code   RO            5    i.Window_Handler    freertos_demo.o
    0x00000af0   0x00000050   Code   RO         1380    i._GPIOIntNumberGet  driverlib.lib(gpio.o)
    0x00000b40   0x0000000e   Code   RO         2464    i.__scatterload_copy  mc_w.l(handlers.o)
    0x00000b4e   0x00000002   Code   RO         2465    i.__scatterload_null  mc_w.l(handlers.o)
    0x00000b50   0x0000000e   Code   RO         2466    i.__scatterload_zeroinit  mc_w.l(handlers.o)
    0x00000b5e   0x00000002   Code   RO         1190    i.autoDriverDownSM  statemachinesfunctions.o
    0x00000b60   0x00000002   Code   RO         1191    i.autoDriverUpSM    statemachinesfunctions.o
    0x00000b62   0x00000002   Code   RO         1192    i.autoPassengerDownSM  statemachinesfunctions.o
    0x00000b64   0x00000002   Code   RO         1193    i.autoPassengerUpSM  statemachinesfunctions.o
    0x00000b66   0x00000002   PAD
    0x00000b68   0x00000020   Code   RO         1194    i.deadSM            statemachinesfunctions.o
    0x00000b88   0x00000078   Code   RO         1195    i.driverDownSM      statemachinesfunctions.o
    0x00000c00   0x0000007c   Code   RO         1196    i.driverNeutralSM   statemachinesfunctions.o
    0x00000c7c   0x000000a0   Code   RO         1197    i.driverUpSM        statemachinesfunctions.o
    0x00000d1c   0x0000001c   Code   RO         1198    i.dyingSM           statemachinesfunctions.o
    0x00000d38   0x00000038   Code   RO         1199    i.emergencyDownSM   statemachinesfunctions.o
    0x00000d70   0x00000010   Code   RO         1103    i.enable            output_ports.o
    0x00000d80   0x00000018   Code   RO         1104    i.fastStop          output_ports.o
    0x00000d98   0x00000024   Code   RO         1200    i.iniDriverDownSM   statemachinesfunctions.o
    0x00000dbc   0x00000024   Code   RO         1201    i.iniDriverUpSM     statemachinesfunctions.o
    0x00000de0   0x0000001c   Code   RO         1202    i.iniPassengerDownSM  statemachinesfunctions.o
    0x00000dfc   0x000000b4   Code   RO         1069    i.init_input        inputs.o
    0x00000eb0   0x00000030   Code   RO         1105    i.init_output       output_ports.o
    0x00000ee0   0x00000214   Code   RO            8    i.main              freertos_demo.o
    0x000010f4   0x00000034   Code   RO         1204    i.manualDriverDownSM  statemachinesfunctions.o
    0x00001128   0x00000034   Code   RO         1205    i.manualDriverUpSM  statemachinesfunctions.o
    0x0000115c   0x00000034   Code   RO         1206    i.manualPassengerDownSM  statemachinesfunctions.o
    0x00001190   0x00000034   Code   RO         1207    i.manualPassengerUpSM  statemachinesfunctions.o
    0x000011c4   0x00000050   Code   RO         1208    i.passengerDownSM   statemachinesfunctions.o
    0x00001214   0x00000060   Code   RO         1209    i.passengerNeutralSM  statemachinesfunctions.o
    0x00001274   0x00000070   Code   RO         1210    i.passengerUpSM     statemachinesfunctions.o
    0x000012e4   0x00000040   Code   RO         1070    i.porta_int         inputs.o
    0x00001324   0x00000044   Code   RO         1071    i.portc_int         inputs.o
    0x00001368   0x00000034   Code   RO          605    i.prvAddCurrentTaskToDelayedList  tasks.o
    0x0000139c   0x00000058   Code   RO          606    i.prvCheckTasksWaitingTermination  tasks.o
    0x000013f4   0x00000026   Code   RO          353    i.prvCopyDataFromQueue  queue.o
    0x0000141a   0x0000006e   Code   RO          354    i.prvCopyDataToQueue  queue.o
    0x00001488   0x00000006   Code   RO          607    i.prvIdleTask       tasks.o
    0x0000148e   0x00000002   PAD
    0x00001490   0x00000020   Code   RO          609    i.prvResetNextTaskUnblockTime  tasks.o
    0x000014b0   0x00000010   Code   RO          285    i.prvTaskExitError  port.o
    0x000014c0   0x00000064   Code   RO          355    i.prvUnlockQueue    queue.o
    0x00001524   0x000000b4   Code   RO          172    i.pvPortMalloc      heap_2.o
    0x000015d8   0x00000018   Code   RO          612    i.pvTaskIncrementMutexHeldCount  tasks.o
    0x000015f0   0x00000028   Code   RO          286    i.pxPortInitialiseStack  port.o
    0x00001618   0x00000038   Code   RO         1211    i.safeSM            statemachinesfunctions.o
    0x00001650   0x00000018   Code   RO         1106    i.turnLeft          output_ports.o
    0x00001668   0x00000018   Code   RO         1107    i.turnRight         output_ports.o
    0x00001680   0x00000024   Code   RO          248    i.uxListRemove      list.o
    0x000016a4   0x00000002   Code   RO            9    i.vApplicationStackOverflowHook  freertos_demo.o
    0x000016a6   0x00000002   PAD
    0x000016a8   0x00000028   Code   RO         1144    i.vFastStopHandlerTask  taskhandlers.o
    0x000016d0   0x00000016   Code   RO          249    i.vListInitialise   list.o
    0x000016e6   0x00000006   Code   RO          250    i.vListInitialiseItem  list.o
    0x000016ec   0x00000030   Code   RO          251    i.vListInsert       list.o
    0x0000171c   0x00000018   Code   RO          252    i.vListInsertEnd    list.o
    0x00001734   0x00000034   Code   RO         1145    i.vMainHandlerTask  taskhandlers.o
    0x00001768   0x0000001c   Code   RO          288    i.vPortEnterCritical  port.o
    0x00001784   0x00000014   Code   RO          289    i.vPortExitCritical  port.o
    0x00001798   0x0000003c   Code   RO          173    i.vPortFree         heap_2.o
    0x000017d4   0x00000010   Code   RO          290    i.vPortSetupTimerInterrupt  port.o
    0x000017e4   0x0000000c   Code   RO          625    i.vTaskMissedYield  tasks.o
    0x000017f0   0x00000050   Code   RO          627    i.vTaskPlaceOnEventList  tasks.o
    0x00001840   0x00000084   Code   RO          629    i.vTaskPriorityInherit  tasks.o
    0x000018c4   0x00000010   Code   RO          633    i.vTaskSetTimeOutState  tasks.o
    0x000018d4   0x00000054   Code   RO          634    i.vTaskStartScheduler  tasks.o
    0x00001928   0x00000010   Code   RO          636    i.vTaskSuspendAll   tasks.o
    0x00001938   0x00000070   Code   RO          637    i.vTaskSwitchContext  tasks.o
    0x000019a8   0x00000028   Code   RO         1146    i.vTurnLeftHandlerTask  taskhandlers.o
    0x000019d0   0x00000028   Code   RO         1147    i.vTurnRightHandlerTask  taskhandlers.o
    0x000019f8   0x00000040   Code   RO          291    i.xPortStartScheduler  port.o
    0x00001a38   0x0000002c   Code   RO          292    i.xPortSysTickHandler  port.o
    0x00001a64   0x00000048   Code   RO          366    i.xQueueGenericCreate  queue.o
    0x00001aac   0x0000012c   Code   RO          367    i.xQueueGenericReceive  queue.o
    0x00001bd8   0x00000070   Code   RO          368    i.xQueueGenericReset  queue.o
    0x00001c48   0x00000100   Code   RO          369    i.xQueueGenericSend  queue.o
    0x00001d48   0x00000060   Code   RO          370    i.xQueueGenericSendFromISR  queue.o
    0x00001da8   0x00000048   Code   RO          638    i.xTaskCheckForTimeOut  tasks.o
    0x00001df0   0x00000188   Code   RO          639    i.xTaskGenericCreate  tasks.o
    0x00001f78   0x0000000c   Code   RO          644    i.xTaskGetTickCountFromISR  tasks.o
    0x00001f84   0x000000b4   Code   RO          645    i.xTaskIncrementTick  tasks.o
    0x00002038   0x00000070   Code   RO          648    i.xTaskPriorityDisinherit  tasks.o
    0x000020a8   0x00000064   Code   RO          649    i.xTaskRemoveFromEventList  tasks.o
    0x0000210c   0x000000b0   Code   RO          651    i.xTaskResumeAll    tasks.o
    0x000021bc   0x0000001c   Data   RO          907    .constdata          uartstdio.o
    0x000021d8   0x00000228   Data   RO         1381    .constdata          driverlib.lib(gpio.o)
    0x00002400   0x0000010c   Data   RO         2339    .constdata          driverlib.lib(interrupt.o)
    0x0000250c   0x00000011   Data   RO          908    .conststring        uartstdio.o
    0x0000251d   0x00000003   PAD
    0x00002520   0x00000020   Data   RO         2462    Region$$Table       anon$$obj.o


    Execution Region RW_IRAM (Base: 0x20000000, Size: 0x00007f98, Max: 0x00008000, ABSOLUTE, COMPRESSED[0x0000001c])

    Base Addr    Size         Type   Attr      Idx    E Section Name        Object

    0x20000000   0x00000018   Data   RW           12    .data               freertos_demo.o
    0x20000018   0x00000018   Data   RW          177    .data               heap_2.o
    0x20000030   0x00000004   Data   RW          293    .data               port.o
    0x20000034   0x00000038   Data   RW          654    .data               tasks.o
    0x2000006c   0x00000008   Data   RW          909    .data               uartstdio.o
    0x20000074   0x0000001c   Data   RW         1212    .data               statemachinesfunctions.o
    0x20000090   0x00000370   PAD
    0x20000400   0x0000026c   Data   RW         2340    vtable              driverlib.lib(interrupt.o)
    0x2000066c   0x00000058   Zero   RW           10    .bss                freertos_demo.o
    0x200006c4   0x00007530   Zero   RW          176    .bss                heap_2.o
    0x20007bf4   0x000001a4   Zero   RW          653    .bss                tasks.o
    0x20007d98   0x00000200   Zero   RW          599    STACK               startup_rvmdk.o


==============================================================================

Image component sizes


      Code (inc. data)   RO Data    RW Data    ZI Data      Debug   Object Name

       862        290          0         24         88      25039   freertos_demo.o
       240         12          0         24      30000       4579   heap_2.o
       312         28          0          0          0       1605   inputs.o
       136          0          0          0          0       3346   list.o
       136         28          0          0          0       2581   output_ports.o
       410         46          0          4          0      15944   port.o
      1084         14          0          0          0      17073   queue.o
       648        622          0          0        512        240   startup_rvmdk.o
      1180        178          0         28          0      12615   statemachinesfunctions.o
       172         26          0          0          0       2033   taskhandlers.o
      1698        152          0         56        420      17357   tasks.o
       606         30         45          8          0       4624   uartstdio.o

    ----------------------------------------------------------------------
      7492       1426         80       1024      31020     107036   Object Totals
         0          0         32          0          0          0   (incl. Generated)
         8          0          3        880          0          0   (incl. Padding)

    ----------------------------------------------------------------------

      Code (inc. data)   RO Data    RW Data    ZI Data      Debug   Library Member Name

       646         18        552          0          0      10805   gpio.o
       152         16        268        620          0       2150   interrupt.o
        84          8          0          0          0       1021   sysctl.o
         6          0          0          0          0        497   uart.o
        92          0          0          0          0          0   __dczerorl2.o
         0          0          0          0          0          0   entry.o
         0          0          0          0          0          0   entry10a.o
         0          0          0          0          0          0   entry11a.o
         8          4          0          0          0          0   entry2.o
         4          0          0          0          0          0   entry5.o
         0          0          0          0          0          0   entry7b.o
         0          0          0          0          0          0   entry8b.o
         8          4          0          0          0          0   entry9a.o
        30          0          0          0          0          0   handlers.o
        36          8          0          0          0         68   init.o
        36          0          0          0          0         68   memcpya.o
        36          0          0          0          0        108   memseta.o

    ----------------------------------------------------------------------
      1144         58        820        620          0      14717   Library Totals
         6          0          0          0          0          0   (incl. Padding)

    ----------------------------------------------------------------------

      Code (inc. data)   RO Data    RW Data    ZI Data      Debug   Library Name

       888         42        820        620          0      14473   driverlib.lib
       250         16          0          0          0        244   mc_w.l

    ----------------------------------------------------------------------
      1144         58        820        620          0      14717   Library Totals

    ----------------------------------------------------------------------

==============================================================================


      Code (inc. data)   RO Data    RW Data    ZI Data      Debug   

      8636       1484        900       1644      31020     112301   Grand Totals
      8636       1484        900         28      31020     112301   ELF Image Totals (compressed)
      8636       1484        900         28          0          0   ROM Totals

==============================================================================

    Total RO  Size (Code + RO Data)                 9536 (   9.31kB)
    Total RW  Size (RW Data + ZI Data)             32664 (  31.90kB)
    Total ROM Size (Code + RO Data + RW Data)       9564 (   9.34kB)

==============================================================================

