<html>
<body>
<pre>
<h1>µVision Build Log</h1>
<h2>Project:</h2>
C:\ti\TivaWare_C_Series-2.1.4.178\examples\boards\ek-tm4c123gxl\Power-Window-Project\freertos_demo.uvproj
Project File Date:  05/18/2018

<h2>Output:</h2>
Build target 'freertos_demo'
compiling freertos_demo.c...
StateMachinesFunctions.h(24): warning:  #1-D: last line of file ends without a newline
  #endif
freertos_demo.c(312): warning:  #177-D: variable "s" was declared but never referenced
                        int32_t s;
freertos_demo.c(313): warning:  #177-D: variable "ss" was declared but never referenced
                        char ss[40];
freertos_demo.c: 3 warnings, 0 errors
linking...
Program Size: Code=3584 RO-data=900 RW-data=1644 ZI-data=932  
After Build - User command #1: fromelf --bin --output .\rvmdk\freertos_demo.bin .\rvmdk\freertos_demo.axf
".\rvmdk\freertos_demo.axf" - 0 Error(s), 3 Warning(s).
s declared but never referenced
                        int32_t s;
freertos_demo.c(298): warning:  #177-D: variable "ss" was declared but never referenced
                        char ss[40];
freertos_demo.c: 2 warnings, 5 errors
".\rvmdk\freertos_demo.axf" - 5 Error(s), 2 Warning(s).
Target not created
