<html>
<body>
<pre>
<h1>µVision Build Log</h1>
<h2>Project:</h2>
C:\ti\TivaWare_C_Series-2.1.4.178\examples\boards\ek-tm4c123gxl\Power-Window-Project\freertos_demo.uvproj
Project File Date:  05/19/2018

<h2>Output:</h2>
Build target 'freertos_demo'
compiling freertos_demo.c...
linking...
Program Size: Code=7544 RO-data=900 RW-data=1644 ZI-data=30932  
After Build - User command #1: fromelf --bin --output .\rvmdk\freertos_demo.bin .\rvmdk\freertos_demo.axf
".\rvmdk\freertos_demo.axf" - 0 Error(s), 0 Warning(s).
</pre>
</body>
</html>
in --output .\rvmdk\freertos_demo.bin .\rvmdk\freertos_demo.axf
".\rvmdk\freertos_demo.axf" - 0 Error(s), 1 Warning(s).
ned
                case PASSENGER_NEUTRAL:
freertos_demo.c(196): error:  #20: identifier "TIMER_TICK" is undefined
                case TIMER_TICK:
freertos_demo.c(199): error:  #20: identifier "PASSENGER_NEUTRAL" is undefined
                case PASSENGER_NEUTRAL:
freertos_demo.c(214): error:  #20: identifier "PASSENGER_NEUTRAL" is undefined
                case PASSENGER_NEUTRAL:
freertos_demo.c: 1 warning, 6 errors
".\rvmdk\freertos_demo.axf" - 6 Error(s), 1 Warning(s).
Target not created
