<html>
<body>
<pre>
<h1>µVision Build Log</h1>
<h2>Project:</h2>
C:\ti\TivaWare_C_Series-2.1.4.178\examples\boards\ek-tm4c123gxl\freertos_demo - Copy\freertos_demo.uvproj
Project File Date:  05/18/2018

<h2>Output:</h2>
Rebuild target 'freertos_demo'
compiling buttons.c...
compiling freertos_demo.c...
compiling heap_2.c...
compiling led_task.c...
compiling list.c...
compiling port.c...
compiling queue.c...
compiling rgb.c...
assembling startup_rvmdk.S...
compiling switch_task.c...
compiling tasks.c...
compiling uartstdio.c...
compiling ustdlib.c...
compiling inputs.c...
compiling output_ports.c...
linking...
Program Size: Code=5500 RO-data=900 RW-data=1644 ZI-data=30932  
After Build - User command #1: fromelf --bin --output .\rvmdk\freertos_demo.bin .\rvmdk\freertos_demo.axf
".\rvmdk\freertos_demo.axf" - 0 Error(s), 0 Warning(s).
Load "C:\\ti\\TivaWare_C_Series-2.1.4.178\\examples\\boards\\ek-tm4c123gxl\\freertos_demo - Copy\\rvmdk\\freertos_demo.axf" 
Connecting: Mode=JTAG, Speed=1000000Hz
Erase Done.
Programming Done.
Verify OK.
mdk\freertos_demo.axf
".\rvmdk\freertos_demo.axf" - 0 Error(s), 2 Warning(s).
Load "C:\\ti\\TivaWare_C_Series-2.1.4.178\\examples\\boards\\ek-tm4c123gxl\\freertos_demo - Copy\\rvmdk\\freertos_demo.axf" 
Connecting: Mode=JTAG, Speed=1000000Hz
Erase Done.
Programming Done.
Verify OK.
.\rvmdk\freertos_demo.axf" - 3 Error(s), 2 Warning(s).
Target not created
ated
            char ss[40];
freertos_demo.c: 2 warnings, 6 errors
compiling heap_2.c...
compiling led_task.c...
compiling list.c...
compiling port.c...
compiling queue.c...
compiling rgb.c...
assembling startup_rvmdk.S...
compiling switch_task.c...
compiling tasks.c...
compiling uartstdio.c...
compiling ustdlib.c...
compiling inputs.c...
compiling output_ports.c...
".\rvmdk\freertos_demo.axf" - 6 Error(s), 2 Warning(s).
Target not created
