<html>
<body>
<pre>
<h1>µVision Build Log</h1>
<h2>Project:</h2>
C:\ti\TivaWare_C_Series-2.1.4.178\examples\boards\ek-tm4c123gxl\freertos_demo - Copy\freertos_demo.uvproj
Project File Date:  05/18/2018

<h2>Output:</h2>
Rebuild target 'freertos_demo'
compiling buttons.c...
compiling freertos_demo.c...
freertos_demo.c(276): warning:  #177-D: variable "s" was declared but never referenced
                        int32_t s;
freertos_demo.c(277): warning:  #177-D: variable "ss" was declared but never referenced
                        char ss[40];
freertos_demo.c: 2 warnings, 0 errors
compiling heap_2.c...
compiling led_task.c...
compiling list.c...
compiling port.c...
compiling queue.c...
compiling rgb.c...
assembling startup_rvmdk.S...
compiling switch_task.c...
compiling tasks.c...
compiling uartstdio.c...
compiling ustdlib.c...
compiling inputs.c...
compiling output_ports.c...
linking...
Program Size: Code=3584 RO-data=900 RW-data=1644 ZI-data=932  
After Build - User command #1: fromelf --bin --output .\rvmdk\freertos_demo.bin .\rvmdk\freertos_demo.axf
".\rvmdk\freertos_demo.axf" - 0 Error(s), 2 Warning(s).
</pre>
</body>
</html>
eries-2.1.4.178\\examples\\boards\\ek-tm4c123gxl\\freertos_demo - Copy\\rvmdk\\freertos_demo.axf" 
Connecting: Mode=JTAG, Speed=1000000Hz
Erase Done.
Programming Done.
Verify OK.
c(14): error:  #137: expression must be a modifiable lvalue
      HWREG(BUTTONS_GPIO_BASE + GPIO_O_LOCK) = 0;
inputs.c: 1 warning, 6 errors
compiling output_ports.c...
".\rvmdk\freertos_demo.axf" - 6 Error(s), 1 Warning(s).
Target not created
