<html>
<body>
<pre>
<h1>µVision Build Log</h1>
<h2>Project:</h2>
C:\ti\TivaWare_C_Series-2.1.4.178\examples\boards\ek-tm4c123gxl\Power-Window-Project\freertos_demo.uvproj
Project File Date:  05/18/2018

<h2>Output:</h2>
Rebuild target 'freertos_demo'
compiling freertos_demo.c...
compiling heap_2.c...
compiling led_task.c...
compiling list.c...
compiling port.c...
compiling queue.c...
compiling rgb.c...
assembling startup_rvmdk.S...
compiling tasks.c...
compiling uartstdio.c...
compiling ustdlib.c...
compiling inputs.c...
compiling output_ports.c...
linking...
Program Size: Code=5532 RO-data=900 RW-data=1644 ZI-data=30932  
After Build - User command #1: fromelf --bin --output .\rvmdk\freertos_demo.bin .\rvmdk\freertos_demo.axf
".\rvmdk\freertos_demo.axf" - 0 Error(s), 0 Warning(s).
ning:  #12-D: parsing restarts here after previous syntax error
  xSemaphoreHandle g_pUARTSemaphore;
freertos_demo.c: 1 warning, 5 errors
compiling heap_2.c...
compiling led_task.c...
compiling list.c...
compiling port.c...
compiling queue.c...
compiling rgb.c...
assembling startup_rvmdk.S...
compiling tasks.c...
compiling uartstdio.c...
compiling ustdlib.c...
compiling inputs.c...
compiling output_ports.c...
".\rvmdk\freertos_demo.axf" - 5 Error(s), 1 Warning(s).
Target not created
b.c...
assembling startup_rvmdk.S...
compiling tasks.c...
compiling uartstdio.c...
compiling ustdlib.c...
compiling inputs.c...
compiling output_ports.c...
".\rvmdk\freertos_demo.axf" - 5 Error(s), 3 Warning(s).
Target not created
_rvmdk.S...
compiling tasks.c...
compiling uartstdio.c...
compiling ustdlib.c...
compiling inputs.c...
compiling output_ports.c...
".\rvmdk\freertos_demo.axf" - 7 Error(s), 3 Warning(s).
Target not created
