<html>
<body>
<pre>
<h1>µVision Build Log</h1>
<h2>Project:</h2>
C:\ti\TivaWare_C_Series-2.1.4.178\examples\boards\ek-tm4c123gxl\Power-Window-Project\freertos_demo.uvproj
Project File Date:  05/18/2018

<h2>Output:</h2>
Build target 'freertos_demo'
linking...
Program Size: Code=3584 RO-data=900 RW-data=1644 ZI-data=932  
After Build - User command #1: fromelf --bin --output .\rvmdk\freertos_demo.bin .\rvmdk\freertos_demo.axf
".\rvmdk\freertos_demo.axf" - 0 Error(s), 0 Warning(s).
</pre>
</body>
</html>
inished: 1 information, 0 warning and 2 error messages.
".\rvmdk\freertos_demo.axf" - 2 Error(s), 0 Warning(s).
Target not created
k\freertos_demo.axf" - 1 Error(s), 1 Warning(s).
Target not created
      char ss[40];
freertos_demo.c: 2 warnings, 0 errors
compiling heap_2.c...
compiling led_task.c...
compiling list.c...
compiling port.c...
compiling queue.c...
compiling rgb.c...
assembling startup_rvmdk.S...
compiling switch_task.c...
compiling tasks.c...
compiling uartstdio.c...
compiling ustdlib.c...
compiling inputs.c...
compiling output_ports.c...
".\rvmdk\freertos_demo.axf" - 1 Error(s), 2 Warning(s).
Target not created
