<html>
<body>
<pre>
<h1>µVision Build Log</h1>
<h2>Project:</h2>
C:\ti\TivaWare_C_Series-2.1.4.178\examples\boards\ek-tm4c123gxl\Power-Window-Project\freertos_demo.uvproj
Project File Date:  05/31/2018

<h2>Output:</h2>
Rebuild target 'freertos_demo'
compiling freertos_demo.c...
compiling heap_2.c...
compiling led_task.c...
compiling list.c...
compiling port.c...
compiling queue.c...
compiling rgb.c...
assembling startup_rvmdk.S...
compiling tasks.c...
compiling uartstdio.c...
compiling ustdlib.c...
compiling inputs.c...
compiling output_ports.c...
compiling TaskHandlers.c...
compiling StateMachinesFunctions.c...
compiling Delay.c...
compiling lcd.c...
compiling LCD_State.c...
compiling Timers.c...
linking...
Program Size: Code=10772 RO-data=1060 RW-data=1644 ZI-data=31020  
After Build - User command #1: fromelf --bin --output .\rvmdk\freertos_demo.bin .\rvmdk\freertos_demo.axf
".\rvmdk\freertos_demo.axf" - 0 Error(s), 0 Warning(s).
 warnings, 2 errors
compiling Delay.c...
compiling lcd.c...
compiling LCD_State.c...
compiling Timers.c...
".\rvmdk\freertos_demo.axf" - 2 Error(s), 0 Warning(s).
Target not created
