<html>
<body>
<pre>
<h1>µVision Build Log</h1>
<h2>Project:</h2>
C:\ti\TivaWare_C_Series-2.1.4.178\examples\boards\ek-tm4c123gxl\Power-Window-Project\freertos_demo.uvproj
Project File Date:  05/19/2018

<h2>Output:</h2>
Build target 'freertos_demo'
compiling freertos_demo.c...
linking...
Program Size: Code=7544 RO-data=900 RW-data=1644 ZI-data=30932  
After Build - User command #1: fromelf --bin --output .\rvmdk\freertos_demo.bin .\rvmdk\freertos_demo.axf
".\rvmdk\freertos_demo.axf" - 0 Error(s), 0 Warning(s).
</pre>
</body>
</html>
    xSemaphoreGiveFromISR( xTurnRightSemaphore);
freertos_demo.c(112): error:  #54-D: too few arguments in invocation of macro "xSemaphoreGiveFromISR"
                                xSemaphoreGiveFromISR( xTurnLeftSemaphore);
freertos_demo.c(112): error:  #29: expected an expression
                                xSemaphoreGiveFromISR( xTurnLeftSemaphore);
freertos_demo.c(131): error:  #54-D: too few arguments in invocation of macro "xSemaphoreGiveFromISR"
                                xSemaphoreGiveFromISR(xFastStopSemaphore);
freertos_demo.c(131): error:  #29: expected an expression
                                xSemaphoreGiveFromISR(xFastStopSemaphore);
freertos_demo.c(166): error:  #54-D: too few arguments in invocation of macro "xSemaphoreGiveFromISR"
                                xSemaphoreGiveFromISR(xFastStopSemaphore);
freertos_demo.c(166): error:  #29: expected an expression
                                xSemaphoreGiveFromISR(xFastStopSemaphore);
freertos_demo.c(185): error:  #54-D: too few arguments in invocation of macro "xSemaphoreGiveFromISR"
                                xSemaphoreGiveFromISR(xFastStopSemaphore);
freertos_demo.c(185): error:  #29: expected an expression
                                xSemaphoreGiveFromISR(xFastStopSemaphore);
freertos_demo.c(218): error:  #54-D: too few arguments in invocation of macro "xSemaphoreGiveFromISR"
                                xSemaphoreGiveFromISR(xFastStopSemaphore);
freertos_demo.c(218): error:  #29: expected an expression
                                xSemaphoreGiveFromISR(xFastStopSemaphore);
freertos_demo.c: 0 warnings, 12 errors
".\rvmdk\freertos_demo.axf" - 12 Error(s), 0 Warning(s).
Target not created
                     xSemaphoreGiveFromISR(xFastStopSemaphore);
freertos_demo.c(183): error:  #20: identifier "xFastStopSemaphore" is undefined
                                xSemaphoreGiveFromISR(xFastStopSemaphore);
freertos_demo.c(183): error:  #29: expected an expression
                                xSemaphoreGiveFromISR(xFastStopSemaphore);
freertos_demo.c(216): error:  #54-D: too few arguments in invocation of macro "xSemaphoreGiveFromISR"
                                xSemaphoreGiveFromISR(xFastStopSemaphore);
freertos_demo.c(216): error:  #20: identifier "xFastStopSemaphore" is undefined
                                xSemaphoreGiveFromISR(xFastStopSemaphore);
freertos_demo.c(216): error:  #29: expected an expression
                                xSemaphoreGiveFromISR(xFastStopSemaphore);
freertos_demo.c: 0 warnings, 18 errors
".\rvmdk\freertos_demo.axf" - 18 Error(s), 0 Warning(s).
Target not created
