ARM Linker, 5.03 [Build 76] [MDK-ARM Lite]

==============================================================================

Section Cross References

    freertos_demo.o(i.ConfigureUART) refers to uart.o(i.UARTClockSourceSet) for UARTClockSourceSet
    freertos_demo.o(i.ConfigureUART) refers to uartstdio.o(i.UARTStdioConfig) for UARTStdioConfig
    freertos_demo.o(i.Limit_Handler) refers to tasks.o(i.xTaskGetTickCountFromISR) for xTaskGetTickCountFromISR
    freertos_demo.o(i.Limit_Handler) refers to uartstdio.o(i.UARTprintf) for UARTprintf
    freertos_demo.o(i.Limit_Handler) refers to gpio.o(i.GPIOIntStatus) for GPIOIntStatus
    freertos_demo.o(i.Limit_Handler) refers to queue.o(i.xQueueGenericSendFromISR) for xQueueGenericSendFromISR
    freertos_demo.o(i.Limit_Handler) refers to gpio.o(i.GPIOIntClear) for GPIOIntClear
    freertos_demo.o(i.Limit_Handler) refers to freertos_demo.o(.data) for .data
    freertos_demo.o(i.Window_Down) refers to output_ports.o(i.turnLeft) for turnLeft
    freertos_demo.o(i.Window_Handler) refers to tasks.o(i.xTaskGetTickCountFromISR) for xTaskGetTickCountFromISR
    freertos_demo.o(i.Window_Handler) refers to uartstdio.o(i.UARTprintf) for UARTprintf
    freertos_demo.o(i.Window_Handler) refers to gpio.o(i.GPIOIntStatus) for GPIOIntStatus
    freertos_demo.o(i.Window_Handler) refers to gpio.o(i.GPIOPinRead) for GPIOPinRead
    freertos_demo.o(i.Window_Handler) refers to queue.o(i.xQueueGenericSendFromISR) for xQueueGenericSendFromISR
    freertos_demo.o(i.Window_Handler) refers to gpio.o(i.GPIOIntClear) for GPIOIntClear
    freertos_demo.o(i.Window_Handler) refers to freertos_demo.o(.data) for .data
    freertos_demo.o(i.Window_Stop) refers to output_ports.o(i.fastStop) for fastStop
    freertos_demo.o(i.Window_Up) refers to output_ports.o(i.turnRight) for turnRight
    freertos_demo.o(i.autoTimerHandler) refers to uartstdio.o(i.UARTprintf) for UARTprintf
    freertos_demo.o(i.autoTimerHandler) refers to queue.o(i.xQueueGenericSendFromISR) for xQueueGenericSendFromISR
    freertos_demo.o(i.autoTimerHandler) refers to freertos_demo.o(.data) for .data
    freertos_demo.o(i.main) refers to queue.o(i.xQueueGenericCreate) for xQueueGenericCreate
    freertos_demo.o(i.main) refers to queue.o(i.xQueueGenericSend) for xQueueGenericSend
    freertos_demo.o(i.main) refers to tasks.o(i.xTaskGenericCreate) for xTaskGenericCreate
    freertos_demo.o(i.main) refers to freertos_demo.o(i.ConfigureUART) for ConfigureUART
    freertos_demo.o(i.main) refers to timers.o(i.configureAutoTimer) for configureAutoTimer
    freertos_demo.o(i.main) refers to uartstdio.o(i.UARTprintf) for UARTprintf
    freertos_demo.o(i.main) refers to inputs.o(i.init_input) for init_input
    freertos_demo.o(i.main) refers to output_ports.o(i.init_output) for init_output
    freertos_demo.o(i.main) refers to inputs.o(i.porta_int) for porta_int
    freertos_demo.o(i.main) refers to inputs.o(i.portc_int) for portc_int
    freertos_demo.o(i.main) refers to tasks.o(i.vTaskStartScheduler) for vTaskStartScheduler
    freertos_demo.o(i.main) refers to statemachinesfunctions.o(i.safeSM) for safeSM
    freertos_demo.o(i.main) refers to freertos_demo.o(.bss) for .bss
    freertos_demo.o(i.main) refers to statemachinesfunctions.o(i.driverNeutralSM) for driverNeutralSM
    freertos_demo.o(i.main) refers to statemachinesfunctions.o(i.passengerDownSM) for passengerDownSM
    freertos_demo.o(i.main) refers to statemachinesfunctions.o(i.passengerUpSM) for passengerUpSM
    freertos_demo.o(i.main) refers to statemachinesfunctions.o(i.driverDownSM) for driverDownSM
    freertos_demo.o(i.main) refers to statemachinesfunctions.o(i.driverUpSM) for driverUpSM
    freertos_demo.o(i.main) refers to statemachinesfunctions.o(i.passengerNeutralSM) for passengerNeutralSM
    freertos_demo.o(i.main) refers to statemachinesfunctions.o(i.iniPassengerDownSM) for iniPassengerDownSM
    freertos_demo.o(i.main) refers to statemachinesfunctions.o(i.manualPassengerDownSM) for manualPassengerDownSM
    freertos_demo.o(i.main) refers to statemachinesfunctions.o(i.manualPassengerUpSM) for manualPassengerUpSM
    freertos_demo.o(i.main) refers to statemachinesfunctions.o(i.iniDriverDownSM) for iniDriverDownSM
    freertos_demo.o(i.main) refers to statemachinesfunctions.o(i.manualDriverDownSM) for manualDriverDownSM
    freertos_demo.o(i.main) refers to statemachinesfunctions.o(i.iniDriverUpSM) for iniDriverUpSM
    freertos_demo.o(i.main) refers to statemachinesfunctions.o(i.manualDriverUpSM) for manualDriverUpSM
    freertos_demo.o(i.main) refers to statemachinesfunctions.o(i.emergencyDownSM) for emergencyDownSM
    freertos_demo.o(i.main) refers to statemachinesfunctions.o(i.autoDriverUpSM) for autoDriverUpSM
    freertos_demo.o(i.main) refers to statemachinesfunctions.o(i.autoDriverDownSM) for autoDriverDownSM
    freertos_demo.o(i.main) refers to statemachinesfunctions.o(i.autoPassengerUpSM) for autoPassengerUpSM
[...]
    statemachinesfunctions.o(i.iniDriverUpSM) refers to statemachinesfunctions.o(.data) for .data
    statemachinesfunctions.o(i.iniPassengerDownSM) refers to lcd_state.o(i.displayString) for displayString
    statemachinesfunctions.o(i.iniPassengerDownSM) refers to statemachinesfunctions.o(.data) for .data
    statemachinesfunctions.o(i.iniPassengerUpSM) refers to lcd_state.o(i.displayString) for displayString
    statemachinesfunctions.o(i.iniPassengerUpSM) refers to statemachinesfunctions.o(.data) for .data
    statemachinesfunctions.o(i.manualDriverDownSM) refers to queue.o(i.xQueueGenericSend) for xQueueGenericSend
    statemachinesfunctions.o(i.manualDriverDownSM) refers to lcd_state.o(i.displayString) for displayString
    statemachinesfunctions.o(i.manualDriverDownSM) refers to freertos_demo.o(.data) for xFastStopSemaphore
    statemachinesfunctions.o(i.manualDriverDownSM) refers to statemachinesfunctions.o(.data) for .data
    statemachinesfunctions.o(i.manualDriverUpSM) refers to queue.o(i.xQueueGenericSend) for xQueueGenericSend
    statemachinesfunctions.o(i.manualDriverUpSM) refers to lcd_state.o(i.displayString) for displayString
    statemachinesfunctions.o(i.manualDriverUpSM) refers to freertos_demo.o(.data) for xFastStopSemaphore
    statemachinesfunctions.o(i.manualDriverUpSM) refers to statemachinesfunctions.o(.data) for .data
    statemachinesfunctions.o(i.manualPassengerDownSM) refers to queue.o(i.xQueueGenericSend) for xQueueGenericSend
    statemachinesfunctions.o(i.manualPassengerDownSM) refers to lcd_state.o(i.displayString) for displayString
    statemachinesfunctions.o(i.manualPassengerDownSM) refers to freertos_demo.o(.data) for xFastStopSemaphore
    statemachinesfunctions.o(i.manualPassengerDownSM) refers to statemachinesfunctions.o(.data) for .data
    statemachinesfunctions.o(i.manualPassengerUpSM) refers to queue.o(i.xQueueGenericSend) for xQueueGenericSend
    statemachinesfunctions.o(i.manualPassengerUpSM) refers to lcd_state.o(i.displayString) for displayString
    statemachinesfunctions.o(i.manualPassengerUpSM) refers to freertos_demo.o(.data) for xFastStopSemaphore
    statemachinesfunctions.o(i.manualPassengerUpSM) refers to statemachinesfunctions.o(.data) for .data
    statemachinesfunctions.o(i.passengerDownSM) refers to queue.o(i.xQueueGenericSend) for xQueueGenericSend
    statemachinesfunctions.o(i.passengerDownSM) refers to lcd_state.o(i.displayString) for displayString
    statemachinesfunctions.o(i.passengerDownSM) refers to statemachinesfunctions.o(.data) for .data
    statemachinesfunctions.o(i.passengerDownSM) refers to freertos_demo.o(.bss) for stateMachines
    statemachinesfunctions.o(i.passengerDownSM) refers to freertos_demo.o(.data) for xFastStopSemaphore
    statemachinesfunctions.o(i.passengerNeutralSM) refers to queue.o(i.xQueueGenericSend) for xQueueGenericSend
    statemachinesfunctions.o(i.passengerNeutralSM) refers to lcd_state.o(i.displayString) for displayString
    statemachinesfunctions.o(i.passengerNeutralSM) refers to timers.o(i.enableAutoTimer) for enableAutoTimer
    statemachinesfunctions.o(i.passengerNeutralSM) refers to statemachinesfunctions.o(.data) for .data
    statemachinesfunctions.o(i.passengerNeutralSM) refers to freertos_demo.o(.data) for xTurnLeftSemaphore
    statemachinesfunctions.o(i.passengerUpSM) refers to queue.o(i.xQueueGenericSend) for xQueueGenericSend
    statemachinesfunctions.o(i.passengerUpSM) refers to lcd_state.o(i.displayString) for displayString
    statemachinesfunctions.o(i.passengerUpSM) refers to statemachinesfunctions.o(.data) for .data
    statemachinesfunctions.o(i.passengerUpSM) refers to freertos_demo.o(.bss) for stateMachines
    statemachinesfunctions.o(i.passengerUpSM) refers to freertos_demo.o(.data) for xFastStopSemaphore
    statemachinesfunctions.o(i.safeSM) refers to lcd_state.o(i.displayString) for displayString
    statemachinesfunctions.o(i.safeSM) refers to statemachinesfunctions.o(.data) for .data
    statemachinesfunctions.o(i.safeSM) refers to freertos_demo.o(.bss) for stateMachines
    lcd.o(i.LCD_command) refers to lcd.o(i.LCD_nibble_write) for LCD_nibble_write
    lcd.o(i.LCD_command) refers to delay.o(i.delayMs) for delayMs
    lcd.o(i.LCD_command) refers to delay.o(i.delayUs) for delayUs
    lcd.o(i.LCD_data) refers to lcd.o(i.LCD_nibble_write) for LCD_nibble_write
    lcd.o(i.LCD_data) refers to delay.o(i.delayUs) for delayUs
    lcd.o(i.LCD_init) refers to delay.o(i.delayMs) for delayMs
    lcd.o(i.LCD_init) refers to lcd.o(i.LCD_nibble_write) for LCD_nibble_write
    lcd.o(i.LCD_init) refers to delay.o(i.delayUs) for delayUs
    lcd.o(i.LCD_init) refers to lcd.o(i.LCD_command) for LCD_command
    lcd.o(i.LCD_nibble_write) refers to gpio.o(i.GPIOPinWrite) for GPIOPinWrite
    lcd.o(i.LCD_nibble_write) refers to delay.o(i.delayUs) for delayUs
    lcd_state.o(i.clear) refers to lcd.o(i.LCD_command) for LCD_command
    lcd_state.o(i.clear) refers to delay.o(i.delayMs) for delayMs
    lcd_state.o(i.displayString) refers to lcd_state.o(i.clear) for clear
    lcd_state.o(i.displayString) refers to strlen.o(.text) for strlen
    lcd_state.o(i.displayString) refers to delay.o(i.delayMs) for delayMs
    lcd_state.o(i.displayString) refers to lcd.o(i.LCD_command) for LCD_command
    lcd_state.o(i.displayString) refers to lcd.o(i.LCD_data) for LCD_data
    lcd_state.o(i.init_LCD_output) refers to sysctl.o(i.SysCtlPeripheralReady) for SysCtlPeripheralReady
    lcd_state.o(i.init_LCD_output) refers to gpio.o(i.GPIOPinTypeGPIOOutput) for GPIOPinTypeGPIOOutput
    timers.o(i.configureAutoTimer) refers to timer.o(i.TimerIntRegister) for TimerIntRegister
    gpio.o(i.GPIOIntRegister) refers to gpio.o(i._GPIOIntNumberGet) for _GPIOIntNumberGet
    gpio.o(i.GPIOIntRegister) refers to interrupt.o(i.IntRegister) for IntRegister
    gpio.o(i.GPIOIntRegister) refers to interrupt.o(i.IntEnable) for IntEnable
    gpio.o(i.GPIOIntRegisterPin) refers to gpio.o(i._GPIOIntNumberGet) for _GPIOIntNumberGet
    gpio.o(i.GPIOIntRegisterPin) refers to interrupt.o(i.IntRegister) for IntRegister
    gpio.o(i.GPIOIntRegisterPin) refers to interrupt.o(i.IntEnable) for IntEnable
    gpio.o(i.GPIOIntUnregister) refers to gpio.o(i._GPIOIntNumberGet) for _GPIOIntNumberGet
    gpio.o(i.GPIOIntUnregister) refers to interrupt.o(i.IntDisable) for IntDisable
    gpio.o(i.GPIOIntUnregister) refers to interrupt.o(i.IntUnregister) for IntUnregister
    gpio.o(i.GPIOIntUnregisterPin) refers to gpio.o(i._GPIOIntNumberGet) for _GPIOIntNumberGet
    gpio.o(i.GPIOIntUnregisterPin) refers to interrupt.o(i.IntDisable) for IntDisable
    gpio.o(i.GPIOIntUnregisterPin) refers to interrupt.o(i.IntUnregister) for IntUnregister
    gpio.o(i.GPIOPinConfigure) refers to gpio.o(.constdata) for .constdata
    gpio.o(i.GPIOPinTypeADC) refers to gpio.o(i.GPIODirModeSet) for GPIODirModeSet
    gpio.o(i.GPIOPinTypeADC) refers to gpio.o(i.GPIOPadConfigSet) for GPIOPadConfigSet
    gpio.o(i.GPIOPinTypeCAN) refers to gpio.o(i.GPIODirModeSet) for GPIODirModeSet
    gpio.o(i.GPIOPinTypeCAN) refers to gpio.o(i.GPIOPadConfigSet) for GPIOPadConfigSet
    gpio.o(i.GPIOPinTypeComparator) refers to gpio.o(i.GPIODirModeSet) for GPIODirModeSet
    gpio.o(i.GPIOPinTypeComparator) refers to gpio.o(i.GPIOPadConfigSet) for GPIOPadConfigSet
    gpio.o(i.GPIOPinTypeComparatorOutput) refers to gpio.o(i.GPIODirModeSet) for GPIODirModeSet
    gpio.o(i.GPIOPinTypeComparatorOutput) refers to gpio.o(i.GPIOPadConfigSet) for GPIOPadConfigSet
    gpio.o(i.GPIOPinTypeDIVSCLK) refers to gpio.o(i.GPIODirModeSet) for GPIODirModeSet
    gpio.o(i.GPIOPinTypeDIVSCLK) refers to gpio.o(i.GPIOPadConfigSet) for GPIOPadConfigSet
    gpio.o(i.GPIOPinTypeEPI) refers to gpio.o(i.GPIODirModeSet) for GPIODirModeSet
    gpio.o(i.GPIOPinTypeEPI) refers to gpio.o(i.GPIOPadConfigSet) for GPIOPadConfigSet
    gpio.o(i.GPIOPinTypeEthernetLED) refers to gpio.o(i.GPIODirModeSet) for GPIODirModeSet
    gpio.o(i.GPIOPinTypeEthernetLED) refers to gpio.o(i.GPIOPadConfigSet) for GPIOPadConfigSet
    gpio.o(i.GPIOPinTypeEthernetMII) refers to gpio.o(i.GPIODirModeSet) for GPIODirModeSet
    gpio.o(i.GPIOPinTypeEthernetMII) refers to gpio.o(i.GPIOPadConfigSet) for GPIOPadConfigSet
    gpio.o(i.GPIOPinTypeGPIOInput) refers to gpio.o(i.GPIODirModeSet) for GPIODirModeSet
    gpio.o(i.GPIOPinTypeGPIOInput) refers to gpio.o(i.GPIOPadConfigSet) for GPIOPadConfigSet
    gpio.o(i.GPIOPinTypeGPIOOutput) refers to gpio.o(i.GPIOPadConfigSet) for GPIOPadConfigSet
    gpio.o(i.GPIOPinTypeGPIOOutput) refers to gpio.o(i.GPIODirModeSet) for GPIODirModeSet
    gpio.o(i.GPIOPinTypeGPIOOutputOD) refers to gpio.o(i.GPIOPadConfigSet) for GPIOPadConfigSet
    gpio.o(i.GPIOPinTypeGPIOOutputOD) refers to gpio.o(i.GPIODirModeSet) for GPIODirModeSet
    gpio.o(i.GPIOPinTypeHibernateRTCCLK) refers to gpio.o(i.GPIODirModeSet) for GPIODirModeSet
    gpio.o(i.GPIOPinTypeHibernateRTCCLK) refers to gpio.o(i.GPIOPadConfigSet) for GPIOPadConfigSet
    gpio.o(i.GPIOPinTypeI2C) refers to gpio.o(i.GPIODirModeSet) for GPIODirModeSet
    gpio.o(i.GPIOPinTypeI2C) refers to gpio.o(i.GPIOPadConfigSet) for GPIOPadConfigSet
    gpio.o(i.GPIOPinTypeI2CSCL) refers to gpio.o(i.GPIODirModeSet) for GPIODirModeSet
    gpio.o(i.GPIOPinTypeI2CSCL) refers to gpio.o(i.GPIOPadConfigSet) for GPIOPadConfigSet
    gpio.o(i.GPIOPinTypeLCD) refers to gpio.o(i.GPIODirModeSet) for GPIODirModeSet
    gpio.o(i.GPIOPinTypeLCD) refers to gpio.o(i.GPIOPadConfigSet) for GPIOPadConfigSet
    gpio.o(i.GPIOPinTypeOneWire) refers to gpio.o(i.GPIODirModeSet) for GPIODirModeSet
    gpio.o(i.GPIOPinTypeOneWire) refers to gpio.o(i.GPIOPadConfigSet) for GPIOPadConfigSet
    gpio.o(i.GPIOPinTypePWM) refers to gpio.o(i.GPIODirModeSet) for GPIODirModeSet
    gpio.o(i.GPIOPinTypePWM) refers to gpio.o(i.GPIOPadConfigSet) for GPIOPadConfigSet
    gpio.o(i.GPIOPinTypeQEI) refers to gpio.o(i.GPIODirModeSet) for GPIODirModeSet
    gpio.o(i.GPIOPinTypeQEI) refers to gpio.o(i.GPIOPadConfigSet) for GPIOPadConfigSet
    gpio.o(i.GPIOPinTypeSSI) refers to gpio.o(i.GPIODirModeSet) for GPIODirModeSet
    gpio.o(i.GPIOPinTypeSSI) refers to gpio.o(i.GPIOPadConfigSet) for GPIOPadConfigSet
    gpio.o(i.GPIOPinTypeTimer) refers to gpio.o(i.GPIODirModeSet) for GPIODirModeSet
    gpio.o(i.GPIOPinTypeTimer) refers to gpio.o(i.GPIOPadConfigSet) for GPIOPadConfigSet
    gpio.o(i.GPIOPinTypeTrace) refers to gpio.o(i.GPIODirModeSet) for GPIODirModeSet
    gpio.o(i.GPIOPinTypeTrace) refers to gpio.o(i.GPIOPadConfigSet) for GPIOPadConfigSet
    gpio.o(i.GPIOPinTypeUART) refers to gpio.o(i.GPIODirModeSet) for GPIODirModeSet
    gpio.o(i.GPIOPinTypeUART) refers to gpio.o(i.GPIOPadConfigSet) for GPIOPadConfigSet
    gpio.o(i.GPIOPinTypeUSBAnalog) refers to gpio.o(i.GPIODirModeSet) for GPIODirModeSet
    gpio.o(i.GPIOPinTypeUSBAnalog) refers to gpio.o(i.GPIOPadConfigSet) for GPIOPadConfigSet
    gpio.o(i.GPIOPinTypeUSBDigital) refers to gpio.o(i.GPIODirModeSet) for GPIODirModeSet
    gpio.o(i.GPIOPinTypeUSBDigital) refers to gpio.o(i.GPIOPadConfigSet) for GPIOPadConfigSet
    gpio.o(i.GPIOPinTypeWakeHigh) refers to gpio.o(i.GPIODirModeSet) for GPIODirModeSet
    gpio.o(i.GPIOPinTypeWakeHigh) refers to gpio.o(i.GPIOPadConfigSet) for GPIOPadConfigSet
    gpio.o(i.GPIOPinTypeWakeLow) refers to gpio.o(i.GPIODirModeSet) for GPIODirModeSet
    gpio.o(i.GPIOPinTypeWakeLow) refers to gpio.o(i.GPIOPadConfigSet) for GPIOPadConfigSet
    gpio.o(i._GPIOIntNumberGet) refers to gpio.o(.constdata) for .constdata
    sysctl.o(i.SysCtlClockFreqSet) refers to sysctl.o(.constdata) for .constdata
    sysctl.o(i.SysCtlClockGet) refers to sysctl.o(.constdata) for .constdata
    sysctl.o(i.SysCtlClockSet) refers to sysctl.o(.emb_text) for SysCtlDelay
    sysctl.o(i.SysCtlDeepSleep) refers to cpu.o(.emb_text) for CPUwfi
    sysctl.o(i.SysCtlIntRegister) refers to interrupt.o(i.IntRegister) for IntRegister
    sysctl.o(i.SysCtlIntRegister) refers to interrupt.o(i.IntEnable) for IntEnable
    sysctl.o(i.SysCtlIntUnregister) refers to interrupt.o(i.IntDisable) for IntDisable
    sysctl.o(i.SysCtlIntUnregister) refers to interrupt.o(i.IntUnregister) for IntUnregister
    sysctl.o(i.SysCtlSleep) refers to cpu.o(.emb_text) for CPUwfi
    sysctl.o(i.SysCtlVCOGet) refers to sysctl.o(.constdata) for .constdata
    timer.o(i.TimerIntRegister) refers to interrupt.o(i.IntRegister) for IntRegister
    timer.o(i.TimerIntRegister) refers to interrupt.o(i.IntEnable) for IntEnable
    timer.o(i.TimerIntRegister) refers to timer.o(.constdata) for .constdata
    timer.o(i.TimerIntUnregister) refers to interrupt.o(i.IntDisable) for IntDisable
    timer.o(i.TimerIntUnregister) refers to interrupt.o(i.IntUnregister) for IntUnregister
    timer.o(i.TimerIntUnregister) refers to timer.o(.constdata) for .constdata
    uart.o(i.UARTIntRegister) refers to interrupt.o(i.IntRegister) for IntRegister
    uart.o(i.UARTIntRegister) refers to interrupt.o(i.IntEnable) for IntEnable
    uart.o(i.UARTIntRegister) refers to uart.o(.constdata) for .constdata
    uart.o(i.UARTIntUnregister) refers to interrupt.o(i.IntDisable) for IntDisable
    uart.o(i.UARTIntUnregister) refers to interrupt.o(i.IntUnregister) for IntUnregister
    uart.o(i.UARTIntUnregister) refers to uart.o(.constdata) for .constdata
    interrupt.o(i.IntDisable) refers to interrupt.o(.constdata) for .constdata
    interrupt.o(i.IntEnable) refers to interrupt.o(.constdata) for .constdata
    interrupt.o(i.IntIsEnabled) refers to interrupt.o(.constdata) for .constdata
    interrupt.o(i.IntMasterDisable) refers to cpu.o(.emb_text) for CPUcpsid
    interrupt.o(i.IntMasterEnable) refers to cpu.o(.emb_text) for CPUcpsie
    interrupt.o(i.IntPendClear) refers to interrupt.o(.constdata) for .constdata
    interrupt.o(i.IntPendSet) refers to interrupt.o(.constdata) for .constdata
    interrupt.o(i.IntPriorityGet) refers to interrupt.o(.constdata) for .constdata
    interrupt.o(i.IntPriorityGroupingGet) refers to interrupt.o(.constdata) for .constdata
    interrupt.o(i.IntPriorityGroupingSet) refers to interrupt.o(.constdata) for .constdata
    interrupt.o(i.IntPriorityMaskGet) refers to cpu.o(.emb_text) for CPUbasepriGet
    interrupt.o(i.IntPriorityMaskSet) refers to cpu.o(.emb_text) for CPUbasepriSet
    interrupt.o(i.IntPrioritySet) refers to interrupt.o(.constdata) for .constdata
    interrupt.o(i.IntRegister) refers to interrupt.o(vtable) for vtable
    interrupt.o(i.IntUnregister) refers to interrupt.o(i._IntDefaultHandler) for _IntDefaultHandler
    interrupt.o(i.IntUnregister) refers to interrupt.o(vtable) for vtable
    entry.o(.ARM.Collect$$$$00000000) refers (Special) to entry10a.o(.ARM.Collect$$$$0000000D) for __rt_final_cpp
    entry.o(.ARM.Collect$$$$00000000) refers (Special) to entry11a.o(.ARM.Collect$$$$0000000F) for __rt_final_exit
    entry.o(.ARM.Collect$$$$00000000) refers (Special) to entry7b.o(.ARM.Collect$$$$00000008) for _main_clock
    entry.o(.ARM.Collect$$$$00000000) refers (Special) to entry8b.o(.ARM.Collect$$$$0000000A) for _main_cpp_init
    entry.o(.ARM.Collect$$$$00000000) refers (Special) to entry9a.o(.ARM.Collect$$$$0000000B) for _main_init
    entry.o(.ARM.Collect$$$$00000000) refers (Special) to entry5.o(.ARM.Collect$$$$00000004) for _main_scatterload
    entry.o(.ARM.Collect$$$$00000000) refers (Special) to entry2.o(.ARM.Collect$$$$00000001) for _main_stk
    ffixul.o(.text) refers (Special) to iusefp.o(.text) for __I$use$fp
    ffixul.o(.text) refers to llshl.o(.text) for __aeabi_llsl
    entry2.o(.ARM.Collect$$$$00000001) refers to entry2.o(.ARM.Collect$$$$00002712) for __lit__00000000
    entry2.o(.ARM.Collect$$$$00002712) refers to startup_rvmdk.o(STACK) for __initial_sp
    entry2.o(__vectab_stack_and_reset_area) refers to startup_rvmdk.o(STACK) for __initial_sp
    entry2.o(__vectab_stack_and_reset_area) refers to entry.o(.ARM.Collect$$$$00000000) for __main
    entry5.o(.ARM.Collect$$$$00000004) refers to init.o(.text) for __scatterload
    entry9a.o(.ARM.Collect$$$$0000000B) refers to freertos_demo.o(i.main) for main
    entry9b.o(.ARM.Collect$$$$0000000C) refers to freertos_demo.o(i.main) for main
    init.o(.text) refers to entry5.o(.ARM.Collect$$$$00000004) for __main_after_scatterload


==============================================================================

Removing Unused input sections from the image.

    Removing freertos_demo.o(i.Window_Down), (4 bytes).
    Removing freertos_demo.o(i.Window_Stop), (4 bytes).
    Removing freertos_demo.o(i.Window_Up), (4 bytes).
    Removing freertos_demo.o(.data), (1 bytes).
    Removing freertos_demo.o(.data), (4 bytes).
    Removing heap_2.o(i.vPortInitialiseBlocks), (2 bytes).
    Removing heap_2.o(i.xPortGetFreeHeapSize), (12 bytes).
    Removing led_task.o(i.LEDTask), (272 bytes).
    Removing led_task.o(i.LEDTaskInit), (192 bytes).
    Removing led_task.o(.bss), (12 bytes).
    Removing led_task.o(.data), (8 bytes).
    Removing port.o(i.vPortEndScheduler), (2 bytes).
    Removing queue.o(i.ucQueueGetQueueType), (6 bytes).
    Removing queue.o(i.uxQueueGetQueueNumber), (4 bytes).
    Removing queue.o(i.uxQueueMessagesWaiting), (18 bytes).
    Removing queue.o(i.uxQueueMessagesWaitingFromISR), (4 bytes).
    Removing queue.o(i.uxQueueSpacesAvailable), (22 bytes).
    Removing queue.o(i.vQueueAddToRegistry), (36 bytes).
    Removing queue.o(i.vQueueDelete), (18 bytes).
    Removing queue.o(i.vQueueSetQueueNumber), (4 bytes).
    Removing queue.o(i.vQueueUnregisterQueue), (36 bytes).
    Removing queue.o(i.xQueueCreateMutex), (74 bytes).
    Removing queue.o(i.xQueueGiveFromISR), (86 bytes).
    Removing queue.o(i.xQueueGiveMutexRecursive), (42 bytes).
    Removing queue.o(i.xQueueIsQueueEmptyFromISR), (12 bytes).
    Removing queue.o(i.xQueueIsQueueFullFromISR), (16 bytes).
    Removing queue.o(i.xQueuePeekFromISR), (44 bytes).
    Removing queue.o(i.xQueueReceiveFromISR), (88 bytes).
    Removing queue.o(i.xQueueTakeMutexRecursive), (50 bytes).
    Removing queue.o(.bss), (80 bytes).
    Removing rgb.o(i.RGBBlinkIntHandler), (56 bytes).
    Removing rgb.o(i.RGBBlinkRateSet), (120 bytes).
    Removing rgb.o(i.RGBColorGet), (24 bytes).
    Removing rgb.o(i.RGBColorSet), (144 bytes).
    Removing rgb.o(i.RGBDisable), (92 bytes).
    Removing rgb.o(i.RGBEnable), (172 bytes).
    Removing rgb.o(i.RGBInit), (208 bytes).
    Removing rgb.o(i.RGBIntensitySet), (20 bytes).
    Removing rgb.o(i.RGBSet), (30 bytes).
    Removing rgb.o(.bss), (12 bytes).
    Removing rgb.o(.data), (8 bytes).
    Removing startup_rvmdk.o(HEAP), (0 bytes).
    Removing startup_rvmdk.o(.text), (0 bytes).
    Removing tasks.o(i.prvListTaskWithinSingleList), (126 bytes).
    Removing tasks.o(i.prvTaskCheckFreeStackSpace), (20 bytes).
    Removing tasks.o(i.prvTaskIsTaskSuspended), (32 bytes).
    Removing tasks.o(i.ulTaskNotifyTake), (156 bytes).
    Removing tasks.o(i.uxTaskGetNumberOfTasks), (12 bytes).
    Removing tasks.o(i.uxTaskGetStackHighWaterMark), (16 bytes).
    Removing tasks.o(i.uxTaskGetSystemState), (152 bytes).
    Removing tasks.o(i.uxTaskGetTaskNumber), (8 bytes).
    Removing tasks.o(i.uxTaskPriorityGet), (28 bytes).
    Removing tasks.o(i.uxTaskPriorityGetFromISR), (36 bytes).
    Removing tasks.o(i.uxTaskResetEventItemValue), (24 bytes).
    Removing tasks.o(i.vTaskDelay), (84 bytes).
    Removing tasks.o(i.vTaskDelayUntil), (112 bytes).
    Removing tasks.o(i.vTaskDelete), (144 bytes).
    Removing tasks.o(i.vTaskEndScheduler), (28 bytes).
    Removing tasks.o(i.vTaskNotifyGiveFromISR), (132 bytes).
    Removing tasks.o(i.vTaskPlaceOnUnorderedEventList), (88 bytes).
    Removing tasks.o(i.vTaskPrioritySet), (180 bytes).
    Removing tasks.o(i.vTaskResume), (112 bytes).
    Removing tasks.o(i.vTaskSetTaskNumber), (8 bytes).
    Removing tasks.o(i.vTaskSuspend), (160 bytes).
    Removing tasks.o(i.xTaskGenericNotify), (164 bytes).
    Removing tasks.o(i.xTaskGenericNotifyFromISR), (184 bytes).
    Removing tasks.o(i.xTaskGetCurrentTaskHandle), (12 bytes).
    Removing tasks.o(i.xTaskGetTickCount), (12 bytes).
    Removing tasks.o(i.xTaskNotifyStateClear), (48 bytes).
    Removing tasks.o(i.xTaskNotifyWait), (184 bytes).
    Removing tasks.o(i.xTaskRemoveFromUnorderedEventList), (80 bytes).
    Removing tasks.o(i.xTaskResumeFromISR), (120 bytes).
    Removing uartstdio.o(i.UARTgetc), (24 bytes).
    Removing uartstdio.o(i.UARTgets), (132 bytes).
    Removing ustdlib.o(i.ucmptime), (82 bytes).
    Removing ustdlib.o(i.ulocaltime), (168 bytes).
    Removing ustdlib.o(i.umktime), (58 bytes).
    Removing ustdlib.o(i.urand), (28 bytes).
    Removing ustdlib.o(i.usnprintf), (18 bytes).
    Removing ustdlib.o(i.usprintf), (22 bytes).
    Removing ustdlib.o(i.usrand), (12 bytes).
    Removing ustdlib.o(i.ustrcasecmp), (8 bytes).
    Removing ustdlib.o(i.ustrcmp), (8 bytes).
    Removing ustdlib.o(i.ustrlen), (16 bytes).
    Removing ustdlib.o(i.ustrncasecmp), (70 bytes).
    Removing ustdlib.o(i.ustrncmp), (46 bytes).
    Removing ustdlib.o(i.ustrncpy), (34 bytes).
    Removing ustdlib.o(i.ustrstr), (42 bytes).
    Removing ustdlib.o(i.ustrtof), (320 bytes).
    Removing ustdlib.o(i.ustrtoul), (154 bytes).
    Removing ustdlib.o(i.uvsnprintf), (592 bytes).
    Removing ustdlib.o(.constdata), (76 bytes).
    Removing ustdlib.o(.conststring), (17 bytes).
    Removing ustdlib.o(.data), (4 bytes).
    Removing inputs.o(i.portf_int), (56 bytes).
    Removing output_ports.o(i.disable), (16 bytes).
    Removing statemachinesfunctions.o(i.iniPassengerUpSM), (80 bytes).
    Removing lcd.o(i.LCD_init), (118 bytes).
    Removing lcd_state.o(i.init_LCD_output), (80 bytes).
    Removing gpio.o(i.GPIOADCTriggerDisable), (14 bytes).
    Removing gpio.o(i.GPIOADCTriggerEnable), (12 bytes).
    Removing gpio.o(i.GPIODMATriggerDisable), (14 bytes).
    Removing gpio.o(i.GPIODMATriggerEnable), (12 bytes).
    Removing gpio.o(i.GPIODirModeGet), (34 bytes).
    Removing gpio.o(i.GPIOIntRegisterPin), (30 bytes).
    Removing gpio.o(i.GPIOIntTypeGet), (68 bytes).
    Removing gpio.o(i.GPIOIntUnregister), (22 bytes).
    Removing gpio.o(i.GPIOIntUnregisterPin), (26 bytes).
    Removing gpio.o(i.GPIOPadConfigGet), (204 bytes).
    Removing gpio.o(i.GPIOPinConfigure), (68 bytes).
    Removing gpio.o(i.GPIOPinTypeADC), (28 bytes).
    Removing gpio.o(i.GPIOPinTypeCAN), (28 bytes).
    Removing gpio.o(i.GPIOPinTypeComparator), (28 bytes).
    Removing gpio.o(i.GPIOPinTypeComparatorOutput), (28 bytes).
    Removing gpio.o(i.GPIOPinTypeDIVSCLK), (28 bytes).
    Removing gpio.o(i.GPIOPinTypeEPI), (28 bytes).
    Removing gpio.o(i.GPIOPinTypeEthernetLED), (28 bytes).
    Removing gpio.o(i.GPIOPinTypeEthernetMII), (28 bytes).
    Removing gpio.o(i.GPIOPinTypeGPIOOutputOD), (28 bytes).
    Removing gpio.o(i.GPIOPinTypeHibernateRTCCLK), (28 bytes).
    Removing gpio.o(i.GPIOPinTypeI2C), (28 bytes).
    Removing gpio.o(i.GPIOPinTypeI2CSCL), (28 bytes).
    Removing gpio.o(i.GPIOPinTypeLCD), (28 bytes).
    Removing gpio.o(i.GPIOPinTypeOneWire), (28 bytes).
    Removing gpio.o(i.GPIOPinTypePWM), (28 bytes).
    Removing gpio.o(i.GPIOPinTypeQEI), (28 bytes).
    Removing gpio.o(i.GPIOPinTypeSSI), (28 bytes).
    Removing gpio.o(i.GPIOPinTypeTimer), (28 bytes).
    Removing gpio.o(i.GPIOPinTypeTrace), (28 bytes).
    Removing gpio.o(i.GPIOPinTypeUART), (28 bytes).
    Removing gpio.o(i.GPIOPinTypeUSBAnalog), (28 bytes).
    Removing gpio.o(i.GPIOPinTypeUSBDigital), (28 bytes).
    Removing gpio.o(i.GPIOPinTypeWakeHigh), (30 bytes).
    Removing gpio.o(i.GPIOPinTypeWakeLow), (30 bytes).
    Removing gpio.o(i.GPIOPinWakeStatus), (6 bytes).
    Removing sysctl.o(.emb_text), (6 bytes).
    Removing sysctl.o(i.SysCtlAltClkConfig), (12 bytes).
    Removing sysctl.o(i.SysCtlClockFreqSet), (740 bytes).
    Removing sysctl.o(i.SysCtlClockGet), (340 bytes).
    Removing sysctl.o(i.SysCtlClockOutConfig), (20 bytes).
    Removing sysctl.o(i.SysCtlClockSet), (288 bytes).
    Removing sysctl.o(i.SysCtlDeepSleep), (32 bytes).
    Removing sysctl.o(i.SysCtlDeepSleepClockConfigSet), (112 bytes).
    Removing sysctl.o(i.SysCtlDeepSleepClockSet), (12 bytes).
    Removing sysctl.o(i.SysCtlDeepSleepPowerSet), (12 bytes).
    Removing sysctl.o(i.SysCtlFlashSectorSizeGet), (56 bytes).
    Removing sysctl.o(i.SysCtlFlashSizeGet), (56 bytes).
    Removing sysctl.o(i.SysCtlGPIOAHBDisable), (28 bytes).
    Removing sysctl.o(i.SysCtlGPIOAHBEnable), (24 bytes).
    Removing sysctl.o(i.SysCtlIntClear), (12 bytes).
    Removing sysctl.o(i.SysCtlIntDisable), (16 bytes).
    Removing sysctl.o(i.SysCtlIntEnable), (16 bytes).
    Removing sysctl.o(i.SysCtlIntRegister), (20 bytes).
    Removing sysctl.o(i.SysCtlIntStatus), (16 bytes).
    Removing sysctl.o(i.SysCtlIntUnregister), (18 bytes).
    Removing sysctl.o(i.SysCtlLDODeepSleepGet), (12 bytes).
    Removing sysctl.o(i.SysCtlLDODeepSleepSet), (12 bytes).
    Removing sysctl.o(i.SysCtlLDOSleepGet), (12 bytes).
    Removing sysctl.o(i.SysCtlLDOSleepSet), (12 bytes).
    Removing sysctl.o(i.SysCtlMOSCConfigSet), (12 bytes).
    Removing sysctl.o(i.SysCtlNMIClear), (16 bytes).
    Removing sysctl.o(i.SysCtlNMIStatus), (12 bytes).
    Removing sysctl.o(i.SysCtlPIOSCCalibrate), (76 bytes).
    Removing sysctl.o(i.SysCtlPWMClockGet), (24 bytes).
    Removing sysctl.o(i.SysCtlPWMClockSet), (20 bytes).
    Removing sysctl.o(i.SysCtlPeripheralClockGating), (68 bytes).
    Removing sysctl.o(i.SysCtlPeripheralDeepSleepDisable), (40 bytes).
    Removing sysctl.o(i.SysCtlPeripheralDeepSleepEnable), (40 bytes).
    Removing sysctl.o(i.SysCtlPeripheralDisable), (40 bytes).
    Removing sysctl.o(i.SysCtlPeripheralPowerOff), (40 bytes).
    Removing sysctl.o(i.SysCtlPeripheralPowerOn), (40 bytes).
    Removing sysctl.o(i.SysCtlPeripheralPresent), (44 bytes).
    Removing sysctl.o(i.SysCtlPeripheralReset), (60 bytes).
    Removing sysctl.o(i.SysCtlPeripheralSleepDisable), (40 bytes).
    Removing sysctl.o(i.SysCtlPeripheralSleepEnable), (40 bytes).
    Removing sysctl.o(i.SysCtlReset), (16 bytes).
    Removing sysctl.o(i.SysCtlResetBehaviorGet), (12 bytes).
    Removing sysctl.o(i.SysCtlResetBehaviorSet), (12 bytes).
    Removing sysctl.o(i.SysCtlResetCauseClear), (16 bytes).
    Removing sysctl.o(i.SysCtlResetCauseGet), (12 bytes).
    Removing sysctl.o(i.SysCtlSRAMSizeGet), (16 bytes).
    Removing sysctl.o(i.SysCtlSleep), (4 bytes).
    Removing sysctl.o(i.SysCtlSleepPowerSet), (12 bytes).
    Removing sysctl.o(i.SysCtlUSBPLLDisable), (16 bytes).
    Removing sysctl.o(i.SysCtlUSBPLLEnable), (16 bytes).
    Removing sysctl.o(i.SysCtlVCOGet), (120 bytes).
    Removing sysctl.o(i.SysCtlVoltageEventClear), (16 bytes).
    Removing sysctl.o(i.SysCtlVoltageEventConfig), (12 bytes).
    Removing sysctl.o(i.SysCtlVoltageEventStatus), (12 bytes).
    Removing sysctl.o(.constdata), (596 bytes).
    Removing timer.o(i.TimerADCEventGet), (4 bytes).
    Removing timer.o(i.TimerADCEventSet), (4 bytes).
    Removing timer.o(i.TimerClockSourceGet), (6 bytes).
    Removing timer.o(i.TimerClockSourceSet), (6 bytes).
    Removing timer.o(i.TimerConfigure), (96 bytes).
    Removing timer.o(i.TimerControlEvent), (18 bytes).
    Removing timer.o(i.TimerControlLevel), (22 bytes).
    Removing timer.o(i.TimerControlStall), (22 bytes).
    Removing timer.o(i.TimerControlTrigger), (80 bytes).
    Removing timer.o(i.TimerControlWaitOnTrigger), (48 bytes).
    Removing timer.o(i.TimerDMAEventGet), (4 bytes).
    Removing timer.o(i.TimerDMAEventSet), (4 bytes).
    Removing timer.o(i.TimerDisable), (16 bytes).
    Removing timer.o(i.TimerEnable), (14 bytes).
    Removing timer.o(i.TimerIntClear), (4 bytes).
    Removing timer.o(i.TimerIntDisable), (10 bytes).
    Removing timer.o(i.TimerIntEnable), (8 bytes).
    Removing timer.o(i.TimerIntStatus), (10 bytes).
    Removing timer.o(i.TimerIntUnregister), (104 bytes).
    Removing timer.o(i.TimerLoadGet), (10 bytes).
    Removing timer.o(i.TimerLoadGet64), (14 bytes).
    Removing timer.o(i.TimerLoadSet), (18 bytes).
    Removing timer.o(i.TimerLoadSet64), (6 bytes).
    Removing timer.o(i.TimerMatchGet), (10 bytes).
    Removing timer.o(i.TimerMatchGet64), (14 bytes).
    Removing timer.o(i.TimerMatchSet), (18 bytes).
    Removing timer.o(i.TimerMatchSet64), (6 bytes).
    Removing timer.o(i.TimerPrescaleGet), (10 bytes).
    Removing timer.o(i.TimerPrescaleMatchGet), (10 bytes).
    Removing timer.o(i.TimerPrescaleMatchSet), (18 bytes).
    Removing timer.o(i.TimerPrescaleSet), (18 bytes).
    Removing timer.o(i.TimerRTCDisable), (10 bytes).
    Removing timer.o(i.TimerRTCEnable), (10 bytes).
    Removing timer.o(i.TimerSynchronize), (4 bytes).
    Removing timer.o(i.TimerUpdateMode), (42 bytes).
    Removing timer.o(i.TimerValueGet), (10 bytes).
    Removing timer.o(i.TimerValueGet64), (14 bytes).
    Removing uart.o(i.UART9BitAddrSend), (38 bytes).
    Removing uart.o(i.UART9BitAddrSet), (10 bytes).
    Removing uart.o(i.UART9BitDisable), (14 bytes).
    Removing uart.o(i.UART9BitEnable), (14 bytes).
    Removing uart.o(i.UARTBreakCtl), (18 bytes).
    Removing uart.o(i.UARTBusy), (8 bytes).
    Removing uart.o(i.UARTCharGet), (12 bytes).
    Removing uart.o(i.UARTCharGetNonBlocking), (16 bytes).
    Removing uart.o(i.UARTCharPut), (12 bytes).
    Removing uart.o(i.UARTCharPutNonBlocking), (16 bytes).
    Removing uart.o(i.UARTCharsAvail), (10 bytes).
    Removing uart.o(i.UARTClockSourceGet), (6 bytes).
    Removing uart.o(i.UARTConfigGetExpClk), (46 bytes).
    Removing uart.o(i.UARTConfigSetExpClk), (110 bytes).
    Removing uart.o(i.UARTDMADisable), (10 bytes).
    Removing uart.o(i.UARTDMAEnable), (8 bytes).
    Removing uart.o(i.UARTDisable), (30 bytes).
    Removing uart.o(i.UARTDisableSIR), (10 bytes).
    Removing uart.o(i.UARTEnable), (20 bytes).
    Removing uart.o(i.UARTEnableSIR), (18 bytes).
    Removing uart.o(i.UARTFIFODisable), (10 bytes).
    Removing uart.o(i.UARTFIFOEnable), (10 bytes).
    Removing uart.o(i.UARTFIFOLevelGet), (16 bytes).
    Removing uart.o(i.UARTFIFOLevelSet), (6 bytes).
    Removing uart.o(i.UARTFlowControlGet), (8 bytes).
    Removing uart.o(i.UARTFlowControlSet), (12 bytes).
    Removing uart.o(i.UARTIntClear), (4 bytes).
    Removing uart.o(i.UARTIntDisable), (10 bytes).
    Removing uart.o(i.UARTIntEnable), (8 bytes).
    Removing uart.o(i.UARTIntRegister), (88 bytes).
    Removing uart.o(i.UARTIntStatus), (10 bytes).
    Removing uart.o(i.UARTIntUnregister), (88 bytes).
    Removing uart.o(i.UARTLoopbackEnable), (10 bytes).
    Removing uart.o(i.UARTModemControlClear), (14 bytes).
    Removing uart.o(i.UARTModemControlGet), (8 bytes).
    Removing uart.o(i.UARTModemControlSet), (12 bytes).
    Removing uart.o(i.UARTModemStatusGet), (10 bytes).
    Removing uart.o(i.UARTParityModeGet), (8 bytes).
    Removing uart.o(i.UARTParityModeSet), (12 bytes).
    Removing uart.o(i.UARTRxErrorClear), (6 bytes).
    Removing uart.o(i.UARTRxErrorGet), (8 bytes).
    Removing uart.o(i.UARTSmartCardDisable), (10 bytes).
    Removing uart.o(i.UARTSmartCardEnable), (22 bytes).
    Removing uart.o(i.UARTSpaceAvail), (10 bytes).
    Removing uart.o(i.UARTTxIntModeGet), (8 bytes).
    Removing uart.o(i.UARTTxIntModeSet), (12 bytes).
    Removing uart.o(.constdata), (128 bytes).
    Removing cpu.o(.emb_text), (38 bytes).
    Removing interrupt.o(i.IntDisable), (100 bytes).
    Removing interrupt.o(i.IntIsEnabled), (96 bytes).
    Removing interrupt.o(i.IntMasterDisable), (14 bytes).
    Removing interrupt.o(i.IntMasterEnable), (14 bytes).
    Removing interrupt.o(i.IntPendClear), (68 bytes).
    Removing interrupt.o(i.IntPendSet), (84 bytes).
    Removing interrupt.o(i.IntPriorityGet), (28 bytes).
    Removing interrupt.o(i.IntPriorityGroupingGet), (36 bytes).
    Removing interrupt.o(i.IntPriorityGroupingSet), (28 bytes).
    Removing interrupt.o(i.IntPriorityMaskGet), (4 bytes).
    Removing interrupt.o(i.IntPriorityMaskSet), (4 bytes).
    Removing interrupt.o(i.IntPrioritySet), (40 bytes).
    Removing interrupt.o(i.IntTrigger), (12 bytes).
    Removing interrupt.o(i.IntUnregister), (20 bytes).
    Removing interrupt.o(i._IntDefaultHandler), (2 bytes).
    Removing ffixul.o(.text), (44 bytes).

291 unused section(s) (total 13684 bytes) removed from the image.

==============================================================================

Image Symbol Table

    Local Symbols

    Symbol Name                              Value     Ov Type        Size  Object(Section)

    RESET                                    0x00000000   Section      648  startup_rvmdk.o(RESET)
    ../clib/../cmprslib/zerorunl2.c          0x00000000   Number         0  __dczerorl2.o ABSOLUTE
    ../clib/microlib/init/entry.s            0x00000000   Number         0  entry11a.o ABSOLUTE
    ../clib/microlib/init/entry.s            0x00000000   Number         0  entry8a.o ABSOLUTE
    ../clib/microlib/init/entry.s            0x00000000   Number         0  entry7b.o ABSOLUTE
    ../clib/microlib/init/entry.s            0x00000000   Number         0  entry7a.o ABSOLUTE
    ../clib/microlib/init/entry.s            0x00000000   Number         0  entry11b.o ABSOLUTE
    ../clib/microlib/init/entry.s            0x00000000   Number         0  entry10b.o ABSOLUTE
    ../clib/microlib/init/entry.s            0x00000000   Number         0  entry2.o ABSOLUTE
    ../clib/microlib/init/entry.s            0x00000000   Number         0  entry10a.o ABSOLUTE
    ../clib/microlib/init/entry.s            0x00000000   Number         0  entry8b.o ABSOLUTE
    ../clib/microlib/init/entry.s            0x00000000   Number         0  entry9b.o ABSOLUTE
    ../clib/microlib/init/entry.s            0x00000000   Number         0  entry5.o ABSOLUTE
    ../clib/microlib/init/entry.s            0x00000000   Number         0  entry9a.o ABSOLUTE
    ../clib/microlib/init/entry.s            0x00000000   Number         0  entry.o ABSOLUTE
    ../clib/microlib/longlong.c              0x00000000   Number         0  llshl.o ABSOLUTE
    ../clib/microlib/string/memcpy.c         0x00000000   Number         0  memcpyb.o ABSOLUTE
    ../clib/microlib/string/memcpy.c         0x00000000   Number         0  memcpya.o ABSOLUTE
    ../clib/microlib/string/memset.c         0x00000000   Number         0  memseta.o ABSOLUTE
    ../clib/microlib/string/strlen.c         0x00000000   Number         0  strlen.o ABSOLUTE
    ../clib/microlib/stubs.s                 0x00000000   Number         0  iusefp.o ABSOLUTE
    ../fplib/microlib/fpfix.c                0x00000000   Number         0  ffixul.o ABSOLUTE
    ..\..\..\..\third_party\FreeRTOS\Source\list.c 0x00000000   Number         0  list.o ABSOLUTE
    ..\..\..\..\third_party\FreeRTOS\Source\portable\MemMang\heap_2.c 0x00000000   Number         0  heap_2.o ABSOLUTE
    ..\..\..\..\third_party\FreeRTOS\Source\portable\RVDS\ARM_CM4F\port.c 0x00000000   Number         0  port.o ABSOLUTE
    ..\..\..\..\third_party\FreeRTOS\Source\queue.c 0x00000000   Number         0  queue.o ABSOLUTE
    ..\..\..\..\third_party\FreeRTOS\Source\tasks.c 0x00000000   Number         0  tasks.o ABSOLUTE
    ..\..\..\..\utils\uartstdio.c            0x00000000   Number         0  uartstdio.o ABSOLUTE
    ..\..\..\..\utils\ustdlib.c              0x00000000   Number         0  ustdlib.o ABSOLUTE
    ..\\..\\..\\..\\third_party\\FreeRTOS\\Source\\portable\\RVDS\\ARM_CM4F\\port.c 0x00000000   Number         0  port.o ABSOLUTE
    ..\drivers\rgb.c                         0x00000000   Number         0  rgb.o ABSOLUTE
    Delay.c                                  0x00000000   Number         0  delay.o ABSOLUTE
    LCD_State.c                              0x00000000   Number         0  lcd_state.o ABSOLUTE
    StateMachinesFunctions.c                 0x00000000   Number         0  statemachinesfunctions.o ABSOLUTE
    TaskHandlers.c                           0x00000000   Number         0  taskhandlers.o ABSOLUTE
    Timers.c                                 0x00000000   Number         0  timers.o ABSOLUTE
    cpu.c                                    0x00000000   Number         0  cpu.o ABSOLUTE
    cpu.c                                    0x00000000   Number         0  cpu.o ABSOLUTE
    dc.s                                     0x00000000   Number         0  dc.o ABSOLUTE
    freertos_demo.c                          0x00000000   Number         0  freertos_demo.o ABSOLUTE
    gpio.c                                   0x00000000   Number         0  gpio.o ABSOLUTE
    handlers.s                               0x00000000   Number         0  handlers.o ABSOLUTE
    init.s                                   0x00000000   Number         0  init.o ABSOLUTE
    inputs.c                                 0x00000000   Number         0  inputs.o ABSOLUTE
    interrupt.c                              0x00000000   Number         0  interrupt.o ABSOLUTE
    lcd.c                                    0x00000000   Number         0  lcd.o ABSOLUTE
    led_task.c                               0x00000000   Number         0  led_task.o ABSOLUTE
    output_ports.c                           0x00000000   Number         0  output_ports.o ABSOLUTE
    startup_rvmdk.S                          0x00000000   Number         0  startup_rvmdk.o ABSOLUTE
    sysctl.c                                 0x00000000   Number         0  sysctl.o ABSOLUTE
    sysctl.c                                 0x00000000   Number         0  sysctl.o ABSOLUTE
    timer.c                                  0x00000000   Number         0  timer.o ABSOLUTE
    uart.c                                   0x00000000   Number         0  uart.o ABSOLUTE
    $v0                                      0x0000026c   Number         0  startup_rvmdk.o(RESET)
    NmiSR                                    0x00000281   Thumb Code     0  startup_rvmdk.o(RESET)
    FaultISR                                 0x00000283   Thumb Code     0  startup_rvmdk.o(RESET)
    IntDefaultHandler                        0x00000285   Thumb Code     0  startup_rvmdk.o(RESET)
    .ARM.Collect$$$$00000000                 0x00000288   Section        0  entry.o(.ARM.Collect$$$$00000000)
    .ARM.Collect$$$$00000001                 0x00000288   Section        4  entry2.o(.ARM.Collect$$$$00000001)
    .ARM.Collect$$$$00000004                 0x0000028c   Section        4  entry5.o(.ARM.Collect$$$$00000004)
    .ARM.Collect$$$$00000008                 0x00000290   Section        0  entry7b.o(.ARM.Collect$$$$00000008)
    .ARM.Collect$$$$0000000A                 0x00000290   Section        0  entry8b.o(.ARM.Collect$$$$0000000A)
    .ARM.Collect$$$$0000000B                 0x00000290   Section        8  entry9a.o(.ARM.Collect$$$$0000000B)
    .ARM.Collect$$$$0000000D                 0x00000298   Section        0  entry10a.o(.ARM.Collect$$$$0000000D)
    .ARM.Collect$$$$0000000F                 0x00000298   Section        0  entry11a.o(.ARM.Collect$$$$0000000F)
    .ARM.Collect$$$$00002712                 0x00000298   Section        4  entry2.o(.ARM.Collect$$$$00002712)
    __lit__00000000                          0x00000298   Data           4  entry2.o(.ARM.Collect$$$$00002712)
    .emb_text                                0x0000029c   Section      182  port.o(.emb_text)
    $v0                                      0x0000029c   Number         0  port.o(.emb_text)
    .text                                    0x00000352   Section        0  memcpya.o(.text)
    .text                                    0x00000376   Section        0  memseta.o(.text)
    .text                                    0x0000039a   Section        0  strlen.o(.text)
    .text                                    0x000003a8   Section       36  init.o(.text)
    .text                                    0x000003cc   Section        0  __dczerorl2.o(.text)
    i.ConfigureUART                          0x00000428   Section        0  freertos_demo.o(i.ConfigureUART)
    i.GPIODirModeSet                         0x00000484   Section        0  gpio.o(i.GPIODirModeSet)
    i.GPIOIntClear                           0x000004ac   Section        0  gpio.o(i.GPIOIntClear)
    i.GPIOIntDisable                         0x000004b2   Section        0  gpio.o(i.GPIOIntDisable)
    i.GPIOIntEnable                          0x000004c0   Section        0  gpio.o(i.GPIOIntEnable)
    i.GPIOIntRegister                        0x000004cc   Section        0  gpio.o(i.GPIOIntRegister)
    i.GPIOIntStatus                          0x000004e6   Section        0  gpio.o(i.GPIOIntStatus)
    i.GPIOIntTypeSet                         0x000004f4   Section        0  gpio.o(i.GPIOIntTypeSet)
    i.GPIOPadConfigSet                       0x00000544   Section        0  gpio.o(i.GPIOPadConfigSet)
    i.GPIOPinRead                            0x0000067c   Section        0  gpio.o(i.GPIOPinRead)
    i.GPIOPinTypeGPIOInput                   0x00000682   Section        0  gpio.o(i.GPIOPinTypeGPIOInput)
    i.GPIOPinTypeGPIOOutput                  0x0000069e   Section        0  gpio.o(i.GPIOPinTypeGPIOOutput)
    i.GPIOPinWrite                           0x000006ba   Section        0  gpio.o(i.GPIOPinWrite)
    i.IntEnable                              0x000006c0   Section        0  interrupt.o(i.IntEnable)
    i.IntRegister                            0x00000724   Section        0  interrupt.o(i.IntRegister)
    i.LCD_command                            0x00000758   Section        0  lcd.o(i.LCD_command)
    i.LCD_data                               0x00000788   Section        0  lcd.o(i.LCD_data)
    i.LCD_nibble_write                       0x000007ac   Section        0  lcd.o(i.LCD_nibble_write)
    i.Limit_Handler                          0x00000804   Section        0  freertos_demo.o(i.Limit_Handler)
    i.SysCtlPeripheralEnable                 0x00000890   Section        0  sysctl.o(i.SysCtlPeripheralEnable)
    i.SysCtlPeripheralReady                  0x000008b8   Section        0  sysctl.o(i.SysCtlPeripheralReady)
    i.TimerIntRegister                       0x000008e4   Section        0  timer.o(i.TimerIntRegister)
    i.UARTClockSourceSet                     0x0000094c   Section        0  uart.o(i.UARTClockSourceSet)
    i.UARTStdioConfig                        0x00000954   Section        0  uartstdio.o(i.UARTStdioConfig)
    i.UARTprintf                             0x000009b0   Section        0  uartstdio.o(i.UARTprintf)
    i.UARTvprintf                            0x000009c4   Section        0  uartstdio.o(i.UARTvprintf)
    i.UARTwrite                              0x00000b78   Section        0  uartstdio.o(i.UARTwrite)
    i.Window_Handler                         0x00000bb4   Section        0  freertos_demo.o(i.Window_Handler)
    i._GPIOIntNumberGet                      0x00000cb8   Section        0  gpio.o(i._GPIOIntNumberGet)
    _GPIOIntNumberGet                        0x00000cb9   Thumb Code    62  gpio.o(i._GPIOIntNumberGet)
    i.__scatterload_copy                     0x00000d08   Section       14  handlers.o(i.__scatterload_copy)
    i.__scatterload_null                     0x00000d16   Section        2  handlers.o(i.__scatterload_null)
    i.__scatterload_zeroinit                 0x00000d18   Section       14  handlers.o(i.__scatterload_zeroinit)
    i.autoDriverDownSM                       0x00000d26   Section        0  statemachinesfunctions.o(i.autoDriverDownSM)
    i.autoDriverUpSM                         0x00000d28   Section        0  statemachinesfunctions.o(i.autoDriverUpSM)
    i.autoPassengerDownSM                    0x00000d2a   Section        0  statemachinesfunctions.o(i.autoPassengerDownSM)
    i.autoPassengerUpSM                      0x00000d2c   Section        0  statemachinesfunctions.o(i.autoPassengerUpSM)
    i.autoTimerHandler                       0x00000d30   Section        0  freertos_demo.o(i.autoTimerHandler)
    i.clear                                  0x00000d70   Section        0  lcd_state.o(i.clear)
    i.configureAutoTimer                     0x00000d88   Section        0  timers.o(i.configureAutoTimer)
    i.deadSM                                 0x00000dcc   Section        0  statemachinesfunctions.o(i.deadSM)
    i.delayMs                                0x00000e08   Section        0  delay.o(i.delayMs)
    i.delayUs                                0x00000e20   Section        0  delay.o(i.delayUs)
    i.displayString                          0x00000e34   Section        0  lcd_state.o(i.displayString)
    i.driverDownSM                           0x00000e68   Section        0  statemachinesfunctions.o(i.driverDownSM)
    i.driverNeutralSM                        0x00000f10   Section        0  statemachinesfunctions.o(i.driverNeutralSM)
    i.driverUpSM                             0x00000fb4   Section        0  statemachinesfunctions.o(i.driverUpSM)
    i.dyingSM                                0x0000109c   Section        0  statemachinesfunctions.o(i.dyingSM)
    i.emergencyDownSM                        0x000010c4   Section        0  statemachinesfunctions.o(i.emergencyDownSM)
    i.enable                                 0x00001114   Section        0  output_ports.o(i.enable)
    i.enableAutoTimer                        0x00001124   Section        0  timers.o(i.enableAutoTimer)
    i.fastStop                               0x00001150   Section        0  output_ports.o(i.fastStop)
    i.iniDriverDownSM                        0x00001168   Section        0  statemachinesfunctions.o(i.iniDriverDownSM)
    i.iniDriverUpSM                          0x000011bc   Section        0  statemachinesfunctions.o(i.iniDriverUpSM)
    i.iniPassengerDownSM                     0x0000120c   Section        0  statemachinesfunctions.o(i.iniPassengerDownSM)
    i.init_input                             0x00001260   Section        0  inputs.o(i.init_input)
    i.init_output                            0x00001314   Section        0  output_ports.o(i.init_output)
    i.main                                   0x00001350   Section        0  freertos_demo.o(i.main)
    i.manualDriverDownSM                     0x00001570   Section        0  statemachinesfunctions.o(i.manualDriverDownSM)
    i.manualDriverUpSM                       0x000015bc   Section        0  statemachinesfunctions.o(i.manualDriverUpSM)
    i.manualPassengerDownSM                  0x00001608   Section        0  statemachinesfunctions.o(i.manualPassengerDownSM)
    i.manualPassengerUpSM                    0x00001658   Section        0  statemachinesfunctions.o(i.manualPassengerUpSM)
    i.passengerDownSM                        0x000016a8   Section        0  statemachinesfunctions.o(i.passengerDownSM)
    i.passengerNeutralSM                     0x00001714   Section        0  statemachinesfunctions.o(i.passengerNeutralSM)
    i.passengerUpSM                          0x000017a8   Section        0  statemachinesfunctions.o(i.passengerUpSM)
    i.porta_int                              0x00001848   Section        0  inputs.o(i.porta_int)
    i.portc_int                              0x00001888   Section        0  inputs.o(i.portc_int)
    i.prvAddCurrentTaskToDelayedList         0x000018cc   Section        0  tasks.o(i.prvAddCurrentTaskToDelayedList)
    prvAddCurrentTaskToDelayedList           0x000018cd   Thumb Code    48  tasks.o(i.prvAddCurrentTaskToDelayedList)
    i.prvCheckTasksWaitingTermination        0x00001900   Section        0  tasks.o(i.prvCheckTasksWaitingTermination)
    prvCheckTasksWaitingTermination          0x00001901   Thumb Code    80  tasks.o(i.prvCheckTasksWaitingTermination)
    i.prvCopyDataFromQueue                   0x00001958   Section        0  queue.o(i.prvCopyDataFromQueue)
    prvCopyDataFromQueue                     0x00001959   Thumb Code    38  queue.o(i.prvCopyDataFromQueue)
    i.prvCopyDataToQueue                     0x0000197e   Section        0  queue.o(i.prvCopyDataToQueue)
    prvCopyDataToQueue                       0x0000197f   Thumb Code   110  queue.o(i.prvCopyDataToQueue)
    i.prvIdleTask                            0x000019ec   Section        0  tasks.o(i.prvIdleTask)
    prvIdleTask                              0x000019ed   Thumb Code     6  tasks.o(i.prvIdleTask)
    i.prvResetNextTaskUnblockTime            0x000019f4   Section        0  tasks.o(i.prvResetNextTaskUnblockTime)
    prvResetNextTaskUnblockTime              0x000019f5   Thumb Code    26  tasks.o(i.prvResetNextTaskUnblockTime)
    i.prvTaskExitError                       0x00001a14   Section        0  port.o(i.prvTaskExitError)
    prvTaskExitError                         0x00001a15   Thumb Code    16  port.o(i.prvTaskExitError)
    i.prvUnlockQueue                         0x00001a24   Section        0  queue.o(i.prvUnlockQueue)
    prvUnlockQueue                           0x00001a25   Thumb Code   100  queue.o(i.prvUnlockQueue)
    i.pvPortMalloc                           0x00001a88   Section        0  heap_2.o(i.pvPortMalloc)
    i.pvTaskIncrementMutexHeldCount          0x00001b3c   Section        0  tasks.o(i.pvTaskIncrementMutexHeldCount)
    i.pxPortInitialiseStack                  0x00001b54   Section        0  port.o(i.pxPortInitialiseStack)
    i.safeSM                                 0x00001b7c   Section        0  statemachinesfunctions.o(i.safeSM)
    i.turnLeft                               0x00001bc4   Section        0  output_ports.o(i.turnLeft)
    i.turnRight                              0x00001bdc   Section        0  output_ports.o(i.turnRight)
    i.uxListRemove                           0x00001bf4   Section        0  list.o(i.uxListRemove)
    i.vApplicationStackOverflowHook          0x00001c18   Section        0  freertos_demo.o(i.vApplicationStackOverflowHook)
    i.vFastStopHandlerTask                   0x00001c1c   Section        0  taskhandlers.o(i.vFastStopHandlerTask)
    i.vListInitialise                        0x00001c44   Section        0  list.o(i.vListInitialise)
    i.vListInitialiseItem                    0x00001c5a   Section        0  list.o(i.vListInitialiseItem)
    i.vListInsert                            0x00001c60   Section        0  list.o(i.vListInsert)
    i.vListInsertEnd                         0x00001c90   Section        0  list.o(i.vListInsertEnd)
    i.vMainHandlerTask                       0x00001ca8   Section        0  taskhandlers.o(i.vMainHandlerTask)
    i.vPortEnterCritical                     0x00001cdc   Section        0  port.o(i.vPortEnterCritical)
    i.vPortExitCritical                      0x00001cf8   Section        0  port.o(i.vPortExitCritical)
    i.vPortFree                              0x00001d0c   Section        0  heap_2.o(i.vPortFree)
    i.vPortSetupTimerInterrupt               0x00001d48   Section        0  port.o(i.vPortSetupTimerInterrupt)
    i.vTaskMissedYield                       0x00001d58   Section        0  tasks.o(i.vTaskMissedYield)
    i.vTaskPlaceOnEventList                  0x00001d64   Section        0  tasks.o(i.vTaskPlaceOnEventList)
    i.vTaskPriorityInherit                   0x00001db4   Section        0  tasks.o(i.vTaskPriorityInherit)
    i.vTaskSetTimeOutState                   0x00001e38   Section        0  tasks.o(i.vTaskSetTimeOutState)
    i.vTaskStartScheduler                    0x00001e48   Section        0  tasks.o(i.vTaskStartScheduler)
    i.vTaskSuspendAll                        0x00001e9c   Section        0  tasks.o(i.vTaskSuspendAll)
    i.vTaskSwitchContext                     0x00001eac   Section        0  tasks.o(i.vTaskSwitchContext)
    i.vTurnLeftHandlerTask                   0x00001f1c   Section        0  taskhandlers.o(i.vTurnLeftHandlerTask)
    i.vTurnRightHandlerTask                  0x00001f44   Section        0  taskhandlers.o(i.vTurnRightHandlerTask)
    i.xPortStartScheduler                    0x00001f6c   Section        0  port.o(i.xPortStartScheduler)
    i.xPortSysTickHandler                    0x00001fac   Section        0  port.o(i.xPortSysTickHandler)
    i.xQueueGenericCreate                    0x00001fd8   Section        0  queue.o(i.xQueueGenericCreate)
    i.xQueueGenericReceive                   0x00002020   Section        0  queue.o(i.xQueueGenericReceive)
    i.xQueueGenericReset                     0x0000214c   Section        0  queue.o(i.xQueueGenericReset)
    i.xQueueGenericSend                      0x000021bc   Section        0  queue.o(i.xQueueGenericSend)
    i.xQueueGenericSendFromISR               0x000022bc   Section        0  queue.o(i.xQueueGenericSendFromISR)
    i.xTaskCheckForTimeOut                   0x0000231c   Section        0  tasks.o(i.xTaskCheckForTimeOut)
    i.xTaskGenericCreate                     0x00002364   Section        0  tasks.o(i.xTaskGenericCreate)
    i.xTaskGetTickCountFromISR               0x000024ec   Section        0  tasks.o(i.xTaskGetTickCountFromISR)
    i.xTaskIncrementTick                     0x000024f8   Section        0  tasks.o(i.xTaskIncrementTick)
    i.xTaskPriorityDisinherit                0x000025ac   Section        0  tasks.o(i.xTaskPriorityDisinherit)
    i.xTaskRemoveFromEventList               0x0000261c   Section        0  tasks.o(i.xTaskRemoveFromEventList)
    i.xTaskResumeAll                         0x00002680   Section        0  tasks.o(i.xTaskResumeAll)
    .constdata                               0x00002730   Section       28  uartstdio.o(.constdata)
    g_pcHex                                  0x00002730   Data           4  uartstdio.o(.constdata)
    g_ui32UARTBase                           0x00002734   Data          12  uartstdio.o(.constdata)
    g_ui32UARTPeriph                         0x00002740   Data          12  uartstdio.o(.constdata)
    .constdata                               0x0000274c   Section      552  gpio.o(.constdata)
    g_ppui32GPIOIntMapBlizzard               0x0000274c   Data         192  gpio.o(.constdata)
    g_ppui32GPIOIntMapSnowflake              0x0000280c   Data         216  gpio.o(.constdata)
    g_pui32GPIOBaseAddrs                     0x000028e4   Data         144  gpio.o(.constdata)
    .constdata                               0x00002974   Section      160  timer.o(.constdata)
    g_ppui32TimerIntMap                      0x00002974   Data          96  timer.o(.constdata)
    g_ppui32TimerIntMapSnowflake             0x000029d4   Data          64  timer.o(.constdata)
    .constdata                               0x00002a14   Section      268  interrupt.o(.constdata)
    g_pui32Priority                          0x00002a14   Data          32  interrupt.o(.constdata)
    g_pui32Regs                              0x00002a34   Data         156  interrupt.o(.constdata)
    g_pui32EnRegs                            0x00002ad0   Data          20  interrupt.o(.constdata)
    g_pui32Dii16Regs                         0x00002ae4   Data          20  interrupt.o(.constdata)
    g_pui32PendRegs                          0x00002af8   Data          20  interrupt.o(.constdata)
    g_pui32UnpendRegs                        0x00002b0c   Data          20  interrupt.o(.constdata)
    .conststring                             0x00002b20   Section       17  uartstdio.o(.conststring)
    .data                                    0x20000000   Section       24  freertos_demo.o(.data)
    xTimeISRLastExecuted_A                   0x20000000   Data           4  freertos_demo.o(.data)
    xTimeISRLastExecuted_C                   0x20000004   Data           4  freertos_demo.o(.data)
    .data                                    0x20000018   Section       24  heap_2.o(.data)
    xFreeBytesRemaining                      0x20000018   Data           4  heap_2.o(.data)
    xHeapHasBeenInitialised                  0x2000001c   Data           4  heap_2.o(.data)
    xStart                                   0x20000020   Data           8  heap_2.o(.data)
    xEnd                                     0x20000028   Data           8  heap_2.o(.data)
    .data                                    0x20000030   Section        4  port.o(.data)
    uxCriticalNesting                        0x20000030   Data           4  port.o(.data)
    .data                                    0x20000034   Section       56  tasks.o(.data)
    uxTasksDeleted                           0x20000038   Data           4  tasks.o(.data)
    uxCurrentNumberOfTasks                   0x2000003c   Data           4  tasks.o(.data)
    xTickCount                               0x20000040   Data           4  tasks.o(.data)
    uxTopReadyPriority                       0x20000044   Data           4  tasks.o(.data)
    xSchedulerRunning                        0x20000048   Data           4  tasks.o(.data)
    uxPendedTicks                            0x2000004c   Data           4  tasks.o(.data)
    xYieldPending                            0x20000050   Data           4  tasks.o(.data)
    xNumOfOverflows                          0x20000054   Data           4  tasks.o(.data)
    uxTaskNumber                             0x20000058   Data           4  tasks.o(.data)
    xNextTaskUnblockTime                     0x2000005c   Data           4  tasks.o(.data)
    uxSchedulerSuspended                     0x20000060   Data           4  tasks.o(.data)
    pxDelayedTaskList                        0x20000064   Data           4  tasks.o(.data)
    pxOverflowDelayedTaskList                0x20000068   Data           4  tasks.o(.data)
    .data                                    0x2000006c   Section        8  uartstdio.o(.data)
    bLastWasCR                               0x2000006c   Data           1  uartstdio.o(.data)
    g_ui32Base                               0x20000070   Data           4  uartstdio.o(.data)
    .data                                    0x20000074   Section       28  statemachinesfunctions.o(.data)
    vtable                                   0x20000400   Section      620  interrupt.o(vtable)
    g_pfnRAMVectors                          0x20000400   Data         620  interrupt.o(vtable)
    .bss                                     0x2000066c   Section       88  freertos_demo.o(.bss)
    .bss                                     0x200006c4   Section    30000  heap_2.o(.bss)
    ucHeap                                   0x200006c4   Data       30000  heap_2.o(.bss)
    .bss                                     0x20007bf4   Section      420  tasks.o(.bss)
    pxReadyTasksLists                        0x20007bf4   Data         320  tasks.o(.bss)
    xDelayedTaskList1                        0x20007d34   Data          20  tasks.o(.bss)
    xDelayedTaskList2                        0x20007d48   Data          20  tasks.o(.bss)
    xPendingReadyList                        0x20007d5c   Data          20  tasks.o(.bss)
    xTasksWaitingTermination                 0x20007d70   Data          20  tasks.o(.bss)
    xSuspendedTaskList                       0x20007d84   Data          20  tasks.o(.bss)
    STACK                                    0x20007d98   Section      512  startup_rvmdk.o(STACK)
    StackMem                                 0x20007d98   Data           0  startup_rvmdk.o(STACK)

    Global Symbols

    Symbol Name                              Value     Ov Type        Size  Object(Section)

    BuildAttributes$$THM_ISAv4$E$P$D$K$B$S$7EM$VFPi3$EXTD16$VFPS$VFMA$PE$A:L22UL41UL21$X:L11$S22US41US21$IEEE1$IW$USESV6$~STKCKD$USESV7$~SHL$OTIME$ROPI$EBA8$MICROLIB$REQ8$PRES8$EABIv2 0x00000000   Number         0  anon$$obj.o ABSOLUTE
    __ARM_use_no_argv                        0x00000000   Number         0  freertos_demo.o ABSOLUTE
    __Vectors                                0x00000000   Data           0  startup_rvmdk.o(RESET)
    __cpp_initialize__aeabi_                  - Undefined Weak Reference
    __cxa_finalize                            - Undefined Weak Reference
    _clock_init                               - Undefined Weak Reference
    _microlib_exit                            - Undefined Weak Reference
    Reset_Handler                            0x0000026d   Thumb Code     0  startup_rvmdk.o(RESET)
    __main                                   0x00000289   Thumb Code     0  entry.o(.ARM.Collect$$$$00000000)
    _main_stk                                0x00000289   Thumb Code     0  entry2.o(.ARM.Collect$$$$00000001)
    _main_scatterload                        0x0000028d   Thumb Code     0  entry5.o(.ARM.Collect$$$$00000004)
    __main_after_scatterload                 0x00000291   Thumb Code     0  entry5.o(.ARM.Collect$$$$00000004)
    _main_clock                              0x00000291   Thumb Code     0  entry7b.o(.ARM.Collect$$$$00000008)
    _main_cpp_init                           0x00000291   Thumb Code     0  entry8b.o(.ARM.Collect$$$$0000000A)
    _main_init                               0x00000291   Thumb Code     0  entry9a.o(.ARM.Collect$$$$0000000B)
    __rt_final_cpp                           0x00000299   Thumb Code     0  entry10a.o(.ARM.Collect$$$$0000000D)
    __rt_final_exit                          0x00000299   Thumb Code     0  entry11a.o(.ARM.Collect$$$$0000000F)
    vPortSVCHandler                          0x0000029d   Thumb Code    28  port.o(.emb_text)
    __asm___6_port_c_39a90d8d__prvStartFirstTask 0x000002bd   Thumb Code    28  port.o(.emb_text)
    __asm___6_port_c_39a90d8d__prvEnableVFP  0x000002dd   Thumb Code    16  port.o(.emb_text)
    xPortPendSVHandler                       0x000002f1   Thumb Code    88  port.o(.emb_text)
    vPortGetIPSR                             0x0000034d   Thumb Code     6  port.o(.emb_text)
    __aeabi_memcpy                           0x00000353   Thumb Code    36  memcpya.o(.text)
    __aeabi_memcpy4                          0x00000353   Thumb Code     0  memcpya.o(.text)
    __aeabi_memcpy8                          0x00000353   Thumb Code     0  memcpya.o(.text)
    __aeabi_memset                           0x00000377   Thumb Code    14  memseta.o(.text)
    __aeabi_memset4                          0x00000377   Thumb Code     0  memseta.o(.text)
    __aeabi_memset8                          0x00000377   Thumb Code     0  memseta.o(.text)
    __aeabi_memclr                           0x00000385   Thumb Code     4  memseta.o(.text)
    __aeabi_memclr4                          0x00000385   Thumb Code     0  memseta.o(.text)
    __aeabi_memclr8                          0x00000385   Thumb Code     0  memseta.o(.text)
    _memset$wrapper                          0x00000389   Thumb Code    18  memseta.o(.text)
    strlen                                   0x0000039b   Thumb Code    14  strlen.o(.text)
    __scatterload                            0x000003a9   Thumb Code    28  init.o(.text)
    __scatterload_rt2                        0x000003a9   Thumb Code     0  init.o(.text)
    __decompress                             0x000003cd   Thumb Code     0  __dczerorl2.o(.text)
    __decompress1                            0x000003cd   Thumb Code    92  __dczerorl2.o(.text)
    ConfigureUART                            0x00000429   Thumb Code    76  freertos_demo.o(i.ConfigureUART)
    GPIODirModeSet                           0x00000485   Thumb Code    40  gpio.o(i.GPIODirModeSet)
    GPIOIntClear                             0x000004ad   Thumb Code     6  gpio.o(i.GPIOIntClear)
    GPIOIntDisable                           0x000004b3   Thumb Code    14  gpio.o(i.GPIOIntDisable)
    GPIOIntEnable                            0x000004c1   Thumb Code    12  gpio.o(i.GPIOIntEnable)
    GPIOIntRegister                          0x000004cd   Thumb Code    26  gpio.o(i.GPIOIntRegister)
    GPIOIntStatus                            0x000004e7   Thumb Code    14  gpio.o(i.GPIOIntStatus)
    GPIOIntTypeSet                           0x000004f5   Thumb Code    80  gpio.o(i.GPIOIntTypeSet)
    GPIOPadConfigSet                         0x00000545   Thumb Code   312  gpio.o(i.GPIOPadConfigSet)
    GPIOPinRead                              0x0000067d   Thumb Code     6  gpio.o(i.GPIOPinRead)
    GPIOPinTypeGPIOInput                     0x00000683   Thumb Code    28  gpio.o(i.GPIOPinTypeGPIOInput)
    GPIOPinTypeGPIOOutput                    0x0000069f   Thumb Code    28  gpio.o(i.GPIOPinTypeGPIOOutput)
    GPIOPinWrite                             0x000006bb   Thumb Code     6  gpio.o(i.GPIOPinWrite)
    IntEnable                                0x000006c1   Thumb Code    92  interrupt.o(i.IntEnable)
    IntRegister                              0x00000725   Thumb Code    44  interrupt.o(i.IntRegister)
    LCD_command                              0x00000759   Thumb Code    48  lcd.o(i.LCD_command)
    LCD_data                                 0x00000789   Thumb Code    34  lcd.o(i.LCD_data)
    LCD_nibble_write                         0x000007ad   Thumb Code    78  lcd.o(i.LCD_nibble_write)
    Limit_Handler                            0x00000805   Thumb Code   102  freertos_demo.o(i.Limit_Handler)
    SysCtlPeripheralEnable                   0x00000891   Thumb Code    36  sysctl.o(i.SysCtlPeripheralEnable)
    SysCtlPeripheralReady                    0x000008b9   Thumb Code    40  sysctl.o(i.SysCtlPeripheralReady)
    TimerIntRegister                         0x000008e5   Thumb Code    88  timer.o(i.TimerIntRegister)
    UARTClockSourceSet                       0x0000094d   Thumb Code     6  uart.o(i.UARTClockSourceSet)
    UARTStdioConfig                          0x00000955   Thumb Code    82  uartstdio.o(i.UARTStdioConfig)
    UARTprintf                               0x000009b1   Thumb Code    18  uartstdio.o(i.UARTprintf)
    UARTvprintf                              0x000009c5   Thumb Code   420  uartstdio.o(i.UARTvprintf)
    UARTwrite                                0x00000b79   Thumb Code    56  uartstdio.o(i.UARTwrite)
    Window_Handler                           0x00000bb5   Thumb Code   206  freertos_demo.o(i.Window_Handler)
    __scatterload_copy                       0x00000d09   Thumb Code    14  handlers.o(i.__scatterload_copy)
    __scatterload_null                       0x00000d17   Thumb Code     2  handlers.o(i.__scatterload_null)
    __scatterload_zeroinit                   0x00000d19   Thumb Code    14  handlers.o(i.__scatterload_zeroinit)
    autoDriverDownSM                         0x00000d27   Thumb Code     2  statemachinesfunctions.o(i.autoDriverDownSM)
    autoDriverUpSM                           0x00000d29   Thumb Code     2  statemachinesfunctions.o(i.autoDriverUpSM)
    autoPassengerDownSM                      0x00000d2b   Thumb Code     2  statemachinesfunctions.o(i.autoPassengerDownSM)
    autoPassengerUpSM                        0x00000d2d   Thumb Code     2  statemachinesfunctions.o(i.autoPassengerUpSM)
    autoTimerHandler                         0x00000d31   Thumb Code    46  freertos_demo.o(i.autoTimerHandler)
    clear                                    0x00000d71   Thumb Code    24  lcd_state.o(i.clear)
    configureAutoTimer                       0x00000d89   Thumb Code    60  timers.o(i.configureAutoTimer)
    deadSM                                   0x00000dcd   Thumb Code    34  statemachinesfunctions.o(i.deadSM)
    delayMs                                  0x00000e09   Thumb Code    24  delay.o(i.delayMs)
    delayUs                                  0x00000e21   Thumb Code    20  delay.o(i.delayUs)
    displayString                            0x00000e35   Thumb Code    52  lcd_state.o(i.displayString)
    driverDownSM                             0x00000e69   Thumb Code   116  statemachinesfunctions.o(i.driverDownSM)
    driverNeutralSM                          0x00000f11   Thumb Code   120  statemachinesfunctions.o(i.driverNeutralSM)
    driverUpSM                               0x00000fb5   Thumb Code   160  statemachinesfunctions.o(i.driverUpSM)
    dyingSM                                  0x0000109d   Thumb Code    28  statemachinesfunctions.o(i.dyingSM)
    emergencyDownSM                          0x000010c5   Thumb Code    52  statemachinesfunctions.o(i.emergencyDownSM)
    enable                                   0x00001115   Thumb Code    10  output_ports.o(i.enable)
    enableAutoTimer                          0x00001125   Thumb Code    40  timers.o(i.enableAutoTimer)
    fastStop                                 0x00001151   Thumb Code    20  output_ports.o(i.fastStop)
    iniDriverDownSM                          0x00001169   Thumb Code    44  statemachinesfunctions.o(i.iniDriverDownSM)
    iniDriverUpSM                            0x000011bd   Thumb Code    44  statemachinesfunctions.o(i.iniDriverUpSM)
    iniPassengerDownSM                       0x0000120d   Thumb Code    38  statemachinesfunctions.o(i.iniPassengerDownSM)
    init_input                               0x00001261   Thumb Code   158  inputs.o(i.init_input)
    init_output                              0x00001315   Thumb Code    50  output_ports.o(i.init_output)
    main                                     0x00001351   Thumb Code   302  freertos_demo.o(i.main)
    manualDriverDownSM                       0x00001571   Thumb Code    48  statemachinesfunctions.o(i.manualDriverDownSM)
    manualDriverUpSM                         0x000015bd   Thumb Code    48  statemachinesfunctions.o(i.manualDriverUpSM)
    manualPassengerDownSM                    0x00001609   Thumb Code    52  statemachinesfunctions.o(i.manualPassengerDownSM)
    manualPassengerUpSM                      0x00001659   Thumb Code    52  statemachinesfunctions.o(i.manualPassengerUpSM)
    passengerDownSM                          0x000016a9   Thumb Code    74  statemachinesfunctions.o(i.passengerDownSM)
    passengerNeutralSM                       0x00001715   Thumb Code    98  statemachinesfunctions.o(i.passengerNeutralSM)
    passengerUpSM                            0x000017a9   Thumb Code   108  statemachinesfunctions.o(i.passengerUpSM)
    porta_int                                0x00001849   Thumb Code    64  inputs.o(i.porta_int)
    portc_int                                0x00001889   Thumb Code    62  inputs.o(i.portc_int)
    pvPortMalloc                             0x00001a89   Thumb Code   172  heap_2.o(i.pvPortMalloc)
    pvTaskIncrementMutexHeldCount            0x00001b3d   Thumb Code    18  tasks.o(i.pvTaskIncrementMutexHeldCount)
    pxPortInitialiseStack                    0x00001b55   Thumb Code    36  port.o(i.pxPortInitialiseStack)
    safeSM                                   0x00001b7d   Thumb Code    54  statemachinesfunctions.o(i.safeSM)
    turnLeft                                 0x00001bc5   Thumb Code    20  output_ports.o(i.turnLeft)
    turnRight                                0x00001bdd   Thumb Code    20  output_ports.o(i.turnRight)
    uxListRemove                             0x00001bf5   Thumb Code    36  list.o(i.uxListRemove)
    vApplicationStackOverflowHook            0x00001c19   Thumb Code     2  freertos_demo.o(i.vApplicationStackOverflowHook)
    vFastStopHandlerTask                     0x00001c1d   Thumb Code    36  taskhandlers.o(i.vFastStopHandlerTask)
    vListInitialise                          0x00001c45   Thumb Code    22  list.o(i.vListInitialise)
    vListInitialiseItem                      0x00001c5b   Thumb Code     6  list.o(i.vListInitialiseItem)
    vListInsert                              0x00001c61   Thumb Code    48  list.o(i.vListInsert)
    vListInsertEnd                           0x00001c91   Thumb Code    24  list.o(i.vListInsertEnd)
    vMainHandlerTask                         0x00001ca9   Thumb Code    38  taskhandlers.o(i.vMainHandlerTask)
    vPortEnterCritical                       0x00001cdd   Thumb Code    24  port.o(i.vPortEnterCritical)
    vPortExitCritical                        0x00001cf9   Thumb Code    16  port.o(i.vPortExitCritical)
    vPortFree                                0x00001d0d   Thumb Code    56  heap_2.o(i.vPortFree)
    vPortSetupTimerInterrupt                 0x00001d49   Thumb Code    16  port.o(i.vPortSetupTimerInterrupt)
    vTaskMissedYield                         0x00001d59   Thumb Code     8  tasks.o(i.vTaskMissedYield)
    vTaskPlaceOnEventList                    0x00001d65   Thumb Code    70  tasks.o(i.vTaskPlaceOnEventList)
    vTaskPriorityInherit                     0x00001db5   Thumb Code   124  tasks.o(i.vTaskPriorityInherit)
    vTaskSetTimeOutState                     0x00001e39   Thumb Code    12  tasks.o(i.vTaskSetTimeOutState)
    vTaskStartScheduler                      0x00001e49   Thumb Code    66  tasks.o(i.vTaskStartScheduler)
    vTaskSuspendAll                          0x00001e9d   Thumb Code    10  tasks.o(i.vTaskSuspendAll)
    vTaskSwitchContext                       0x00001ead   Thumb Code   104  tasks.o(i.vTaskSwitchContext)
    vTurnLeftHandlerTask                     0x00001f1d   Thumb Code    36  taskhandlers.o(i.vTurnLeftHandlerTask)
    vTurnRightHandlerTask                    0x00001f45   Thumb Code    36  taskhandlers.o(i.vTurnRightHandlerTask)
    xPortStartScheduler                      0x00001f6d   Thumb Code    52  port.o(i.xPortStartScheduler)
    xPortSysTickHandler                      0x00001fad   Thumb Code    38  port.o(i.xPortSysTickHandler)
    xQueueGenericCreate                      0x00001fd9   Thumb Code    72  queue.o(i.xQueueGenericCreate)
    xQueueGenericReceive                     0x00002021   Thumb Code   296  queue.o(i.xQueueGenericReceive)
    xQueueGenericReset                       0x0000214d   Thumb Code   106  queue.o(i.xQueueGenericReset)
    xQueueGenericSend                        0x000021bd   Thumb Code   252  queue.o(i.xQueueGenericSend)
    xQueueGenericSendFromISR                 0x000022bd   Thumb Code    96  queue.o(i.xQueueGenericSendFromISR)
    xTaskCheckForTimeOut                     0x0000231d   Thumb Code    66  tasks.o(i.xTaskCheckForTimeOut)
    xTaskGenericCreate                       0x00002365   Thumb Code   376  tasks.o(i.xTaskGenericCreate)
    xTaskGetTickCountFromISR                 0x000024ed   Thumb Code     6  tasks.o(i.xTaskGetTickCountFromISR)
    xTaskIncrementTick                       0x000024f9   Thumb Code   172  tasks.o(i.xTaskIncrementTick)
    xTaskPriorityDisinherit                  0x000025ad   Thumb Code   102  tasks.o(i.xTaskPriorityDisinherit)
    xTaskRemoveFromEventList                 0x0000261d   Thumb Code    88  tasks.o(i.xTaskRemoveFromEventList)
    xTaskResumeAll                           0x00002681   Thumb Code   164  tasks.o(i.xTaskResumeAll)
    Region$$Table$$Base                      0x00002b34   Number         0  anon$$obj.o(Region$$Table)
    Region$$Table$$Limit                     0x00002b54   Number         0  anon$$obj.o(Region$$Table)
    xTurnRightSemaphore                      0x20000008   Data           4  freertos_demo.o(.data)
    xTurnLeftSemaphore                       0x2000000c   Data           4  freertos_demo.o(.data)
    xFastStopSemaphore                       0x20000010   Data           4  freertos_demo.o(.data)
    eventQueue                               0x20000014   Data           4  freertos_demo.o(.data)
    pxCurrentTCB                             0x20000034   Data           4  tasks.o(.data)
    stateDepth                               0x20000074   Data           4  statemachinesfunctions.o(.data)
    state                                    0x20000078   Data          24  statemachinesfunctions.o(.data)
    stateMachines                            0x2000066c   Data          88  freertos_demo.o(.bss)
    __initial_sp                             0x20007f98   Data           0  startup_rvmdk.o(STACK)



==============================================================================

Memory Map of the image

  Image Entry point : 0x0000026d

  Load Region LR_IROM (Base: 0x00000000, Size: 0x000031c0, Max: 0x00040000, ABSOLUTE, COMPRESSED[0x00002b70])

    Execution Region ER_IROM (Base: 0x00000000, Size: 0x00002b54, Max: 0x00040000, ABSOLUTE)

    Base Addr    Size         Type   Attr      Idx    E Section Name        Object

    0x00000000   0x00000288   Code   RO          610  * RESET               startup_rvmdk.o
    0x00000288   0x00000000   Code   RO         2800  * .ARM.Collect$$$$00000000  mc_w.l(entry.o)
    0x00000288   0x00000004   Code   RO         2813    .ARM.Collect$$$$00000001  mc_w.l(entry2.o)
    0x0000028c   0x00000004   Code   RO         2816    .ARM.Collect$$$$00000004  mc_w.l(entry5.o)
    0x00000290   0x00000000   Code   RO         2818    .ARM.Collect$$$$00000008  mc_w.l(entry7b.o)
    0x00000290   0x00000000   Code   RO         2820    .ARM.Collect$$$$0000000A  mc_w.l(entry8b.o)
    0x00000290   0x00000008   Code   RO         2821    .ARM.Collect$$$$0000000B  mc_w.l(entry9a.o)
    0x00000298   0x00000000   Code   RO         2823    .ARM.Collect$$$$0000000D  mc_w.l(entry10a.o)
    0x00000298   0x00000000   Code   RO         2825    .ARM.Collect$$$$0000000F  mc_w.l(entry11a.o)
    0x00000298   0x00000004   Code   RO         2814    .ARM.Collect$$$$00002712  mc_w.l(entry2.o)
    0x0000029c   0x000000b6   Code   RO          293    .emb_text           port.o
    0x00000352   0x00000024   Code   RO         2803    .text               mc_w.l(memcpya.o)
    0x00000376   0x00000024   Code   RO         2805    .text               mc_w.l(memseta.o)
    0x0000039a   0x0000000e   Code   RO         2807    .text               mc_w.l(strlen.o)
    0x000003a8   0x00000024   Code   RO         2830    .text               mc_w.l(init.o)
    0x000003cc   0x0000005c   Code   RO         2840    .text               mc_w.l(__dczerorl2.o)
    0x00000428   0x0000005c   Code   RO            1    i.ConfigureUART     freertos_demo.o
    0x00000484   0x00000028   Code   RO         1463    i.GPIODirModeSet    driverlib.lib(gpio.o)
    0x000004ac   0x00000006   Code   RO         1464    i.GPIOIntClear      driverlib.lib(gpio.o)
    0x000004b2   0x0000000e   Code   RO         1465    i.GPIOIntDisable    driverlib.lib(gpio.o)
    0x000004c0   0x0000000c   Code   RO         1466    i.GPIOIntEnable     driverlib.lib(gpio.o)
    0x000004cc   0x0000001a   Code   RO         1467    i.GPIOIntRegister   driverlib.lib(gpio.o)
    0x000004e6   0x0000000e   Code   RO         1469    i.GPIOIntStatus     driverlib.lib(gpio.o)
    0x000004f4   0x00000050   Code   RO         1471    i.GPIOIntTypeSet    driverlib.lib(gpio.o)
    0x00000544   0x00000138   Code   RO         1475    i.GPIOPadConfigSet  driverlib.lib(gpio.o)
    0x0000067c   0x00000006   Code   RO         1477    i.GPIOPinRead       driverlib.lib(gpio.o)
    0x00000682   0x0000001c   Code   RO         1486    i.GPIOPinTypeGPIOInput  driverlib.lib(gpio.o)
    0x0000069e   0x0000001c   Code   RO         1487    i.GPIOPinTypeGPIOOutput  driverlib.lib(gpio.o)
    0x000006ba   0x00000006   Code   RO         1505    i.GPIOPinWrite      driverlib.lib(gpio.o)
    0x000006c0   0x00000064   Code   RO         2691    i.IntEnable         driverlib.lib(interrupt.o)
    0x00000724   0x00000034   Code   RO         2703    i.IntRegister       driverlib.lib(interrupt.o)
    0x00000758   0x00000030   Code   RO         1377    i.LCD_command       lcd.o
    0x00000788   0x00000022   Code   RO         1378    i.LCD_data          lcd.o
    0x000007aa   0x00000002   PAD
    0x000007ac   0x00000058   Code   RO         1380    i.LCD_nibble_write  lcd.o
    0x00000804   0x0000008c   Code   RO            2    i.Limit_Handler     freertos_demo.o
    0x00000890   0x00000028   Code   RO         1823    i.SysCtlPeripheralEnable  driverlib.lib(sysctl.o)
    0x000008b8   0x0000002c   Code   RO         1827    i.SysCtlPeripheralReady  driverlib.lib(sysctl.o)
    0x000008e4   0x00000068   Code   RO         2160    i.TimerIntRegister  driverlib.lib(timer.o)
    0x0000094c   0x00000006   Code   RO         2397    i.UARTClockSourceSet  driverlib.lib(uart.o)
    0x00000952   0x00000002   PAD
    0x00000954   0x0000005c   Code   RO          925    i.UARTStdioConfig   uartstdio.o
    0x000009b0   0x00000012   Code   RO          928    i.UARTprintf        uartstdio.o
    0x000009c2   0x00000002   PAD
    0x000009c4   0x000001b4   Code   RO          929    i.UARTvprintf       uartstdio.o
    0x00000b78   0x0000003c   Code   RO          930    i.UARTwrite         uartstdio.o
    0x00000bb4   0x00000104   Code   RO            4    i.Window_Handler    freertos_demo.o
    0x00000cb8   0x00000050   Code   RO         1506    i._GPIOIntNumberGet  driverlib.lib(gpio.o)
    0x00000d08   0x0000000e   Code   RO         2834    i.__scatterload_copy  mc_w.l(handlers.o)
    0x00000d16   0x00000002   Code   RO         2835    i.__scatterload_null  mc_w.l(handlers.o)
    0x00000d18   0x0000000e   Code   RO         2836    i.__scatterload_zeroinit  mc_w.l(handlers.o)
    0x00000d26   0x00000002   Code   RO         1214    i.autoDriverDownSM  statemachinesfunctions.o
    0x00000d28   0x00000002   Code   RO         1215    i.autoDriverUpSM    statemachinesfunctions.o
    0x00000d2a   0x00000002   Code   RO         1216    i.autoPassengerDownSM  statemachinesfunctions.o
    0x00000d2c   0x00000002   Code   RO         1217    i.autoPassengerUpSM  statemachinesfunctions.o
    0x00000d2e   0x00000002   PAD
    0x00000d30   0x00000040   Code   RO            7    i.autoTimerHandler  freertos_demo.o
    0x00000d70   0x00000018   Code   RO         1407    i.clear             lcd_state.o
    0x00000d88   0x00000044   Code   RO         1440    i.configureAutoTimer  timers.o
    0x00000dcc   0x0000003c   Code   RO         1218    i.deadSM            statemachinesfunctions.o
    0x00000e08   0x00000018   Code   RO         1362    i.delayMs           delay.o
    0x00000e20   0x00000014   Code   RO         1363    i.delayUs           delay.o
    0x00000e34   0x00000034   Code   RO         1408    i.displayString     lcd_state.o
    0x00000e68   0x000000a8   Code   RO         1219    i.driverDownSM      statemachinesfunctions.o
    0x00000f10   0x000000a4   Code   RO         1220    i.driverNeutralSM   statemachinesfunctions.o
    0x00000fb4   0x000000e8   Code   RO         1221    i.driverUpSM        statemachinesfunctions.o
    0x0000109c   0x00000028   Code   RO         1222    i.dyingSM           statemachinesfunctions.o
    0x000010c4   0x00000050   Code   RO         1223    i.emergencyDownSM   statemachinesfunctions.o
    0x00001114   0x00000010   Code   RO         1127    i.enable            output_ports.o
    0x00001124   0x0000002c   Code   RO         1441    i.enableAutoTimer   timers.o
    0x00001150   0x00000018   Code   RO         1128    i.fastStop          output_ports.o
    0x00001168   0x00000054   Code   RO         1224    i.iniDriverDownSM   statemachinesfunctions.o
    0x000011bc   0x00000050   Code   RO         1225    i.iniDriverUpSM     statemachinesfunctions.o
    0x0000120c   0x00000054   Code   RO         1226    i.iniPassengerDownSM  statemachinesfunctions.o
    0x00001260   0x000000b4   Code   RO         1093    i.init_input        inputs.o
    0x00001314   0x0000003c   Code   RO         1129    i.init_output       output_ports.o
    0x00001350   0x00000220   Code   RO            8    i.main              freertos_demo.o
    0x00001570   0x0000004c   Code   RO         1228    i.manualDriverDownSM  statemachinesfunctions.o
    0x000015bc   0x0000004c   Code   RO         1229    i.manualDriverUpSM  statemachinesfunctions.o
    0x00001608   0x00000050   Code   RO         1230    i.manualPassengerDownSM  statemachinesfunctions.o
    0x00001658   0x00000050   Code   RO         1231    i.manualPassengerUpSM  statemachinesfunctions.o
    0x000016a8   0x0000006c   Code   RO         1232    i.passengerDownSM   statemachinesfunctions.o
    0x00001714   0x00000094   Code   RO         1233    i.passengerNeutralSM  statemachinesfunctions.o
    0x000017a8   0x000000a0   Code   RO         1234    i.passengerUpSM     statemachinesfunctions.o
    0x00001848   0x00000040   Code   RO         1094    i.porta_int         inputs.o
    0x00001888   0x00000044   Code   RO         1095    i.portc_int         inputs.o
    0x000018cc   0x00000034   Code   RO          614    i.prvAddCurrentTaskToDelayedList  tasks.o
    0x00001900   0x00000058   Code   RO          615    i.prvCheckTasksWaitingTermination  tasks.o
    0x00001958   0x00000026   Code   RO          362    i.prvCopyDataFromQueue  queue.o
    0x0000197e   0x0000006e   Code   RO          363    i.prvCopyDataToQueue  queue.o
    0x000019ec   0x00000006   Code   RO          616    i.prvIdleTask       tasks.o
    0x000019f2   0x00000002   PAD
    0x000019f4   0x00000020   Code   RO          618    i.prvResetNextTaskUnblockTime  tasks.o
    0x00001a14   0x00000010   Code   RO          294    i.prvTaskExitError  port.o
    0x00001a24   0x00000064   Code   RO          364    i.prvUnlockQueue    queue.o
    0x00001a88   0x000000b4   Code   RO          181    i.pvPortMalloc      heap_2.o
    0x00001b3c   0x00000018   Code   RO          621    i.pvTaskIncrementMutexHeldCount  tasks.o
    0x00001b54   0x00000028   Code   RO          295    i.pxPortInitialiseStack  port.o
    0x00001b7c   0x00000048   Code   RO         1235    i.safeSM            statemachinesfunctions.o
    0x00001bc4   0x00000018   Code   RO         1130    i.turnLeft          output_ports.o
    0x00001bdc   0x00000018   Code   RO         1131    i.turnRight         output_ports.o
    0x00001bf4   0x00000024   Code   RO          257    i.uxListRemove      list.o
    0x00001c18   0x00000002   Code   RO            9    i.vApplicationStackOverflowHook  freertos_demo.o
    0x00001c1a   0x00000002   PAD
    0x00001c1c   0x00000028   Code   RO         1168    i.vFastStopHandlerTask  taskhandlers.o
    0x00001c44   0x00000016   Code   RO          258    i.vListInitialise   list.o
    0x00001c5a   0x00000006   Code   RO          259    i.vListInitialiseItem  list.o
    0x00001c60   0x00000030   Code   RO          260    i.vListInsert       list.o
    0x00001c90   0x00000018   Code   RO          261    i.vListInsertEnd    list.o
    0x00001ca8   0x00000034   Code   RO         1169    i.vMainHandlerTask  taskhandlers.o
    0x00001cdc   0x0000001c   Code   RO          297    i.vPortEnterCritical  port.o
    0x00001cf8   0x00000014   Code   RO          298    i.vPortExitCritical  port.o
    0x00001d0c   0x0000003c   Code   RO          182    i.vPortFree         heap_2.o
    0x00001d48   0x00000010   Code   RO          299    i.vPortSetupTimerInterrupt  port.o
    0x00001d58   0x0000000c   Code   RO          634    i.vTaskMissedYield  tasks.o
    0x00001d64   0x00000050   Code   RO          636    i.vTaskPlaceOnEventList  tasks.o
    0x00001db4   0x00000084   Code   RO          638    i.vTaskPriorityInherit  tasks.o
    0x00001e38   0x00000010   Code   RO          642    i.vTaskSetTimeOutState  tasks.o
    0x00001e48   0x00000054   Code   RO          643    i.vTaskStartScheduler  tasks.o
    0x00001e9c   0x00000010   Code   RO          645    i.vTaskSuspendAll   tasks.o
    0x00001eac   0x00000070   Code   RO          646    i.vTaskSwitchContext  tasks.o
    0x00001f1c   0x00000028   Code   RO         1170    i.vTurnLeftHandlerTask  taskhandlers.o
    0x00001f44   0x00000028   Code   RO         1171    i.vTurnRightHandlerTask  taskhandlers.o
    0x00001f6c   0x00000040   Code   RO          300    i.xPortStartScheduler  port.o
    0x00001fac   0x0000002c   Code   RO          301    i.xPortSysTickHandler  port.o
    0x00001fd8   0x00000048   Code   RO          375    i.xQueueGenericCreate  queue.o
    0x00002020   0x0000012c   Code   RO          376    i.xQueueGenericReceive  queue.o
    0x0000214c   0x00000070   Code   RO          377    i.xQueueGenericReset  queue.o
    0x000021bc   0x00000100   Code   RO          378    i.xQueueGenericSend  queue.o
    0x000022bc   0x00000060   Code   RO          379    i.xQueueGenericSendFromISR  queue.o
    0x0000231c   0x00000048   Code   RO          647    i.xTaskCheckForTimeOut  tasks.o
    0x00002364   0x00000188   Code   RO          648    i.xTaskGenericCreate  tasks.o
    0x000024ec   0x0000000c   Code   RO          653    i.xTaskGetTickCountFromISR  tasks.o
    0x000024f8   0x000000b4   Code   RO          654    i.xTaskIncrementTick  tasks.o
    0x000025ac   0x00000070   Code   RO          657    i.xTaskPriorityDisinherit  tasks.o
    0x0000261c   0x00000064   Code   RO          658    i.xTaskRemoveFromEventList  tasks.o
    0x00002680   0x000000b0   Code   RO          660    i.xTaskResumeAll    tasks.o
    0x00002730   0x0000001c   Data   RO          931    .constdata          uartstdio.o
    0x0000274c   0x00000228   Data   RO         1507    .constdata          driverlib.lib(gpio.o)
    0x00002974   0x000000a0   Data   RO         2181    .constdata          driverlib.lib(timer.o)
    0x00002a14   0x0000010c   Data   RO         2707    .constdata          driverlib.lib(interrupt.o)
    0x00002b20   0x00000011   Data   RO          932    .conststring        uartstdio.o
    0x00002b31   0x00000003   PAD
    0x00002b34   0x00000020   Data   RO         2832    Region$$Table       anon$$obj.o


    Execution Region RW_IRAM (Base: 0x20000000, Size: 0x00007f98, Max: 0x00008000, ABSOLUTE, COMPRESSED[0x0000001c])

    Base Addr    Size         Type   Attr      Idx    E Section Name        Object

    0x20000000   0x00000018   Data   RW           12    .data               freertos_demo.o
    0x20000018   0x00000018   Data   RW          186    .data               heap_2.o
    0x20000030   0x00000004   Data   RW          302    .data               port.o
    0x20000034   0x00000038   Data   RW          663    .data               tasks.o
    0x2000006c   0x00000008   Data   RW          933    .data               uartstdio.o
    0x20000074   0x0000001c   Data   RW         1236    .data               statemachinesfunctions.o
    0x20000090   0x00000370   PAD
    0x20000400   0x0000026c   Data   RW         2708    vtable              driverlib.lib(interrupt.o)
    0x2000066c   0x00000058   Zero   RW           10    .bss                freertos_demo.o
    0x200006c4   0x00007530   Zero   RW          185    .bss                heap_2.o
    0x20007bf4   0x000001a4   Zero   RW          662    .bss                tasks.o
    0x20007d98   0x00000200   Zero   RW          608    STACK               startup_rvmdk.o


==============================================================================

Image component sizes


      Code (inc. data)   RO Data    RW Data    ZI Data      Debug   Object Name

        44          0          0          0          0        960   delay.o
      1102        368          0         24         88      25710   freertos_demo.o
       240         12          0         24      30000       4579   heap_2.o
       312         28          0          0          0       1605   inputs.o
       170         10          0          0          0       1600   lcd.o
        76          0          0          0          0       1284   lcd_state.o
       136          0          0          0          0       3346   list.o
       148         28          0          0          0       2589   output_ports.o
       410         46          0          4          0      10048   port.o
      1084         14          0          0          0      17073   queue.o
       648        622          0          0        512        240   startup_rvmdk.o
      1800        622          0         28          0      12819   statemachinesfunctions.o
       172         26          0          0          0       2033   taskhandlers.o
      1698        152          0         56        420      28053   tasks.o
       112         12          0          0          0       1023   timers.o
       606         30         45          8          0       4624   uartstdio.o

    ----------------------------------------------------------------------
      8768       1970         80       1024      31020     117586   Object Totals
         0          0         32          0          0          0   (incl. Generated)
        10          0          3        880          0          0   (incl. Padding)

    ----------------------------------------------------------------------

      Code (inc. data)   RO Data    RW Data    ZI Data      Debug   Library Member Name

       652         18        552          0          0      11307   gpio.o
       152         16        268        620          0       2150   interrupt.o
        84          8          0          0          0       1021   sysctl.o
       104         16        160          0          0       1767   timer.o
         6          0          0          0          0        497   uart.o
        92          0          0          0          0          0   __dczerorl2.o
         0          0          0          0          0          0   entry.o
         0          0          0          0          0          0   entry10a.o
         0          0          0          0          0          0   entry11a.o
         8          4          0          0          0          0   entry2.o
         4          0          0          0          0          0   entry5.o
         0          0          0          0          0          0   entry7b.o
         0          0          0          0          0          0   entry8b.o
         8          4          0          0          0          0   entry9a.o
        30          0          0          0          0          0   handlers.o
        36          8          0          0          0         68   init.o
        36          0          0          0          0         68   memcpya.o
        36          0          0          0          0        108   memseta.o
        14          0          0          0          0         68   strlen.o

    ----------------------------------------------------------------------
      1264         74        980        620          0      17054   Library Totals
         2          0          0          0          0          0   (incl. Padding)

    ----------------------------------------------------------------------

      Code (inc. data)   RO Data    RW Data    ZI Data      Debug   Library Name

       998         58        980        620          0      16742   driverlib.lib
       264         16          0          0          0        312   mc_w.l

    ----------------------------------------------------------------------
      1264         74        980        620          0      17054   Library Totals

    ----------------------------------------------------------------------

==============================================================================


      Code (inc. data)   RO Data    RW Data    ZI Data      Debug   

     10032       2044       1060       1644      31020     123988   Grand Totals
     10032       2044       1060         28      31020     123988   ELF Image Totals (compressed)
     10032       2044       1060         28          0          0   ROM Totals

==============================================================================

    Total RO  Size (Code + RO Data)                11092 (  10.83kB)
    Total RW  Size (RW Data + ZI Data)             32664 (  31.90kB)
    Total ROM Size (Code + RO Data + RW Data)      11120 (  10.86kB)

==============================================================================

